[2020-10-30T18:04:21.122-0900][gc,heap] Heap region size: 1M
[2020-10-30T18:04:21.122-0900][gc,heap,coops] Heap address: 0x00000007c0000000, size: 1024 MB, Compressed Oops mode: Zero based, Oop shift amount: 3
[2020-10-30T18:04:21.132-0900][gc           ] Using G1
[2020-10-30T18:04:21.132-0900][gc,cds       ] Mark closed archive regions in map: [0x00000007fff00000, 0x00000007fff7aff8]
[2020-10-30T18:04:21.132-0900][gc,cds       ] Mark open archive regions in map: [0x00000007ffe00000, 0x00000007ffe50ff8]
[2020-10-30T18:04:21.150-0900][gc           ] Periodic GC disabled
[2020-10-30T18:04:22.672-0900][gc,start     ] GC(0) Pause Young (Normal) (G1 Evacuation Pause)
[2020-10-30T18:04:22.672-0900][gc,task      ] GC(0) Using 4 workers of 4 for evacuation
[2020-10-30T18:04:22.679-0900][gc,phases    ] GC(0)   Pre Evacuate Collection Set: 0.1ms
[2020-10-30T18:04:22.679-0900][gc,phases    ] GC(0)   Merge Heap Roots: 0.0ms
[2020-10-30T18:04:22.679-0900][gc,phases    ] GC(0)   Evacuate Collection Set: 6.3ms
[2020-10-30T18:04:22.679-0900][gc,phases    ] GC(0)   Post Evacuate Collection Set: 0.5ms
[2020-10-30T18:04:22.679-0900][gc,phases    ] GC(0)   Other: 0.4ms
[2020-10-30T18:04:22.679-0900][gc,heap      ] GC(0) Eden regions: 51->0(44)
[2020-10-30T18:04:22.679-0900][gc,heap      ] GC(0) Survivor regions: 0->7(7)
[2020-10-30T18:04:22.679-0900][gc,heap      ] GC(0) Old regions: 0->0
[2020-10-30T18:04:22.679-0900][gc,heap      ] GC(0) Archive regions: 2->2
[2020-10-30T18:04:22.679-0900][gc,heap      ] GC(0) Humongous regions: 0->0
[2020-10-30T18:04:22.679-0900][gc,metaspace ] GC(0) Metaspace: 15304K(16000K)->15304K(16000K) NonClass: 13397K(13824K)->13397K(13824K) Class: 1906K(2176K)->1906K(2176K)
[2020-10-30T18:04:22.679-0900][gc           ] GC(0) Pause Young (Normal) (G1 Evacuation Pause) 51M->6M(1024M) 7.501ms
[2020-10-30T18:04:22.680-0900][gc,cpu       ] GC(0) User=0.02s Sys=0.00s Real=0.01s
[2020-10-30T18:04:23.188-0900][gc,start     ] GC(1) Pause Young (Concurrent Start) (Metadata GC Threshold)
[2020-10-30T18:04:23.188-0900][gc,task      ] GC(1) Using 4 workers of 4 for evacuation
[2020-10-30T18:04:23.197-0900][gc,phases    ] GC(1)   Pre Evacuate Collection Set: 0.1ms
[2020-10-30T18:04:23.197-0900][gc,phases    ] GC(1)   Merge Heap Roots: 0.0ms
[2020-10-30T18:04:23.197-0900][gc,phases    ] GC(1)   Evacuate Collection Set: 8.5ms
[2020-10-30T18:04:23.197-0900][gc,phases    ] GC(1)   Post Evacuate Collection Set: 0.4ms
[2020-10-30T18:04:23.197-0900][gc,phases    ] GC(1)   Other: 0.2ms
[2020-10-30T18:04:23.197-0900][gc,heap      ] GC(1) Eden regions: 23->0(49)
[2020-10-30T18:04:23.197-0900][gc,heap      ] GC(1) Survivor regions: 7->2(7)
[2020-10-30T18:04:23.197-0900][gc,heap      ] GC(1) Old regions: 0->7
[2020-10-30T18:04:23.197-0900][gc,heap      ] GC(1) Archive regions: 2->2
[2020-10-30T18:04:23.197-0900][gc,heap      ] GC(1) Humongous regions: 129->129
[2020-10-30T18:04:23.197-0900][gc,metaspace ] GC(1) Metaspace: 20624K(21248K)->20624K(21248K) NonClass: 18071K(18432K)->18071K(18432K) Class: 2552K(2816K)->2552K(2816K)
[2020-10-30T18:04:23.197-0900][gc           ] GC(1) Pause Young (Concurrent Start) (Metadata GC Threshold) 158M->137M(1024M) 9.568ms
[2020-10-30T18:04:23.197-0900][gc,cpu       ] GC(1) User=0.02s Sys=0.01s Real=0.01s
[2020-10-30T18:04:23.197-0900][gc           ] GC(2) Concurrent Cycle
[2020-10-30T18:04:23.198-0900][gc,marking   ] GC(2) Concurrent Clear Claimed Marks
[2020-10-30T18:04:23.198-0900][gc,marking   ] GC(2) Concurrent Clear Claimed Marks 0.056ms
[2020-10-30T18:04:23.198-0900][gc,marking   ] GC(2) Concurrent Scan Root Regions
[2020-10-30T18:04:23.204-0900][gc,marking   ] GC(2) Concurrent Scan Root Regions 6.594ms
[2020-10-30T18:04:23.204-0900][gc,marking   ] GC(2) Concurrent Mark (2.091s)
[2020-10-30T18:04:23.204-0900][gc,marking   ] GC(2) Concurrent Mark From Roots
[2020-10-30T18:04:23.205-0900][gc,task      ] GC(2) Using 1 workers of 1 for marking
[2020-10-30T18:04:23.207-0900][gc,marking   ] GC(2) Concurrent Mark From Roots 2.783ms
[2020-10-30T18:04:23.207-0900][gc,marking   ] GC(2) Concurrent Preclean
[2020-10-30T18:04:23.207-0900][gc,marking   ] GC(2) Concurrent Preclean 0.054ms
[2020-10-30T18:04:23.207-0900][gc,marking   ] GC(2) Concurrent Mark (2.091s, 2.094s) 3.129ms
[2020-10-30T18:04:23.208-0900][gc,start     ] GC(2) Pause Remark
[2020-10-30T18:04:23.210-0900][gc           ] GC(2) Pause Remark 138M->138M(1024M) 1.916ms
[2020-10-30T18:04:23.210-0900][gc,cpu       ] GC(2) User=0.00s Sys=0.00s Real=0.01s
[2020-10-30T18:04:23.210-0900][gc,marking   ] GC(2) Concurrent Rebuild Remembered Sets
[2020-10-30T18:04:23.215-0900][gc,marking   ] GC(2) Concurrent Rebuild Remembered Sets 5.170ms
[2020-10-30T18:04:23.216-0900][gc,start     ] GC(2) Pause Cleanup
[2020-10-30T18:04:23.216-0900][gc           ] GC(2) Pause Cleanup 139M->139M(1024M) 0.159ms
[2020-10-30T18:04:23.216-0900][gc,cpu       ] GC(2) User=0.00s Sys=0.00s Real=0.00s
[2020-10-30T18:04:23.216-0900][gc,marking   ] GC(2) Concurrent Cleanup for Next Mark
[2020-10-30T18:04:23.228-0900][gc,marking   ] GC(2) Concurrent Cleanup for Next Mark 11.735ms
[2020-10-30T18:04:23.228-0900][gc           ] GC(2) Concurrent Cycle 30.490ms
[2020-10-30T18:04:24.101-0900][gc,start     ] GC(3) Pause Young (Normal) (G1 Evacuation Pause)
[2020-10-30T18:04:24.102-0900][gc,task      ] GC(3) Using 4 workers of 4 for evacuation
[2020-10-30T18:04:24.115-0900][gc,phases    ] GC(3)   Pre Evacuate Collection Set: 3.6ms
[2020-10-30T18:04:24.115-0900][gc,phases    ] GC(3)   Merge Heap Roots: 0.3ms
[2020-10-30T18:04:24.115-0900][gc,phases    ] GC(3)   Evacuate Collection Set: 8.0ms
[2020-10-30T18:04:24.115-0900][gc,phases    ] GC(3)   Post Evacuate Collection Set: 0.9ms
[2020-10-30T18:04:24.115-0900][gc,phases    ] GC(3)   Other: 0.8ms
[2020-10-30T18:04:24.115-0900][gc,heap      ] GC(3) Eden regions: 49->0(46)
[2020-10-30T18:04:24.115-0900][gc,heap      ] GC(3) Survivor regions: 2->5(7)
[2020-10-30T18:04:24.115-0900][gc,heap      ] GC(3) Old regions: 7->7
[2020-10-30T18:04:24.115-0900][gc,heap      ] GC(3) Archive regions: 2->2
[2020-10-30T18:04:24.115-0900][gc,heap      ] GC(3) Humongous regions: 129->129
[2020-10-30T18:04:24.115-0900][gc,metaspace ] GC(3) Metaspace: 30144K(31104K)->30144K(31104K) NonClass: 26779K(27392K)->26779K(27392K) Class: 3365K(3712K)->3365K(3712K)
[2020-10-30T18:04:24.115-0900][gc           ] GC(3) Pause Young (Normal) (G1 Evacuation Pause) 186M->140M(1024M) 13.360ms
[2020-10-30T18:04:24.115-0900][gc,cpu       ] GC(3) User=0.03s Sys=0.00s Real=0.01s
[2020-10-30T18:07:27.123-0900][gc,start     ] GC(4) Pause Young (Concurrent Start) (Metadata GC Threshold)
[2020-10-30T18:07:27.124-0900][gc,task      ] GC(4) Using 4 workers of 4 for evacuation
[2020-10-30T18:07:27.133-0900][gc,phases    ] GC(4)   Pre Evacuate Collection Set: 0.2ms
[2020-10-30T18:07:27.133-0900][gc,phases    ] GC(4)   Merge Heap Roots: 0.1ms
[2020-10-30T18:07:27.133-0900][gc,phases    ] GC(4)   Evacuate Collection Set: 8.2ms
[2020-10-30T18:07:27.133-0900][gc,phases    ] GC(4)   Post Evacuate Collection Set: 0.5ms
[2020-10-30T18:07:27.134-0900][gc,phases    ] GC(4)   Other: 1.4ms
[2020-10-30T18:07:27.134-0900][gc,heap      ] GC(4) Eden regions: 23->0(46)
[2020-10-30T18:07:27.134-0900][gc,heap      ] GC(4) Survivor regions: 5->5(7)
[2020-10-30T18:07:27.134-0900][gc,heap      ] GC(4) Old regions: 7->8
[2020-10-30T18:07:27.134-0900][gc,heap      ] GC(4) Archive regions: 2->2
[2020-10-30T18:07:27.134-0900][gc,heap      ] GC(4) Humongous regions: 129->129
[2020-10-30T18:07:27.134-0900][gc,metaspace ] GC(4) Metaspace: 34574K(35840K)->34574K(35840K) NonClass: 30556K(31232K)->30556K(31232K) Class: 4017K(4608K)->4017K(4608K)
[2020-10-30T18:07:27.134-0900][gc           ] GC(4) Pause Young (Concurrent Start) (Metadata GC Threshold) 163M->142M(1024M) 10.584ms
[2020-10-30T18:07:27.134-0900][gc,cpu       ] GC(4) User=0.03s Sys=0.01s Real=0.01s
[2020-10-30T18:07:27.134-0900][gc           ] GC(5) Concurrent Cycle
[2020-10-30T18:07:27.134-0900][gc,marking   ] GC(5) Concurrent Clear Claimed Marks
[2020-10-30T18:07:27.134-0900][gc,marking   ] GC(5) Concurrent Clear Claimed Marks 0.106ms
[2020-10-30T18:07:27.134-0900][gc,marking   ] GC(5) Concurrent Scan Root Regions
[2020-10-30T18:07:27.141-0900][gc,marking   ] GC(5) Concurrent Scan Root Regions 7.305ms
[2020-10-30T18:07:27.141-0900][gc,marking   ] GC(5) Concurrent Mark (186.023s)
[2020-10-30T18:07:27.141-0900][gc,marking   ] GC(5) Concurrent Mark From Roots
[2020-10-30T18:07:27.141-0900][gc,task      ] GC(5) Using 1 workers of 1 for marking
[2020-10-30T18:07:27.150-0900][gc,marking   ] GC(5) Concurrent Mark From Roots 8.994ms
[2020-10-30T18:07:27.150-0900][gc,marking   ] GC(5) Concurrent Preclean
[2020-10-30T18:07:27.150-0900][gc,marking   ] GC(5) Concurrent Preclean 0.059ms
[2020-10-30T18:07:27.150-0900][gc,marking   ] GC(5) Concurrent Mark (186.023s, 186.032s) 9.121ms
[2020-10-30T18:07:27.151-0900][gc,start     ] GC(5) Pause Remark
[2020-10-30T18:07:27.152-0900][gc           ] GC(5) Pause Remark 142M->142M(1024M) 1.899ms
[2020-10-30T18:07:27.152-0900][gc,cpu       ] GC(5) User=0.01s Sys=0.00s Real=0.00s
[2020-10-30T18:07:27.153-0900][gc,marking   ] GC(5) Concurrent Rebuild Remembered Sets
[2020-10-30T18:07:27.158-0900][gc,marking   ] GC(5) Concurrent Rebuild Remembered Sets 5.391ms
[2020-10-30T18:07:27.158-0900][gc,start     ] GC(5) Pause Cleanup
[2020-10-30T18:07:27.158-0900][gc           ] GC(5) Pause Cleanup 142M->142M(1024M) 0.122ms
[2020-10-30T18:07:27.158-0900][gc,cpu       ] GC(5) User=0.00s Sys=0.00s Real=0.00s
[2020-10-30T18:07:27.158-0900][gc,marking   ] GC(5) Concurrent Cleanup for Next Mark
[2020-10-30T18:07:27.166-0900][gc,marking   ] GC(5) Concurrent Cleanup for Next Mark 7.588ms
[2020-10-30T18:07:27.166-0900][gc           ] GC(5) Concurrent Cycle 32.378ms
[2020-10-30T18:13:39.024-0900][gc,start     ] GC(6) Pause Young (Normal) (G1 Evacuation Pause)
[2020-10-30T18:13:39.025-0900][gc,task      ] GC(6) Using 4 workers of 4 for evacuation
[2020-10-30T18:13:39.037-0900][gc,phases    ] GC(6)   Pre Evacuate Collection Set: 0.1ms
[2020-10-30T18:13:39.037-0900][gc,phases    ] GC(6)   Merge Heap Roots: 0.1ms
[2020-10-30T18:13:39.037-0900][gc,phases    ] GC(6)   Evacuate Collection Set: 10.5ms
[2020-10-30T18:13:39.037-0900][gc,phases    ] GC(6)   Post Evacuate Collection Set: 1.1ms
[2020-10-30T18:13:39.037-0900][gc,phases    ] GC(6)   Other: 1.3ms
[2020-10-30T18:13:39.038-0900][gc,heap      ] GC(6) Eden regions: 46->0(47)
[2020-10-30T18:13:39.038-0900][gc,heap      ] GC(6) Survivor regions: 5->4(7)
[2020-10-30T18:13:39.038-0900][gc,heap      ] GC(6) Old regions: 8->11
[2020-10-30T18:13:39.038-0900][gc,heap      ] GC(6) Archive regions: 2->2
[2020-10-30T18:13:39.038-0900][gc,heap      ] GC(6) Humongous regions: 129->129
[2020-10-30T18:13:39.038-0900][gc,metaspace ] GC(6) Metaspace: 36652K(38092K)->36652K(38092K) NonClass: 32452K(33228K)->32452K(33228K) Class: 4200K(4864K)->4200K(4864K)
[2020-10-30T18:13:39.038-0900][gc           ] GC(6) Pause Young (Normal) (G1 Evacuation Pause) 188M->143M(1024M) 13.521ms
[2020-10-30T18:13:39.038-0900][gc,cpu       ] GC(6) User=0.04s Sys=0.00s Real=0.01s
[2020-10-30T18:21:04.834-0900][gc,start     ] GC(7) Pause Young (Normal) (G1 Evacuation Pause)
[2020-10-30T18:21:04.835-0900][gc,task      ] GC(7) Using 4 workers of 4 for evacuation
[2020-10-30T18:21:04.854-0900][gc,phases    ] GC(7)   Pre Evacuate Collection Set: 3.1ms
[2020-10-30T18:21:04.854-0900][gc,phases    ] GC(7)   Merge Heap Roots: 0.1ms
[2020-10-30T18:21:04.854-0900][gc,phases    ] GC(7)   Evacuate Collection Set: 15.2ms
[2020-10-30T18:21:04.854-0900][gc,phases    ] GC(7)   Post Evacuate Collection Set: 0.8ms
[2020-10-30T18:21:04.854-0900][gc,phases    ] GC(7)   Other: 0.5ms
[2020-10-30T18:21:04.854-0900][gc,heap      ] GC(7) Eden regions: 47->0(47)
[2020-10-30T18:21:04.854-0900][gc,heap      ] GC(7) Survivor regions: 4->4(7)
[2020-10-30T18:21:04.854-0900][gc,heap      ] GC(7) Old regions: 11->11
[2020-10-30T18:21:04.854-0900][gc,heap      ] GC(7) Archive regions: 2->2
[2020-10-30T18:21:04.854-0900][gc,heap      ] GC(7) Humongous regions: 129->129
[2020-10-30T18:21:04.854-0900][gc,metaspace ] GC(7) Metaspace: 36717K(38348K)->36717K(38348K) NonClass: 32510K(33484K)->32510K(33484K) Class: 4206K(4864K)->4206K(4864K)
[2020-10-30T18:21:04.854-0900][gc           ] GC(7) Pause Young (Normal) (G1 Evacuation Pause) 190M->144M(1024M) 19.824ms
[2020-10-30T18:21:04.854-0900][gc,cpu       ] GC(7) User=0.02s Sys=0.04s Real=0.02s
[2020-10-30T18:28:53.094-0900][gc,start     ] GC(8) Pause Young (Normal) (G1 Evacuation Pause)
[2020-10-30T18:28:53.095-0900][gc,task      ] GC(8) Using 4 workers of 4 for evacuation
[2020-10-30T18:28:53.118-0900][gc,mmu       ] GC(8) MMU target violated: 21.0ms (20.0ms/21.0ms)
[2020-10-30T18:28:53.118-0900][gc,phases    ] GC(8)   Pre Evacuate Collection Set: 3.4ms
[2020-10-30T18:28:53.118-0900][gc,phases    ] GC(8)   Merge Heap Roots: 0.2ms
[2020-10-30T18:28:53.118-0900][gc,phases    ] GC(8)   Evacuate Collection Set: 17.1ms
[2020-10-30T18:28:53.118-0900][gc,phases    ] GC(8)   Post Evacuate Collection Set: 1.8ms
[2020-10-30T18:28:53.118-0900][gc,phases    ] GC(8)   Other: 1.2ms
[2020-10-30T18:28:53.118-0900][gc,heap      ] GC(8) Eden regions: 47->0(48)
[2020-10-30T18:28:53.118-0900][gc,heap      ] GC(8) Survivor regions: 4->3(7)
[2020-10-30T18:28:53.118-0900][gc,heap      ] GC(8) Old regions: 11->12
[2020-10-30T18:28:53.118-0900][gc,heap      ] GC(8) Archive regions: 2->2
[2020-10-30T18:28:53.118-0900][gc,heap      ] GC(8) Humongous regions: 129->129
[2020-10-30T18:28:53.118-0900][gc,metaspace ] GC(8) Metaspace: 36781K(38348K)->36781K(38348K) NonClass: 32574K(33484K)->32574K(33484K) Class: 4207K(4864K)->4207K(4864K)
[2020-10-30T18:28:53.118-0900][gc           ] GC(8) Pause Young (Normal) (G1 Evacuation Pause) 191M->144M(1024M) 23.908ms
[2020-10-30T18:28:53.118-0900][gc,cpu       ] GC(8) User=0.03s Sys=0.05s Real=0.02s
[2020-10-30T18:37:01.601-0900][gc,start     ] GC(9) Pause Young (Normal) (G1 Evacuation Pause)
[2020-10-30T18:37:01.602-0900][gc,task      ] GC(9) Using 4 workers of 4 for evacuation
[2020-10-30T18:37:01.639-0900][gc,mmu       ] GC(9) MMU target violated: 21.0ms (20.0ms/21.0ms)
[2020-10-30T18:37:01.639-0900][gc,phases    ] GC(9)   Pre Evacuate Collection Set: 2.0ms
[2020-10-30T18:37:01.640-0900][gc,phases    ] GC(9)   Merge Heap Roots: 0.1ms
[2020-10-30T18:37:01.640-0900][gc,phases    ] GC(9)   Evacuate Collection Set: 34.2ms
[2020-10-30T18:37:01.640-0900][gc,phases    ] GC(9)   Post Evacuate Collection Set: 1.3ms
[2020-10-30T18:37:01.640-0900][gc,phases    ] GC(9)   Other: 0.5ms
[2020-10-30T18:37:01.640-0900][gc,heap      ] GC(9) Eden regions: 48->0(48)
[2020-10-30T18:37:01.640-0900][gc,heap      ] GC(9) Survivor regions: 3->3(7)
[2020-10-30T18:37:01.640-0900][gc,heap      ] GC(9) Old regions: 12->12
[2020-10-30T18:37:01.640-0900][gc,heap      ] GC(9) Archive regions: 2->2
[2020-10-30T18:37:01.640-0900][gc,heap      ] GC(9) Humongous regions: 129->129
[2020-10-30T18:37:01.640-0900][gc,metaspace ] GC(9) Metaspace: 36837K(38348K)->36837K(38348K) NonClass: 32629K(33484K)->32629K(33484K) Class: 4208K(4864K)->4208K(4864K)
[2020-10-30T18:37:01.641-0900][gc           ] GC(9) Pause Young (Normal) (G1 Evacuation Pause) 192M->144M(1024M) 39.755ms
[2020-10-30T18:37:01.641-0900][gc,cpu       ] GC(9) User=0.02s Sys=0.04s Real=0.04s
[2020-10-30T18:45:17.807-0900][gc,start     ] GC(10) Pause Young (Normal) (G1 Evacuation Pause)
[2020-10-30T18:45:17.807-0900][gc,task      ] GC(10) Using 4 workers of 4 for evacuation
[2020-10-30T18:45:17.825-0900][gc,phases    ] GC(10)   Pre Evacuate Collection Set: 4.0ms
[2020-10-30T18:45:17.825-0900][gc,phases    ] GC(10)   Merge Heap Roots: 0.1ms
[2020-10-30T18:45:17.825-0900][gc,phases    ] GC(10)   Evacuate Collection Set: 12.7ms
[2020-10-30T18:45:17.825-0900][gc,phases    ] GC(10)   Post Evacuate Collection Set: 1.2ms
[2020-10-30T18:45:17.826-0900][gc,phases    ] GC(10)   Other: 0.6ms
[2020-10-30T18:45:17.826-0900][gc,heap      ] GC(10) Eden regions: 48->0(48)
[2020-10-30T18:45:17.826-0900][gc,heap      ] GC(10) Survivor regions: 3->3(7)
[2020-10-30T18:45:17.826-0900][gc,heap      ] GC(10) Old regions: 12->12
[2020-10-30T18:45:17.826-0900][gc,heap      ] GC(10) Archive regions: 2->2
[2020-10-30T18:45:17.826-0900][gc,heap      ] GC(10) Humongous regions: 129->129
[2020-10-30T18:45:17.826-0900][gc,metaspace ] GC(10) Metaspace: 36868K(38348K)->36868K(38348K) NonClass: 32660K(33484K)->32660K(33484K) Class: 4208K(4864K)->4208K(4864K)
[2020-10-30T18:45:17.826-0900][gc           ] GC(10) Pause Young (Normal) (G1 Evacuation Pause) 192M->144M(1024M) 18.705ms
[2020-10-30T18:45:17.826-0900][gc,cpu       ] GC(10) User=0.02s Sys=0.04s Real=0.02s
[2020-10-30T18:53:33.595-0900][gc,start     ] GC(11) Pause Young (Normal) (G1 Evacuation Pause)
[2020-10-30T18:53:33.596-0900][gc,task      ] GC(11) Using 4 workers of 4 for evacuation
[2020-10-30T18:53:33.605-0900][gc,phases    ] GC(11)   Pre Evacuate Collection Set: 0.1ms
[2020-10-30T18:53:33.605-0900][gc,phases    ] GC(11)   Merge Heap Roots: 0.1ms
[2020-10-30T18:53:33.605-0900][gc,phases    ] GC(11)   Evacuate Collection Set: 7.5ms
[2020-10-30T18:53:33.605-0900][gc,phases    ] GC(11)   Post Evacuate Collection Set: 1.2ms
[2020-10-30T18:53:33.605-0900][gc,phases    ] GC(11)   Other: 1.4ms
[2020-10-30T18:53:33.605-0900][gc,heap      ] GC(11) Eden regions: 48->0(48)
[2020-10-30T18:53:33.605-0900][gc,heap      ] GC(11) Survivor regions: 3->3(7)
[2020-10-30T18:53:33.605-0900][gc,heap      ] GC(11) Old regions: 12->12
[2020-10-30T18:53:33.605-0900][gc,heap      ] GC(11) Archive regions: 2->2
[2020-10-30T18:53:33.606-0900][gc,heap      ] GC(11) Humongous regions: 129->129
[2020-10-30T18:53:33.606-0900][gc,metaspace ] GC(11) Metaspace: 36909K(38348K)->36909K(38348K) NonClass: 32701K(33484K)->32701K(33484K) Class: 4208K(4864K)->4208K(4864K)
[2020-10-30T18:53:33.606-0900][gc           ] GC(11) Pause Young (Normal) (G1 Evacuation Pause) 192M->144M(1024M) 10.416ms
[2020-10-30T18:53:33.606-0900][gc,cpu       ] GC(11) User=0.02s Sys=0.01s Real=0.01s
[2020-10-30T19:01:47.344-0900][gc,start     ] GC(12) Pause Young (Normal) (G1 Evacuation Pause)
[2020-10-30T19:01:47.344-0900][gc,task      ] GC(12) Using 4 workers of 4 for evacuation
[2020-10-30T19:01:47.365-0900][gc,mmu       ] GC(12) MMU target violated: 21.0ms (20.0ms/21.0ms)
[2020-10-30T19:01:47.365-0900][gc,phases    ] GC(12)   Pre Evacuate Collection Set: 2.1ms
[2020-10-30T19:01:47.365-0900][gc,phases    ] GC(12)   Merge Heap Roots: 0.2ms
[2020-10-30T19:01:47.365-0900][gc,phases    ] GC(12)   Evacuate Collection Set: 17.4ms
[2020-10-30T19:01:47.365-0900][gc,phases    ] GC(12)   Post Evacuate Collection Set: 1.3ms
[2020-10-30T19:01:47.365-0900][gc,phases    ] GC(12)   Other: 2.1ms
[2020-10-30T19:01:47.365-0900][gc,heap      ] GC(12) Eden regions: 48->0(48)
[2020-10-30T19:01:47.365-0900][gc,heap      ] GC(12) Survivor regions: 3->3(7)
[2020-10-30T19:01:47.365-0900][gc,heap      ] GC(12) Old regions: 12->12
[2020-10-30T19:01:47.365-0900][gc,heap      ] GC(12) Archive regions: 2->2
[2020-10-30T19:01:47.365-0900][gc,heap      ] GC(12) Humongous regions: 129->129
[2020-10-30T19:01:47.365-0900][gc,metaspace ] GC(12) Metaspace: 36919K(38348K)->36919K(38348K) NonClass: 32711K(33484K)->32711K(33484K) Class: 4208K(4864K)->4208K(4864K)
[2020-10-30T19:01:47.365-0900][gc           ] GC(12) Pause Young (Normal) (G1 Evacuation Pause) 192M->144M(1024M) 21.861ms
[2020-10-30T19:01:47.366-0900][gc,cpu       ] GC(12) User=0.02s Sys=0.03s Real=0.02s
[2020-10-30T19:09:30.975-0900][gc,start     ] GC(13) Pause Young (Normal) (G1 Evacuation Pause)
[2020-10-30T19:09:30.975-0900][gc,task      ] GC(13) Using 4 workers of 4 for evacuation
[2020-10-30T19:09:30.999-0900][gc,mmu       ] GC(13) MMU target violated: 21.0ms (20.0ms/21.0ms)
[2020-10-30T19:09:30.999-0900][gc,phases    ] GC(13)   Pre Evacuate Collection Set: 2.9ms
[2020-10-30T19:09:30.999-0900][gc,phases    ] GC(13)   Merge Heap Roots: 0.2ms
[2020-10-30T19:09:30.999-0900][gc,phases    ] GC(13)   Evacuate Collection Set: 19.6ms
[2020-10-30T19:09:30.999-0900][gc,phases    ] GC(13)   Post Evacuate Collection Set: 1.1ms
[2020-10-30T19:09:30.999-0900][gc,phases    ] GC(13)   Other: 0.6ms
[2020-10-30T19:09:30.999-0900][gc,heap      ] GC(13) Eden regions: 48->0(48)
[2020-10-30T19:09:30.999-0900][gc,heap      ] GC(13) Survivor regions: 3->3(7)
[2020-10-30T19:09:30.999-0900][gc,heap      ] GC(13) Old regions: 12->12
[2020-10-30T19:09:30.999-0900][gc,heap      ] GC(13) Archive regions: 2->2
[2020-10-30T19:09:30.999-0900][gc,heap      ] GC(13) Humongous regions: 129->129
[2020-10-30T19:09:30.999-0900][gc,metaspace ] GC(13) Metaspace: 37017K(38732K)->37017K(38732K) NonClass: 32795K(33740K)->32795K(33740K) Class: 4221K(4992K)->4221K(4992K)
[2020-10-30T19:09:30.999-0900][gc           ] GC(13) Pause Young (Normal) (G1 Evacuation Pause) 192M->144M(1024M) 24.452ms
[2020-10-30T19:09:30.999-0900][gc,cpu       ] GC(13) User=0.02s Sys=0.03s Real=0.02s
[2020-10-30T19:17:43.955-0900][gc,start     ] GC(14) Pause Young (Normal) (G1 Evacuation Pause)
[2020-10-30T19:17:43.956-0900][gc,task      ] GC(14) Using 4 workers of 4 for evacuation
[2020-10-30T19:17:43.978-0900][gc,mmu       ] GC(14) MMU target violated: 21.0ms (20.0ms/21.0ms)
[2020-10-30T19:17:43.978-0900][gc,phases    ] GC(14)   Pre Evacuate Collection Set: 2.1ms
[2020-10-30T19:17:43.978-0900][gc,phases    ] GC(14)   Merge Heap Roots: 0.1ms
[2020-10-30T19:17:43.978-0900][gc,phases    ] GC(14)   Evacuate Collection Set: 17.9ms
[2020-10-30T19:17:43.978-0900][gc,phases    ] GC(14)   Post Evacuate Collection Set: 1.1ms
[2020-10-30T19:17:43.978-0900][gc,phases    ] GC(14)   Other: 1.6ms
[2020-10-30T19:17:43.978-0900][gc,heap      ] GC(14) Eden regions: 48->0(47)
[2020-10-30T19:17:43.978-0900][gc,heap      ] GC(14) Survivor regions: 3->4(7)
[2020-10-30T19:17:43.978-0900][gc,heap      ] GC(14) Old regions: 12->12
[2020-10-30T19:17:43.978-0900][gc,heap      ] GC(14) Archive regions: 2->2
[2020-10-30T19:17:43.978-0900][gc,heap      ] GC(14) Humongous regions: 129->129
[2020-10-30T19:17:43.978-0900][gc,metaspace ] GC(14) Metaspace: 37027K(38732K)->37027K(38732K) NonClass: 32805K(33740K)->32805K(33740K) Class: 4221K(4992K)->4221K(4992K)
[2020-10-30T19:17:43.978-0900][gc           ] GC(14) Pause Young (Normal) (G1 Evacuation Pause) 192M->145M(1024M) 22.748ms
[2020-10-30T19:17:43.978-0900][gc,cpu       ] GC(14) User=0.02s Sys=0.04s Real=0.02s
[2020-10-30T19:25:46.921-0900][gc,start     ] GC(15) Pause Young (Normal) (G1 Evacuation Pause)
[2020-10-30T19:25:46.922-0900][gc,task      ] GC(15) Using 4 workers of 4 for evacuation
[2020-10-30T19:25:46.938-0900][gc,phases    ] GC(15)   Pre Evacuate Collection Set: 3.5ms
[2020-10-30T19:25:46.938-0900][gc,phases    ] GC(15)   Merge Heap Roots: 0.1ms
[2020-10-30T19:25:46.938-0900][gc,phases    ] GC(15)   Evacuate Collection Set: 11.1ms
[2020-10-30T19:25:46.938-0900][gc,phases    ] GC(15)   Post Evacuate Collection Set: 1.2ms
[2020-10-30T19:25:46.938-0900][gc,phases    ] GC(15)   Other: 1.8ms
[2020-10-30T19:25:46.938-0900][gc,heap      ] GC(15) Eden regions: 47->0(47)
[2020-10-30T19:25:46.938-0900][gc,heap      ] GC(15) Survivor regions: 4->4(7)
[2020-10-30T19:25:46.938-0900][gc,heap      ] GC(15) Old regions: 12->12
[2020-10-30T19:25:46.938-0900][gc,heap      ] GC(15) Archive regions: 2->2
[2020-10-30T19:25:46.938-0900][gc,heap      ] GC(15) Humongous regions: 129->129
[2020-10-30T19:25:46.938-0900][gc,metaspace ] GC(15) Metaspace: 37036K(38732K)->37036K(38732K) NonClass: 32814K(33740K)->32814K(33740K) Class: 4221K(4992K)->4221K(4992K)
[2020-10-30T19:25:46.938-0900][gc           ] GC(15) Pause Young (Normal) (G1 Evacuation Pause) 192M->145M(1024M) 17.706ms
[2020-10-30T19:25:46.939-0900][gc,cpu       ] GC(15) User=0.02s Sys=0.04s Real=0.01s
[2020-10-30T19:33:12.688-0900][gc,start     ] GC(16) Pause Young (Normal) (G1 Evacuation Pause)
[2020-10-30T19:33:12.690-0900][gc,task      ] GC(16) Using 4 workers of 4 for evacuation
[2020-10-30T19:33:12.705-0900][gc,phases    ] GC(16)   Pre Evacuate Collection Set: 2.6ms
[2020-10-30T19:33:12.705-0900][gc,phases    ] GC(16)   Merge Heap Roots: 0.1ms
[2020-10-30T19:33:12.705-0900][gc,phases    ] GC(16)   Evacuate Collection Set: 11.7ms
[2020-10-30T19:33:12.705-0900][gc,phases    ] GC(16)   Post Evacuate Collection Set: 0.9ms
[2020-10-30T19:33:12.705-0900][gc,phases    ] GC(16)   Other: 1.5ms
[2020-10-30T19:33:12.705-0900][gc,heap      ] GC(16) Eden regions: 47->0(73)
[2020-10-30T19:33:12.705-0900][gc,heap      ] GC(16) Survivor regions: 4->3(7)
[2020-10-30T19:33:12.705-0900][gc,heap      ] GC(16) Old regions: 12->12
[2020-10-30T19:33:12.705-0900][gc,heap      ] GC(16) Archive regions: 2->2
[2020-10-30T19:33:12.705-0900][gc,heap      ] GC(16) Humongous regions: 129->129
[2020-10-30T19:33:12.705-0900][gc,metaspace ] GC(16) Metaspace: 37153K(38732K)->37153K(38732K) NonClass: 32909K(33740K)->32909K(33740K) Class: 4243K(4992K)->4243K(4992K)
[2020-10-30T19:33:12.705-0900][gc           ] GC(16) Pause Young (Normal) (G1 Evacuation Pause) 192M->144M(1024M) 16.901ms
[2020-10-30T19:33:12.705-0900][gc,cpu       ] GC(16) User=0.02s Sys=0.04s Real=0.02s
[2020-10-30T19:44:59.271-0900][gc,start     ] GC(17) Pause Young (Normal) (G1 Evacuation Pause)
[2020-10-30T19:44:59.272-0900][gc,task      ] GC(17) Using 4 workers of 4 for evacuation
[2020-10-30T19:44:59.290-0900][gc,phases    ] GC(17)   Pre Evacuate Collection Set: 3.9ms
[2020-10-30T19:44:59.290-0900][gc,phases    ] GC(17)   Merge Heap Roots: 0.5ms
[2020-10-30T19:44:59.290-0900][gc,phases    ] GC(17)   Evacuate Collection Set: 12.6ms
[2020-10-30T19:44:59.290-0900][gc,phases    ] GC(17)   Post Evacuate Collection Set: 0.9ms
[2020-10-30T19:44:59.290-0900][gc,phases    ] GC(17)   Other: 1.9ms
[2020-10-30T19:44:59.290-0900][gc,heap      ] GC(17) Eden regions: 73->0(234)
[2020-10-30T19:44:59.290-0900][gc,heap      ] GC(17) Survivor regions: 3->4(10)
[2020-10-30T19:44:59.290-0900][gc,heap      ] GC(17) Old regions: 12->12
[2020-10-30T19:44:59.291-0900][gc,heap      ] GC(17) Archive regions: 2->2
[2020-10-30T19:44:59.291-0900][gc,heap      ] GC(17) Humongous regions: 129->129
[2020-10-30T19:44:59.291-0900][gc,metaspace ] GC(17) Metaspace: 37182K(38988K)->37182K(38988K) NonClass: 32939K(33996K)->32939K(33996K) Class: 4243K(4992K)->4243K(4992K)
[2020-10-30T19:44:59.291-0900][gc           ] GC(17) Pause Young (Normal) (G1 Evacuation Pause) 217M->145M(1024M) 19.968ms
[2020-10-30T19:44:59.291-0900][gc,cpu       ] GC(17) User=0.03s Sys=0.03s Real=0.02s
[2020-10-30T21:12:46.204-0900][gc,start     ] GC(18) Pause Young (Normal) (G1 Evacuation Pause)
[2020-10-30T21:12:46.205-0900][gc,task      ] GC(18) Using 4 workers of 4 for evacuation
[2020-10-30T21:12:46.218-0900][gc,phases    ] GC(18)   Pre Evacuate Collection Set: 3.1ms
[2020-10-30T21:12:46.218-0900][gc,phases    ] GC(18)   Merge Heap Roots: 0.2ms
[2020-10-30T21:12:46.218-0900][gc,phases    ] GC(18)   Evacuate Collection Set: 7.8ms
[2020-10-30T21:12:46.218-0900][gc,phases    ] GC(18)   Post Evacuate Collection Set: 1.2ms
[2020-10-30T21:12:46.218-0900][gc,phases    ] GC(18)   Other: 1.6ms
[2020-10-30T21:12:46.218-0900][gc,heap      ] GC(18) Eden regions: 234->0(611)
[2020-10-30T21:12:46.218-0900][gc,heap      ] GC(18) Survivor regions: 4->3(30)
[2020-10-30T21:12:46.218-0900][gc,heap      ] GC(18) Old regions: 12->12
[2020-10-30T21:12:46.218-0900][gc,heap      ] GC(18) Archive regions: 2->2
[2020-10-30T21:12:46.218-0900][gc,heap      ] GC(18) Humongous regions: 129->129
[2020-10-30T21:12:46.218-0900][gc,metaspace ] GC(18) Metaspace: 37259K(38988K)->37259K(38988K) NonClass: 33010K(33996K)->33010K(33996K) Class: 4249K(4992K)->4249K(4992K)
[2020-10-30T21:12:46.218-0900][gc           ] GC(18) Pause Young (Normal) (G1 Evacuation Pause) 379M->144M(1024M) 13.963ms
[2020-10-30T21:12:46.218-0900][gc,cpu       ] GC(18) User=0.02s Sys=0.02s Real=0.01s
