[2020-11-01T01:59:11.434-0900][gc,heap] Heap region size: 1M
[2020-11-01T01:59:11.435-0900][gc,heap,coops] Heap address: 0x00000007c0000000, size: 1024 MB, Compressed Oops mode: Zero based, Oop shift amount: 3
[2020-11-01T01:59:11.444-0900][gc           ] Using G1
[2020-11-01T01:59:11.445-0900][gc,cds       ] Mark closed archive regions in map: [0x00000007fff00000, 0x00000007fff7aff8]
[2020-11-01T01:59:11.445-0900][gc,cds       ] Mark open archive regions in map: [0x00000007ffe00000, 0x00000007ffe50ff8]
[2020-11-01T01:59:11.463-0900][gc           ] Periodic GC disabled
[2020-11-01T01:59:12.905-0900][gc,start     ] GC(0) Pause Young (Normal) (G1 Evacuation Pause)
[2020-11-01T01:59:12.905-0900][gc,task      ] GC(0) Using 4 workers of 4 for evacuation
[2020-11-01T01:59:12.914-0900][gc,phases    ] GC(0)   Pre Evacuate Collection Set: 0.1ms
[2020-11-01T01:59:12.914-0900][gc,phases    ] GC(0)   Merge Heap Roots: 0.1ms
[2020-11-01T01:59:12.914-0900][gc,phases    ] GC(0)   Evacuate Collection Set: 7.9ms
[2020-11-01T01:59:12.914-0900][gc,phases    ] GC(0)   Post Evacuate Collection Set: 0.6ms
[2020-11-01T01:59:12.914-0900][gc,phases    ] GC(0)   Other: 0.4ms
[2020-11-01T01:59:12.914-0900][gc,heap      ] GC(0) Eden regions: 51->0(44)
[2020-11-01T01:59:12.914-0900][gc,heap      ] GC(0) Survivor regions: 0->7(7)
[2020-11-01T01:59:12.914-0900][gc,heap      ] GC(0) Old regions: 0->0
[2020-11-01T01:59:12.914-0900][gc,heap      ] GC(0) Archive regions: 2->2
[2020-11-01T01:59:12.914-0900][gc,heap      ] GC(0) Humongous regions: 0->0
[2020-11-01T01:59:12.914-0900][gc,metaspace ] GC(0) Metaspace: 15317K(16000K)->15317K(16000K) NonClass: 13408K(13824K)->13408K(13824K) Class: 1908K(2176K)->1908K(2176K)
[2020-11-01T01:59:12.914-0900][gc           ] GC(0) Pause Young (Normal) (G1 Evacuation Pause) 51M->6M(1024M) 9.162ms
[2020-11-01T01:59:12.914-0900][gc,cpu       ] GC(0) User=0.02s Sys=0.01s Real=0.01s
[2020-11-01T01:59:13.399-0900][gc,start     ] GC(1) Pause Young (Concurrent Start) (Metadata GC Threshold)
[2020-11-01T01:59:13.399-0900][gc,task      ] GC(1) Using 4 workers of 4 for evacuation
[2020-11-01T01:59:13.408-0900][gc,phases    ] GC(1)   Pre Evacuate Collection Set: 0.1ms
[2020-11-01T01:59:13.408-0900][gc,phases    ] GC(1)   Merge Heap Roots: 0.0ms
[2020-11-01T01:59:13.408-0900][gc,phases    ] GC(1)   Evacuate Collection Set: 8.2ms
[2020-11-01T01:59:13.408-0900][gc,phases    ] GC(1)   Post Evacuate Collection Set: 0.4ms
[2020-11-01T01:59:13.408-0900][gc,phases    ] GC(1)   Other: 0.2ms
[2020-11-01T01:59:13.408-0900][gc,heap      ] GC(1) Eden regions: 23->0(49)
[2020-11-01T01:59:13.408-0900][gc,heap      ] GC(1) Survivor regions: 7->2(7)
[2020-11-01T01:59:13.408-0900][gc,heap      ] GC(1) Old regions: 0->6
[2020-11-01T01:59:13.408-0900][gc,heap      ] GC(1) Archive regions: 2->2
[2020-11-01T01:59:13.408-0900][gc,heap      ] GC(1) Humongous regions: 129->129
[2020-11-01T01:59:13.408-0900][gc,metaspace ] GC(1) Metaspace: 20637K(21248K)->20637K(21248K) NonClass: 18093K(18432K)->18093K(18432K) Class: 2543K(2816K)->2543K(2816K)
[2020-11-01T01:59:13.408-0900][gc           ] GC(1) Pause Young (Concurrent Start) (Metadata GC Threshold) 158M->137M(1024M) 9.155ms
[2020-11-01T01:59:13.408-0900][gc,cpu       ] GC(1) User=0.03s Sys=0.00s Real=0.01s
[2020-11-01T01:59:13.408-0900][gc           ] GC(2) Concurrent Cycle
[2020-11-01T01:59:13.408-0900][gc,marking   ] GC(2) Concurrent Clear Claimed Marks
[2020-11-01T01:59:13.408-0900][gc,marking   ] GC(2) Concurrent Clear Claimed Marks 0.046ms
[2020-11-01T01:59:13.408-0900][gc,marking   ] GC(2) Concurrent Scan Root Regions
[2020-11-01T01:59:13.414-0900][gc,marking   ] GC(2) Concurrent Scan Root Regions 6.192ms
[2020-11-01T01:59:13.414-0900][gc,marking   ] GC(2) Concurrent Mark (1.989s)
[2020-11-01T01:59:13.414-0900][gc,marking   ] GC(2) Concurrent Mark From Roots
[2020-11-01T01:59:13.414-0900][gc,task      ] GC(2) Using 1 workers of 1 for marking
[2020-11-01T01:59:13.416-0900][gc,marking   ] GC(2) Concurrent Mark From Roots 1.566ms
[2020-11-01T01:59:13.416-0900][gc,marking   ] GC(2) Concurrent Preclean
[2020-11-01T01:59:13.416-0900][gc,marking   ] GC(2) Concurrent Preclean 0.058ms
[2020-11-01T01:59:13.416-0900][gc,marking   ] GC(2) Concurrent Mark (1.989s, 1.990s) 1.795ms
[2020-11-01T01:59:13.416-0900][gc,start     ] GC(2) Pause Remark
[2020-11-01T01:59:13.418-0900][gc           ] GC(2) Pause Remark 138M->138M(1024M) 1.351ms
[2020-11-01T01:59:13.418-0900][gc,cpu       ] GC(2) User=0.01s Sys=0.00s Real=0.00s
[2020-11-01T01:59:13.418-0900][gc,marking   ] GC(2) Concurrent Rebuild Remembered Sets
[2020-11-01T01:59:13.424-0900][gc,marking   ] GC(2) Concurrent Rebuild Remembered Sets 5.783ms
[2020-11-01T01:59:13.424-0900][gc,start     ] GC(2) Pause Cleanup
[2020-11-01T01:59:13.424-0900][gc           ] GC(2) Pause Cleanup 138M->138M(1024M) 0.148ms
[2020-11-01T01:59:13.424-0900][gc,cpu       ] GC(2) User=0.00s Sys=0.00s Real=0.00s
[2020-11-01T01:59:13.424-0900][gc,marking   ] GC(2) Concurrent Cleanup for Next Mark
[2020-11-01T01:59:13.436-0900][gc,marking   ] GC(2) Concurrent Cleanup for Next Mark 11.796ms
[2020-11-01T01:59:13.436-0900][gc           ] GC(2) Concurrent Cycle 28.367ms
[2020-11-01T01:59:14.254-0900][gc,start     ] GC(3) Pause Young (Normal) (G1 Evacuation Pause)
[2020-11-01T01:59:14.254-0900][gc,task      ] GC(3) Using 4 workers of 4 for evacuation
[2020-11-01T01:59:14.260-0900][gc,phases    ] GC(3)   Pre Evacuate Collection Set: 0.1ms
[2020-11-01T01:59:14.260-0900][gc,phases    ] GC(3)   Merge Heap Roots: 0.1ms
[2020-11-01T01:59:14.260-0900][gc,phases    ] GC(3)   Evacuate Collection Set: 5.4ms
[2020-11-01T01:59:14.260-0900][gc,phases    ] GC(3)   Post Evacuate Collection Set: 0.4ms
[2020-11-01T01:59:14.260-0900][gc,phases    ] GC(3)   Other: 0.1ms
[2020-11-01T01:59:14.260-0900][gc,heap      ] GC(3) Eden regions: 49->0(46)
[2020-11-01T01:59:14.260-0900][gc,heap      ] GC(3) Survivor regions: 2->5(7)
[2020-11-01T01:59:14.260-0900][gc,heap      ] GC(3) Old regions: 6->6
[2020-11-01T01:59:14.260-0900][gc,heap      ] GC(3) Archive regions: 2->2
[2020-11-01T01:59:14.260-0900][gc,heap      ] GC(3) Humongous regions: 129->129
[2020-11-01T01:59:14.260-0900][gc,metaspace ] GC(3) Metaspace: 30212K(31360K)->30212K(31360K) NonClass: 26840K(27648K)->26840K(27648K) Class: 3372K(3712K)->3372K(3712K)
[2020-11-01T01:59:14.260-0900][gc           ] GC(3) Pause Young (Normal) (G1 Evacuation Pause) 186M->140M(1024M) 6.164ms
[2020-11-01T01:59:14.260-0900][gc,cpu       ] GC(3) User=0.02s Sys=0.00s Real=0.01s
[2020-11-01T02:00:16.546-0900][gc,start     ] GC(4) Pause Young (Concurrent Start) (Metadata GC Threshold)
[2020-11-01T02:00:16.546-0900][gc,task      ] GC(4) Using 4 workers of 4 for evacuation
[2020-11-01T02:00:16.565-0900][gc,phases    ] GC(4)   Pre Evacuate Collection Set: 0.2ms
[2020-11-01T02:00:16.565-0900][gc,phases    ] GC(4)   Merge Heap Roots: 0.0ms
[2020-11-01T02:00:16.565-0900][gc,phases    ] GC(4)   Evacuate Collection Set: 17.2ms
[2020-11-01T02:00:16.565-0900][gc,phases    ] GC(4)   Post Evacuate Collection Set: 1.1ms
[2020-11-01T02:00:16.565-0900][gc,phases    ] GC(4)   Other: 0.6ms
[2020-11-01T02:00:16.565-0900][gc,heap      ] GC(4) Eden regions: 26->0(46)
[2020-11-01T02:00:16.565-0900][gc,heap      ] GC(4) Survivor regions: 5->5(7)
[2020-11-01T02:00:16.565-0900][gc,heap      ] GC(4) Old regions: 6->8
[2020-11-01T02:00:16.565-0900][gc,heap      ] GC(4) Archive regions: 2->2
[2020-11-01T02:00:16.565-0900][gc,heap      ] GC(4) Humongous regions: 129->129
[2020-11-01T02:00:16.565-0900][gc,metaspace ] GC(4) Metaspace: 34506K(35840K)->34506K(35840K) NonClass: 30492K(31232K)->30492K(31232K) Class: 4014K(4608K)->4014K(4608K)
[2020-11-01T02:00:16.565-0900][gc           ] GC(4) Pause Young (Concurrent Start) (Metadata GC Threshold) 165M->142M(1024M) 19.494ms
[2020-11-01T02:00:16.565-0900][gc,cpu       ] GC(4) User=0.02s Sys=0.00s Real=0.02s
[2020-11-01T02:00:16.565-0900][gc           ] GC(5) Concurrent Cycle
[2020-11-01T02:00:16.565-0900][gc,marking   ] GC(5) Concurrent Clear Claimed Marks
[2020-11-01T02:00:16.565-0900][gc,marking   ] GC(5) Concurrent Clear Claimed Marks 0.115ms
[2020-11-01T02:00:16.565-0900][gc,marking   ] GC(5) Concurrent Scan Root Regions
[2020-11-01T02:00:16.574-0900][gc,marking   ] GC(5) Concurrent Scan Root Regions 8.954ms
[2020-11-01T02:00:16.574-0900][gc,marking   ] GC(5) Concurrent Mark (65.147s)
[2020-11-01T02:00:16.574-0900][gc,marking   ] GC(5) Concurrent Mark From Roots
[2020-11-01T02:00:16.574-0900][gc,task      ] GC(5) Using 1 workers of 1 for marking
[2020-11-01T02:00:16.636-0900][gc,marking   ] GC(5) Concurrent Mark From Roots 61.942ms
[2020-11-01T02:00:16.636-0900][gc,marking   ] GC(5) Concurrent Preclean
[2020-11-01T02:00:16.636-0900][gc,marking   ] GC(5) Concurrent Preclean 0.106ms
[2020-11-01T02:00:16.636-0900][gc,marking   ] GC(5) Concurrent Mark (65.147s, 65.209s) 62.149ms
[2020-11-01T02:00:16.637-0900][gc,start     ] GC(5) Pause Remark
[2020-11-01T02:00:16.651-0900][gc           ] GC(5) Pause Remark 142M->142M(1024M) 14.466ms
[2020-11-01T02:00:16.651-0900][gc,cpu       ] GC(5) User=0.01s Sys=0.00s Real=0.02s
[2020-11-01T02:00:16.661-0900][gc,marking   ] GC(5) Concurrent Rebuild Remembered Sets
[2020-11-01T02:00:16.673-0900][gc,marking   ] GC(5) Concurrent Rebuild Remembered Sets 11.518ms
[2020-11-01T02:00:16.674-0900][gc,start     ] GC(5) Pause Cleanup
[2020-11-01T02:00:16.674-0900][gc           ] GC(5) Pause Cleanup 142M->142M(1024M) 0.251ms
[2020-11-01T02:00:16.674-0900][gc,cpu       ] GC(5) User=0.00s Sys=0.00s Real=0.00s
[2020-11-01T02:00:16.685-0900][gc,marking   ] GC(5) Concurrent Cleanup for Next Mark
[2020-11-01T02:00:16.707-0900][gc,marking   ] GC(5) Concurrent Cleanup for Next Mark 22.179ms
[2020-11-01T02:00:16.707-0900][gc           ] GC(5) Concurrent Cycle 141.657ms
[2020-11-01T02:05:59.749-0900][gc,start     ] GC(6) Pause Young (Normal) (G1 Evacuation Pause)
[2020-11-01T02:05:59.749-0900][gc,task      ] GC(6) Using 4 workers of 4 for evacuation
[2020-11-01T02:05:59.799-0900][gc,mmu       ] GC(6) MMU target violated: 21.0ms (20.0ms/21.0ms)
[2020-11-01T02:05:59.799-0900][gc,phases    ] GC(6)   Pre Evacuate Collection Set: 2.2ms
[2020-11-01T02:05:59.799-0900][gc,phases    ] GC(6)   Merge Heap Roots: 0.6ms
[2020-11-01T02:05:59.799-0900][gc,phases    ] GC(6)   Evacuate Collection Set: 44.7ms
[2020-11-01T02:05:59.799-0900][gc,phases    ] GC(6)   Post Evacuate Collection Set: 1.9ms
[2020-11-01T02:05:59.799-0900][gc,phases    ] GC(6)   Other: 0.6ms
[2020-11-01T02:05:59.799-0900][gc,heap      ] GC(6) Eden regions: 46->0(47)
[2020-11-01T02:05:59.799-0900][gc,heap      ] GC(6) Survivor regions: 5->4(7)
[2020-11-01T02:05:59.799-0900][gc,heap      ] GC(6) Old regions: 8->11
[2020-11-01T02:05:59.799-0900][gc,heap      ] GC(6) Archive regions: 2->2
[2020-11-01T02:05:59.799-0900][gc,heap      ] GC(6) Humongous regions: 129->129
[2020-11-01T02:05:59.799-0900][gc,metaspace ] GC(6) Metaspace: 36604K(38092K)->36604K(38092K) NonClass: 32435K(33228K)->32435K(33228K) Class: 4169K(4864K)->4169K(4864K)
[2020-11-01T02:05:59.799-0900][gc           ] GC(6) Pause Young (Normal) (G1 Evacuation Pause) 188M->143M(1024M) 50.257ms
[2020-11-01T02:05:59.799-0900][gc,cpu       ] GC(6) User=0.04s Sys=0.04s Real=0.05s
[2020-11-01T02:12:49.217-0900][gc,start     ] GC(7) Pause Young (Normal) (G1 Evacuation Pause)
[2020-11-01T02:12:49.217-0900][gc,task      ] GC(7) Using 4 workers of 4 for evacuation
[2020-11-01T02:12:49.246-0900][gc,mmu       ] GC(7) MMU target violated: 21.0ms (20.0ms/21.0ms)
[2020-11-01T02:12:49.246-0900][gc,phases    ] GC(7)   Pre Evacuate Collection Set: 2.9ms
[2020-11-01T02:12:49.246-0900][gc,phases    ] GC(7)   Merge Heap Roots: 0.1ms
[2020-11-01T02:12:49.246-0900][gc,phases    ] GC(7)   Evacuate Collection Set: 24.0ms
[2020-11-01T02:12:49.246-0900][gc,phases    ] GC(7)   Post Evacuate Collection Set: 1.6ms
[2020-11-01T02:12:49.246-0900][gc,phases    ] GC(7)   Other: 0.6ms
[2020-11-01T02:12:49.246-0900][gc,heap      ] GC(7) Eden regions: 47->0(46)
[2020-11-01T02:12:49.246-0900][gc,heap      ] GC(7) Survivor regions: 4->5(7)
[2020-11-01T02:12:49.246-0900][gc,heap      ] GC(7) Old regions: 11->11
[2020-11-01T02:12:49.246-0900][gc,heap      ] GC(7) Archive regions: 2->2
[2020-11-01T02:12:49.246-0900][gc,heap      ] GC(7) Humongous regions: 129->129
[2020-11-01T02:12:49.247-0900][gc,metaspace ] GC(7) Metaspace: 37047K(38732K)->37047K(38732K) NonClass: 32803K(33740K)->32803K(33740K) Class: 4243K(4992K)->4243K(4992K)
[2020-11-01T02:12:49.247-0900][gc           ] GC(7) Pause Young (Normal) (G1 Evacuation Pause) 190M->144M(1024M) 29.420ms
[2020-11-01T02:12:49.247-0900][gc,cpu       ] GC(7) User=0.03s Sys=0.04s Real=0.03s
[2020-11-01T02:20:06.506-0900][gc,start     ] GC(8) Pause Young (Normal) (G1 Evacuation Pause)
[2020-11-01T02:20:06.507-0900][gc,task      ] GC(8) Using 4 workers of 4 for evacuation
[2020-11-01T02:20:06.529-0900][gc,mmu       ] GC(8) MMU target violated: 21.0ms (20.0ms/21.0ms)
[2020-11-01T02:20:06.529-0900][gc,phases    ] GC(8)   Pre Evacuate Collection Set: 2.5ms
[2020-11-01T02:20:06.529-0900][gc,phases    ] GC(8)   Merge Heap Roots: 0.1ms
[2020-11-01T02:20:06.529-0900][gc,phases    ] GC(8)   Evacuate Collection Set: 18.4ms
[2020-11-01T02:20:06.529-0900][gc,phases    ] GC(8)   Post Evacuate Collection Set: 0.9ms
[2020-11-01T02:20:06.529-0900][gc,phases    ] GC(8)   Other: 1.7ms
[2020-11-01T02:20:06.529-0900][gc,heap      ] GC(8) Eden regions: 46->0(48)
[2020-11-01T02:20:06.529-0900][gc,heap      ] GC(8) Survivor regions: 5->3(7)
[2020-11-01T02:20:06.529-0900][gc,heap      ] GC(8) Old regions: 11->12
[2020-11-01T02:20:06.529-0900][gc,heap      ] GC(8) Archive regions: 2->2
[2020-11-01T02:20:06.529-0900][gc,heap      ] GC(8) Humongous regions: 129->129
[2020-11-01T02:20:06.529-0900][gc,metaspace ] GC(8) Metaspace: 37119K(38732K)->37119K(38732K) NonClass: 32875K(33740K)->32875K(33740K) Class: 4244K(4992K)->4244K(4992K)
[2020-11-01T02:20:06.529-0900][gc           ] GC(8) Pause Young (Normal) (G1 Evacuation Pause) 190M->144M(1024M) 23.720ms
[2020-11-01T02:20:06.529-0900][gc,cpu       ] GC(8) User=0.03s Sys=0.04s Real=0.02s
[2020-11-01T02:27:55.364-0900][gc,start     ] GC(9) Pause Young (Normal) (G1 Evacuation Pause)
[2020-11-01T02:27:55.365-0900][gc,task      ] GC(9) Using 4 workers of 4 for evacuation
[2020-11-01T02:27:55.384-0900][gc,phases    ] GC(9)   Pre Evacuate Collection Set: 3.3ms
[2020-11-01T02:27:55.384-0900][gc,phases    ] GC(9)   Merge Heap Roots: 0.2ms
[2020-11-01T02:27:55.384-0900][gc,phases    ] GC(9)   Evacuate Collection Set: 14.1ms
[2020-11-01T02:27:55.384-0900][gc,phases    ] GC(9)   Post Evacuate Collection Set: 1.0ms
[2020-11-01T02:27:55.384-0900][gc,phases    ] GC(9)   Other: 1.7ms
[2020-11-01T02:27:55.384-0900][gc,heap      ] GC(9) Eden regions: 48->0(47)
[2020-11-01T02:27:55.384-0900][gc,heap      ] GC(9) Survivor regions: 3->4(7)
[2020-11-01T02:27:55.384-0900][gc,heap      ] GC(9) Old regions: 12->12
[2020-11-01T02:27:55.384-0900][gc,heap      ] GC(9) Archive regions: 2->2
[2020-11-01T02:27:55.384-0900][gc,heap      ] GC(9) Humongous regions: 129->129
[2020-11-01T02:27:55.384-0900][gc,metaspace ] GC(9) Metaspace: 37161K(38732K)->37161K(38732K) NonClass: 32915K(33740K)->32915K(33740K) Class: 4245K(4992K)->4245K(4992K)
[2020-11-01T02:27:55.384-0900][gc           ] GC(9) Pause Young (Normal) (G1 Evacuation Pause) 192M->145M(1024M) 20.323ms
[2020-11-01T02:27:55.384-0900][gc,cpu       ] GC(9) User=0.02s Sys=0.04s Real=0.02s
[2020-11-01T02:35:38.127-0900][gc,start     ] GC(10) Pause Young (Normal) (G1 Evacuation Pause)
[2020-11-01T02:35:38.128-0900][gc,task      ] GC(10) Using 4 workers of 4 for evacuation
[2020-11-01T02:35:38.151-0900][gc,mmu       ] GC(10) MMU target violated: 21.0ms (20.0ms/21.0ms)
[2020-11-01T02:35:38.151-0900][gc,phases    ] GC(10)   Pre Evacuate Collection Set: 1.9ms
[2020-11-01T02:35:38.151-0900][gc,phases    ] GC(10)   Merge Heap Roots: 0.3ms
[2020-11-01T02:35:38.151-0900][gc,phases    ] GC(10)   Evacuate Collection Set: 19.3ms
[2020-11-01T02:35:38.151-0900][gc,phases    ] GC(10)   Post Evacuate Collection Set: 1.1ms
[2020-11-01T02:35:38.151-0900][gc,phases    ] GC(10)   Other: 1.6ms
[2020-11-01T02:35:38.151-0900][gc,heap      ] GC(10) Eden regions: 47->0(47)
[2020-11-01T02:35:38.151-0900][gc,heap      ] GC(10) Survivor regions: 4->4(7)
[2020-11-01T02:35:38.151-0900][gc,heap      ] GC(10) Old regions: 12->12
[2020-11-01T02:35:38.151-0900][gc,heap      ] GC(10) Archive regions: 2->2
[2020-11-01T02:35:38.151-0900][gc,heap      ] GC(10) Humongous regions: 129->129
[2020-11-01T02:35:38.151-0900][gc,metaspace ] GC(10) Metaspace: 37199K(38988K)->37199K(38988K) NonClass: 32954K(33996K)->32954K(33996K) Class: 4245K(4992K)->4245K(4992K)
[2020-11-01T02:35:38.151-0900][gc           ] GC(10) Pause Young (Normal) (G1 Evacuation Pause) 192M->144M(1024M) 24.515ms
[2020-11-01T02:35:38.151-0900][gc,cpu       ] GC(10) User=0.02s Sys=0.04s Real=0.03s
[2020-11-01T02:43:20.717-0900][gc,start     ] GC(11) Pause Young (Normal) (G1 Evacuation Pause)
[2020-11-01T02:43:20.717-0900][gc,task      ] GC(11) Using 4 workers of 4 for evacuation
[2020-11-01T02:43:20.742-0900][gc,mmu       ] GC(11) MMU target violated: 21.0ms (20.0ms/21.0ms)
[2020-11-01T02:43:20.742-0900][gc,phases    ] GC(11)   Pre Evacuate Collection Set: 1.7ms
[2020-11-01T02:43:20.742-0900][gc,phases    ] GC(11)   Merge Heap Roots: 0.3ms
[2020-11-01T02:43:20.742-0900][gc,phases    ] GC(11)   Evacuate Collection Set: 21.0ms
[2020-11-01T02:43:20.742-0900][gc,phases    ] GC(11)   Post Evacuate Collection Set: 1.7ms
[2020-11-01T02:43:20.742-0900][gc,phases    ] GC(11)   Other: 0.5ms
[2020-11-01T02:43:20.742-0900][gc,heap      ] GC(11) Eden regions: 47->0(48)
[2020-11-01T02:43:20.742-0900][gc,heap      ] GC(11) Survivor regions: 4->3(7)
[2020-11-01T02:43:20.742-0900][gc,heap      ] GC(11) Old regions: 12->12
[2020-11-01T02:43:20.742-0900][gc,heap      ] GC(11) Archive regions: 2->2
[2020-11-01T02:43:20.742-0900][gc,heap      ] GC(11) Humongous regions: 129->129
[2020-11-01T02:43:20.742-0900][gc,metaspace ] GC(11) Metaspace: 37231K(38988K)->37231K(38988K) NonClass: 32986K(33996K)->32986K(33996K) Class: 4245K(4992K)->4245K(4992K)
[2020-11-01T02:43:20.743-0900][gc           ] GC(11) Pause Young (Normal) (G1 Evacuation Pause) 191M->144M(1024M) 26.101ms
[2020-11-01T02:43:20.743-0900][gc,cpu       ] GC(11) User=0.02s Sys=0.03s Real=0.03s
[2020-11-01T02:50:54.269-0900][gc,start     ] GC(12) Pause Young (Normal) (G1 Evacuation Pause)
[2020-11-01T02:50:54.270-0900][gc,task      ] GC(12) Using 4 workers of 4 for evacuation
[2020-11-01T02:50:54.286-0900][gc,phases    ] GC(12)   Pre Evacuate Collection Set: 3.0ms
[2020-11-01T02:50:54.286-0900][gc,phases    ] GC(12)   Merge Heap Roots: 0.2ms
[2020-11-01T02:50:54.286-0900][gc,phases    ] GC(12)   Evacuate Collection Set: 11.4ms
[2020-11-01T02:50:54.286-0900][gc,phases    ] GC(12)   Post Evacuate Collection Set: 1.0ms
[2020-11-01T02:50:54.286-0900][gc,phases    ] GC(12)   Other: 2.1ms
[2020-11-01T02:50:54.286-0900][gc,heap      ] GC(12) Eden regions: 48->0(48)
[2020-11-01T02:50:54.286-0900][gc,heap      ] GC(12) Survivor regions: 3->3(7)
[2020-11-01T02:50:54.286-0900][gc,heap      ] GC(12) Old regions: 12->12
[2020-11-01T02:50:54.286-0900][gc,heap      ] GC(12) Archive regions: 2->2
[2020-11-01T02:50:54.286-0900][gc,heap      ] GC(12) Humongous regions: 129->129
[2020-11-01T02:50:54.286-0900][gc,metaspace ] GC(12) Metaspace: 37280K(38988K)->37280K(38988K) NonClass: 33029K(33996K)->33029K(33996K) Class: 4250K(4992K)->4250K(4992K)
[2020-11-01T02:50:54.286-0900][gc           ] GC(12) Pause Young (Normal) (G1 Evacuation Pause) 192M->144M(1024M) 16.540ms
[2020-11-01T02:50:54.286-0900][gc,cpu       ] GC(12) User=0.02s Sys=0.03s Real=0.02s
[2020-11-01T13:23:50.078-0900][gc,start     ] GC(13) Pause Young (Normal) (G1 Evacuation Pause)
[2020-11-01T13:23:50.080-0900][gc,task      ] GC(13) Using 4 workers of 4 for evacuation
[2020-11-01T13:23:50.094-0900][gc,phases    ] GC(13)   Pre Evacuate Collection Set: 1.9ms
[2020-11-01T13:23:50.094-0900][gc,phases    ] GC(13)   Merge Heap Roots: 0.1ms
[2020-11-01T13:23:50.094-0900][gc,phases    ] GC(13)   Evacuate Collection Set: 10.9ms
[2020-11-01T13:23:50.094-0900][gc,phases    ] GC(13)   Post Evacuate Collection Set: 1.1ms
[2020-11-01T13:23:50.094-0900][gc,phases    ] GC(13)   Other: 1.6ms
[2020-11-01T13:23:50.094-0900][gc,heap      ] GC(13) Eden regions: 48->0(51)
[2020-11-01T13:23:50.094-0900][gc,heap      ] GC(13) Survivor regions: 3->3(7)
[2020-11-01T13:23:50.094-0900][gc,heap      ] GC(13) Old regions: 12->12
[2020-11-01T13:23:50.094-0900][gc,heap      ] GC(13) Archive regions: 2->2
[2020-11-01T13:23:50.094-0900][gc,heap      ] GC(13) Humongous regions: 129->129
[2020-11-01T13:23:50.094-0900][gc,metaspace ] GC(13) Metaspace: 37312K(38988K)->37312K(38988K) NonClass: 33061K(33996K)->33061K(33996K) Class: 4250K(4992K)->4250K(4992K)
[2020-11-01T13:23:50.094-0900][gc           ] GC(13) Pause Young (Normal) (G1 Evacuation Pause) 192M->144M(1024M) 15.782ms
[2020-11-01T13:23:50.094-0900][gc,cpu       ] GC(13) User=0.01s Sys=0.02s Real=0.02s
[2020-11-01T15:29:21.364-0900][gc,start     ] GC(14) Pause Young (Normal) (G1 Evacuation Pause)
[2020-11-01T15:29:21.365-0900][gc,task      ] GC(14) Using 4 workers of 4 for evacuation
[2020-11-01T15:29:21.381-0900][gc,phases    ] GC(14)   Pre Evacuate Collection Set: 2.2ms
[2020-11-01T15:29:21.381-0900][gc,phases    ] GC(14)   Merge Heap Roots: 0.2ms
[2020-11-01T15:29:21.381-0900][gc,phases    ] GC(14)   Evacuate Collection Set: 12.2ms
[2020-11-01T15:29:21.381-0900][gc,phases    ] GC(14)   Post Evacuate Collection Set: 1.1ms
[2020-11-01T15:29:21.381-0900][gc,phases    ] GC(14)   Other: 1.5ms
[2020-11-01T15:29:21.381-0900][gc,heap      ] GC(14) Eden regions: 51->0(74)
[2020-11-01T15:29:21.382-0900][gc,heap      ] GC(14) Survivor regions: 3->3(7)
[2020-11-01T15:29:21.382-0900][gc,heap      ] GC(14) Old regions: 12->12
[2020-11-01T15:29:21.382-0900][gc,heap      ] GC(14) Archive regions: 2->2
[2020-11-01T15:29:21.382-0900][gc,heap      ] GC(14) Humongous regions: 129->129
[2020-11-01T15:29:21.382-0900][gc,metaspace ] GC(14) Metaspace: 37388K(38988K)->37388K(38988K) NonClass: 33122K(33996K)->33122K(33996K) Class: 4265K(4992K)->4265K(4992K)
[2020-11-01T15:29:21.382-0900][gc           ] GC(14) Pause Young (Normal) (G1 Evacuation Pause) 195M->144M(1024M) 17.330ms
[2020-11-01T15:29:21.382-0900][gc,cpu       ] GC(14) User=0.02s Sys=0.03s Real=0.02s
[2020-11-01T15:39:06.107-0900][gc,start     ] GC(15) Pause Young (Normal) (G1 Evacuation Pause)
[2020-11-01T15:39:06.108-0900][gc,task      ] GC(15) Using 4 workers of 4 for evacuation
[2020-11-01T15:39:06.124-0900][gc,phases    ] GC(15)   Pre Evacuate Collection Set: 1.9ms
[2020-11-01T15:39:06.124-0900][gc,phases    ] GC(15)   Merge Heap Roots: 0.2ms
[2020-11-01T15:39:06.124-0900][gc,phases    ] GC(15)   Evacuate Collection Set: 13.0ms
[2020-11-01T15:39:06.124-0900][gc,phases    ] GC(15)   Post Evacuate Collection Set: 0.9ms
[2020-11-01T15:39:06.124-0900][gc,phases    ] GC(15)   Other: 1.4ms
[2020-11-01T15:39:06.124-0900][gc,heap      ] GC(15) Eden regions: 74->0(304)
[2020-11-01T15:39:06.124-0900][gc,heap      ] GC(15) Survivor regions: 3->4(10)
[2020-11-01T15:39:06.124-0900][gc,heap      ] GC(15) Old regions: 12->12
[2020-11-01T15:39:06.124-0900][gc,heap      ] GC(15) Archive regions: 2->2
[2020-11-01T15:39:06.124-0900][gc,heap      ] GC(15) Humongous regions: 129->129
[2020-11-01T15:39:06.124-0900][gc,metaspace ] GC(15) Metaspace: 37399K(38988K)->37399K(38988K) NonClass: 33134K(33996K)->33134K(33996K) Class: 4265K(4992K)->4265K(4992K)
[2020-11-01T15:39:06.124-0900][gc           ] GC(15) Pause Young (Normal) (G1 Evacuation Pause) 218M->145M(1024M) 17.616ms
[2020-11-01T15:39:06.124-0900][gc,cpu       ] GC(15) User=0.03s Sys=0.03s Real=0.02s
[2020-11-01T16:19:34.892-0900][gc,start     ] GC(16) Pause Young (Normal) (G1 Evacuation Pause)
[2020-11-01T16:19:34.893-0900][gc,task      ] GC(16) Using 4 workers of 4 for evacuation
[2020-11-01T16:19:34.928-0900][gc,mmu       ] GC(16) MMU target violated: 21.0ms (20.0ms/21.0ms)
[2020-11-01T16:19:34.928-0900][gc,phases    ] GC(16)   Pre Evacuate Collection Set: 1.8ms
[2020-11-01T16:19:34.928-0900][gc,phases    ] GC(16)   Merge Heap Roots: 0.3ms
[2020-11-01T16:19:34.928-0900][gc,phases    ] GC(16)   Evacuate Collection Set: 29.6ms
[2020-11-01T16:19:34.928-0900][gc,phases    ] GC(16)   Post Evacuate Collection Set: 2.4ms
[2020-11-01T16:19:34.928-0900][gc,phases    ] GC(16)   Other: 1.5ms
[2020-11-01T16:19:34.928-0900][gc,heap      ] GC(16) Eden regions: 304->0(611)
[2020-11-01T16:19:34.928-0900][gc,heap      ] GC(16) Survivor regions: 4->3(39)
[2020-11-01T16:19:34.928-0900][gc,heap      ] GC(16) Old regions: 12->12
[2020-11-01T16:19:34.928-0900][gc,heap      ] GC(16) Archive regions: 2->2
[2020-11-01T16:19:34.928-0900][gc,heap      ] GC(16) Humongous regions: 129->129
[2020-11-01T16:19:34.928-0900][gc,metaspace ] GC(16) Metaspace: 37435K(39244K)->37435K(39244K) NonClass: 33169K(34252K)->33169K(34252K) Class: 4265K(4992K)->4265K(4992K)
[2020-11-01T16:19:34.928-0900][gc           ] GC(16) Pause Young (Normal) (G1 Evacuation Pause) 449M->144M(1024M) 35.851ms
[2020-11-01T16:19:34.928-0900][gc,cpu       ] GC(16) User=0.02s Sys=0.03s Real=0.03s
