[2020-10-30T18:03:03.777-0900][gc,heap] Heap region size: 1M
[2020-10-30T18:03:03.777-0900][gc,heap,coops] Heap address: 0x00000007c0000000, size: 1024 MB, Compressed Oops mode: Zero based, Oop shift amount: 3
[2020-10-30T18:03:03.787-0900][gc           ] Using G1
[2020-10-30T18:03:03.787-0900][gc,cds       ] Mark closed archive regions in map: [0x00000007fff00000, 0x00000007fff7aff8]
[2020-10-30T18:03:03.787-0900][gc,cds       ] Mark open archive regions in map: [0x00000007ffe00000, 0x00000007ffe50ff8]
[2020-10-30T18:03:03.804-0900][gc           ] Periodic GC disabled
[2020-10-30T18:03:05.174-0900][gc,start     ] GC(0) Pause Young (Normal) (G1 Evacuation Pause)
[2020-10-30T18:03:05.174-0900][gc,task      ] GC(0) Using 4 workers of 4 for evacuation
[2020-10-30T18:03:05.181-0900][gc,phases    ] GC(0)   Pre Evacuate Collection Set: 0.1ms
[2020-10-30T18:03:05.181-0900][gc,phases    ] GC(0)   Merge Heap Roots: 0.1ms
[2020-10-30T18:03:05.181-0900][gc,phases    ] GC(0)   Evacuate Collection Set: 6.4ms
[2020-10-30T18:03:05.181-0900][gc,phases    ] GC(0)   Post Evacuate Collection Set: 0.5ms
[2020-10-30T18:03:05.181-0900][gc,phases    ] GC(0)   Other: 0.3ms
[2020-10-30T18:03:05.181-0900][gc,heap      ] GC(0) Eden regions: 51->0(44)
[2020-10-30T18:03:05.181-0900][gc,heap      ] GC(0) Survivor regions: 0->7(7)
[2020-10-30T18:03:05.181-0900][gc,heap      ] GC(0) Old regions: 0->0
[2020-10-30T18:03:05.181-0900][gc,heap      ] GC(0) Archive regions: 2->2
[2020-10-30T18:03:05.181-0900][gc,heap      ] GC(0) Humongous regions: 0->0
[2020-10-30T18:03:05.181-0900][gc,metaspace ] GC(0) Metaspace: 15301K(16000K)->15301K(16000K) NonClass: 13394K(13824K)->13394K(13824K) Class: 1906K(2176K)->1906K(2176K)
[2020-10-30T18:03:05.181-0900][gc           ] GC(0) Pause Young (Normal) (G1 Evacuation Pause) 51M->6M(1024M) 7.606ms
[2020-10-30T18:03:05.181-0900][gc,cpu       ] GC(0) User=0.02s Sys=0.00s Real=0.01s
[2020-10-30T18:03:05.569-0900][gc,start     ] GC(1) Pause Young (Concurrent Start) (Metadata GC Threshold)
[2020-10-30T18:03:05.569-0900][gc,task      ] GC(1) Using 4 workers of 4 for evacuation
[2020-10-30T18:03:05.577-0900][gc,phases    ] GC(1)   Pre Evacuate Collection Set: 0.1ms
[2020-10-30T18:03:05.577-0900][gc,phases    ] GC(1)   Merge Heap Roots: 0.0ms
[2020-10-30T18:03:05.577-0900][gc,phases    ] GC(1)   Evacuate Collection Set: 7.1ms
[2020-10-30T18:03:05.577-0900][gc,phases    ] GC(1)   Post Evacuate Collection Set: 0.4ms
[2020-10-30T18:03:05.577-0900][gc,phases    ] GC(1)   Other: 0.2ms
[2020-10-30T18:03:05.577-0900][gc,heap      ] GC(1) Eden regions: 22->0(49)
[2020-10-30T18:03:05.577-0900][gc,heap      ] GC(1) Survivor regions: 7->2(7)
[2020-10-30T18:03:05.577-0900][gc,heap      ] GC(1) Old regions: 0->6
[2020-10-30T18:03:05.577-0900][gc,heap      ] GC(1) Archive regions: 2->2
[2020-10-30T18:03:05.577-0900][gc,heap      ] GC(1) Humongous regions: 0->0
[2020-10-30T18:03:05.577-0900][gc,metaspace ] GC(1) Metaspace: 20623K(21248K)->20623K(21248K) NonClass: 18085K(18432K)->18085K(18432K) Class: 2538K(2816K)->2538K(2816K)
[2020-10-30T18:03:05.577-0900][gc           ] GC(1) Pause Young (Concurrent Start) (Metadata GC Threshold) 28M->7M(1024M) 8.002ms
[2020-10-30T18:03:05.577-0900][gc,cpu       ] GC(1) User=0.03s Sys=0.00s Real=0.01s
[2020-10-30T18:03:05.577-0900][gc           ] GC(2) Concurrent Cycle
[2020-10-30T18:03:05.577-0900][gc,marking   ] GC(2) Concurrent Clear Claimed Marks
[2020-10-30T18:03:05.577-0900][gc,marking   ] GC(2) Concurrent Clear Claimed Marks 0.061ms
[2020-10-30T18:03:05.577-0900][gc,marking   ] GC(2) Concurrent Scan Root Regions
[2020-10-30T18:03:05.584-0900][gc,marking   ] GC(2) Concurrent Scan Root Regions 6.918ms
[2020-10-30T18:03:05.584-0900][gc,marking   ] GC(2) Concurrent Mark (1.817s)
[2020-10-30T18:03:05.584-0900][gc,marking   ] GC(2) Concurrent Mark From Roots
[2020-10-30T18:03:05.584-0900][gc,task      ] GC(2) Using 1 workers of 1 for marking
[2020-10-30T18:03:05.586-0900][gc,marking   ] GC(2) Concurrent Mark From Roots 2.083ms
[2020-10-30T18:03:05.586-0900][gc,marking   ] GC(2) Concurrent Preclean
[2020-10-30T18:03:05.586-0900][gc,marking   ] GC(2) Concurrent Preclean 0.036ms
[2020-10-30T18:03:05.586-0900][gc,marking   ] GC(2) Concurrent Mark (1.817s, 1.819s) 2.252ms
[2020-10-30T18:03:05.586-0900][gc,start     ] GC(2) Pause Remark
[2020-10-30T18:03:05.589-0900][gc           ] GC(2) Pause Remark 8M->8M(1024M) 2.197ms
[2020-10-30T18:03:05.589-0900][gc,cpu       ] GC(2) User=0.00s Sys=0.00s Real=0.00s
[2020-10-30T18:03:05.589-0900][gc,marking   ] GC(2) Concurrent Rebuild Remembered Sets
[2020-10-30T18:03:05.595-0900][gc,marking   ] GC(2) Concurrent Rebuild Remembered Sets 5.999ms
[2020-10-30T18:03:05.596-0900][gc,start     ] GC(2) Pause Cleanup
[2020-10-30T18:03:05.596-0900][gc           ] GC(2) Pause Cleanup 8M->8M(1024M) 0.212ms
[2020-10-30T18:03:05.596-0900][gc,cpu       ] GC(2) User=0.00s Sys=0.00s Real=0.00s
[2020-10-30T18:03:05.596-0900][gc,marking   ] GC(2) Concurrent Cleanup for Next Mark
[2020-10-30T18:03:05.609-0900][gc,marking   ] GC(2) Concurrent Cleanup for Next Mark 12.950ms
[2020-10-30T18:03:05.609-0900][gc           ] GC(2) Concurrent Cycle 32.031ms
[2020-10-30T18:03:06.819-0900][gc,start     ] GC(3) Pause Young (Normal) (G1 Evacuation Pause)
[2020-10-30T18:03:06.819-0900][gc,task      ] GC(3) Using 4 workers of 4 for evacuation
[2020-10-30T18:03:06.829-0900][gc,phases    ] GC(3)   Pre Evacuate Collection Set: 0.5ms
[2020-10-30T18:03:06.829-0900][gc,phases    ] GC(3)   Merge Heap Roots: 0.3ms
[2020-10-30T18:03:06.829-0900][gc,phases    ] GC(3)   Evacuate Collection Set: 6.3ms
[2020-10-30T18:03:06.829-0900][gc,phases    ] GC(3)   Post Evacuate Collection Set: 2.1ms
[2020-10-30T18:03:06.829-0900][gc,phases    ] GC(3)   Other: 0.3ms
[2020-10-30T18:03:06.829-0900][gc,heap      ] GC(3) Eden regions: 49->0(46)
[2020-10-30T18:03:06.829-0900][gc,heap      ] GC(3) Survivor regions: 2->5(7)
[2020-10-30T18:03:06.829-0900][gc,heap      ] GC(3) Old regions: 6->6
[2020-10-30T18:03:06.829-0900][gc,heap      ] GC(3) Archive regions: 2->2
[2020-10-30T18:03:06.829-0900][gc,heap      ] GC(3) Humongous regions: 129->129
[2020-10-30T18:03:06.829-0900][gc,metaspace ] GC(3) Metaspace: 28067K(28928K)->28067K(28928K) NonClass: 24842K(25344K)->24842K(25344K) Class: 3225K(3584K)->3225K(3584K)
[2020-10-30T18:03:06.829-0900][gc           ] GC(3) Pause Young (Normal) (G1 Evacuation Pause) 185M->139M(1024M) 9.922ms
[2020-10-30T18:03:06.829-0900][gc,cpu       ] GC(3) User=0.03s Sys=0.00s Real=0.01s
[2020-10-30T18:03:07.817-0900][gc,start     ] GC(4) Pause Young (Concurrent Start) (Metadata GC Threshold)
[2020-10-30T18:03:07.817-0900][gc,task      ] GC(4) Using 4 workers of 4 for evacuation
[2020-10-30T18:03:07.826-0900][gc,phases    ] GC(4)   Pre Evacuate Collection Set: 0.2ms
[2020-10-30T18:03:07.826-0900][gc,phases    ] GC(4)   Merge Heap Roots: 0.0ms
[2020-10-30T18:03:07.826-0900][gc,phases    ] GC(4)   Evacuate Collection Set: 7.1ms
[2020-10-30T18:03:07.826-0900][gc,phases    ] GC(4)   Post Evacuate Collection Set: 0.7ms
[2020-10-30T18:03:07.826-0900][gc,phases    ] GC(4)   Other: 0.7ms
[2020-10-30T18:03:07.826-0900][gc,heap      ] GC(4) Eden regions: 35->0(45)
[2020-10-30T18:03:07.826-0900][gc,heap      ] GC(4) Survivor regions: 5->6(7)
[2020-10-30T18:03:07.826-0900][gc,heap      ] GC(4) Old regions: 6->7
[2020-10-30T18:03:07.826-0900][gc,heap      ] GC(4) Archive regions: 2->2
[2020-10-30T18:03:07.826-0900][gc,heap      ] GC(4) Humongous regions: 129->129
[2020-10-30T18:03:07.826-0900][gc,metaspace ] GC(4) Metaspace: 34560K(35840K)->34560K(35840K) NonClass: 30572K(31232K)->30572K(31232K) Class: 3987K(4608K)->3987K(4608K)
[2020-10-30T18:03:07.826-0900][gc           ] GC(4) Pause Young (Concurrent Start) (Metadata GC Threshold) 174M->142M(1024M) 8.971ms
[2020-10-30T18:03:07.826-0900][gc,cpu       ] GC(4) User=0.03s Sys=0.00s Real=0.01s
[2020-10-30T18:03:07.826-0900][gc           ] GC(5) Concurrent Cycle
[2020-10-30T18:03:07.826-0900][gc,marking   ] GC(5) Concurrent Clear Claimed Marks
[2020-10-30T18:03:07.826-0900][gc,marking   ] GC(5) Concurrent Clear Claimed Marks 0.099ms
[2020-10-30T18:03:07.826-0900][gc,marking   ] GC(5) Concurrent Scan Root Regions
[2020-10-30T18:03:07.836-0900][gc,marking   ] GC(5) Concurrent Scan Root Regions 9.225ms
[2020-10-30T18:03:07.836-0900][gc,marking   ] GC(5) Concurrent Mark (4.069s)
[2020-10-30T18:03:07.836-0900][gc,marking   ] GC(5) Concurrent Mark From Roots
[2020-10-30T18:03:07.836-0900][gc,task      ] GC(5) Using 1 workers of 1 for marking
[2020-10-30T18:03:07.851-0900][gc,marking   ] GC(5) Concurrent Mark From Roots 15.418ms
[2020-10-30T18:03:07.851-0900][gc,marking   ] GC(5) Concurrent Preclean
[2020-10-30T18:03:07.851-0900][gc,marking   ] GC(5) Concurrent Preclean 0.104ms
[2020-10-30T18:03:07.851-0900][gc,marking   ] GC(5) Concurrent Mark (4.069s, 4.084s) 15.634ms
[2020-10-30T18:03:07.852-0900][gc,start     ] GC(5) Pause Remark
[2020-10-30T18:03:07.855-0900][gc           ] GC(5) Pause Remark 142M->142M(1024M) 3.805ms
[2020-10-30T18:03:07.855-0900][gc,cpu       ] GC(5) User=0.01s Sys=0.00s Real=0.00s
[2020-10-30T18:03:07.856-0900][gc,marking   ] GC(5) Concurrent Rebuild Remembered Sets
[2020-10-30T18:03:07.866-0900][gc,marking   ] GC(5) Concurrent Rebuild Remembered Sets 10.635ms
[2020-10-30T18:03:07.867-0900][gc,start     ] GC(5) Pause Cleanup
[2020-10-30T18:03:07.867-0900][gc           ] GC(5) Pause Cleanup 143M->143M(1024M) 0.174ms
[2020-10-30T18:03:07.867-0900][gc,cpu       ] GC(5) User=0.00s Sys=0.00s Real=0.00s
[2020-10-30T18:03:07.867-0900][gc,marking   ] GC(5) Concurrent Cleanup for Next Mark
[2020-10-30T18:03:07.879-0900][gc,marking   ] GC(5) Concurrent Cleanup for Next Mark 12.470ms
[2020-10-30T18:03:07.879-0900][gc           ] GC(5) Concurrent Cycle 52.985ms
[2020-10-30T18:10:00.369-0900][gc,start     ] GC(6) Pause Young (Normal) (G1 Evacuation Pause)
[2020-10-30T18:10:00.370-0900][gc,task      ] GC(6) Using 4 workers of 4 for evacuation
[2020-10-30T18:10:00.384-0900][gc,phases    ] GC(6)   Pre Evacuate Collection Set: 0.2ms
[2020-10-30T18:10:00.384-0900][gc,phases    ] GC(6)   Merge Heap Roots: 0.2ms
[2020-10-30T18:10:00.384-0900][gc,phases    ] GC(6)   Evacuate Collection Set: 12.5ms
[2020-10-30T18:10:00.384-0900][gc,phases    ] GC(6)   Post Evacuate Collection Set: 0.8ms
[2020-10-30T18:10:00.384-0900][gc,phases    ] GC(6)   Other: 1.4ms
[2020-10-30T18:10:00.384-0900][gc,heap      ] GC(6) Eden regions: 45->0(46)
[2020-10-30T18:10:00.384-0900][gc,heap      ] GC(6) Survivor regions: 6->5(7)
[2020-10-30T18:10:00.384-0900][gc,heap      ] GC(6) Old regions: 7->10
[2020-10-30T18:10:00.384-0900][gc,heap      ] GC(6) Archive regions: 2->2
[2020-10-30T18:10:00.384-0900][gc,heap      ] GC(6) Humongous regions: 147->129
[2020-10-30T18:10:00.384-0900][gc,metaspace ] GC(6) Metaspace: 39016K(41036K)->39016K(41036K) NonClass: 34297K(35328K)->34297K(35328K) Class: 4719K(5708K)->4719K(5708K)
[2020-10-30T18:10:00.384-0900][gc           ] GC(6) Pause Young (Normal) (G1 Evacuation Pause) 205M->144M(1024M) 15.136ms
[2020-10-30T18:10:00.384-0900][gc,cpu       ] GC(6) User=0.05s Sys=0.01s Real=0.02s
[2020-10-30T18:16:03.403-0900][gc,start     ] GC(7) Pause Young (Normal) (G1 Evacuation Pause)
[2020-10-30T18:16:03.404-0900][gc,task      ] GC(7) Using 4 workers of 4 for evacuation
[2020-10-30T18:16:03.433-0900][gc,mmu       ] GC(7) MMU target violated: 21.0ms (20.0ms/21.0ms)
[2020-10-30T18:16:03.433-0900][gc,phases    ] GC(7)   Pre Evacuate Collection Set: 2.5ms
[2020-10-30T18:16:03.433-0900][gc,phases    ] GC(7)   Merge Heap Roots: 0.2ms
[2020-10-30T18:16:03.433-0900][gc,phases    ] GC(7)   Evacuate Collection Set: 24.6ms
[2020-10-30T18:16:03.433-0900][gc,phases    ] GC(7)   Post Evacuate Collection Set: 1.3ms
[2020-10-30T18:16:03.433-0900][gc,phases    ] GC(7)   Other: 1.8ms
[2020-10-30T18:16:03.433-0900][gc,heap      ] GC(7) Eden regions: 46->0(46)
[2020-10-30T18:16:03.433-0900][gc,heap      ] GC(7) Survivor regions: 5->5(7)
[2020-10-30T18:16:03.433-0900][gc,heap      ] GC(7) Old regions: 10->13
[2020-10-30T18:16:03.433-0900][gc,heap      ] GC(7) Archive regions: 2->2
[2020-10-30T18:16:03.433-0900][gc,heap      ] GC(7) Humongous regions: 129->129
[2020-10-30T18:16:03.433-0900][gc,metaspace ] GC(7) Metaspace: 39168K(41292K)->39168K(41292K) NonClass: 34429K(35584K)->34429K(35584K) Class: 4739K(5708K)->4739K(5708K)
[2020-10-30T18:16:03.433-0900][gc           ] GC(7) Pause Young (Normal) (G1 Evacuation Pause) 190M->146M(1024M) 30.694ms
[2020-10-30T18:16:03.433-0900][gc,cpu       ] GC(7) User=0.04s Sys=0.04s Real=0.03s
[2020-10-30T18:22:35.347-0900][gc,start     ] GC(8) Pause Young (Normal) (G1 Evacuation Pause)
[2020-10-30T18:22:35.349-0900][gc,task      ] GC(8) Using 4 workers of 4 for evacuation
[2020-10-30T18:22:35.360-0900][gc,phases    ] GC(8)   Pre Evacuate Collection Set: 0.2ms
[2020-10-30T18:22:35.360-0900][gc,phases    ] GC(8)   Merge Heap Roots: 0.1ms
[2020-10-30T18:22:35.360-0900][gc,phases    ] GC(8)   Evacuate Collection Set: 9.9ms
[2020-10-30T18:22:35.360-0900][gc,phases    ] GC(8)   Post Evacuate Collection Set: 0.5ms
[2020-10-30T18:22:35.360-0900][gc,phases    ] GC(8)   Other: 2.3ms
[2020-10-30T18:22:35.360-0900][gc,heap      ] GC(8) Eden regions: 46->0(48)
[2020-10-30T18:22:35.360-0900][gc,heap      ] GC(8) Survivor regions: 5->3(7)
[2020-10-30T18:22:35.360-0900][gc,heap      ] GC(8) Old regions: 13->14
[2020-10-30T18:22:35.360-0900][gc,heap      ] GC(8) Archive regions: 2->2
[2020-10-30T18:22:35.360-0900][gc,heap      ] GC(8) Humongous regions: 129->129
[2020-10-30T18:22:35.360-0900][gc,metaspace ] GC(8) Metaspace: 39274K(41292K)->39274K(41292K) NonClass: 34531K(35584K)->34531K(35584K) Class: 4742K(5708K)->4742K(5708K)
[2020-10-30T18:22:35.360-0900][gc           ] GC(8) Pause Young (Normal) (G1 Evacuation Pause) 192M->146M(1024M) 13.072ms
[2020-10-30T18:22:35.360-0900][gc,cpu       ] GC(8) User=0.03s Sys=0.00s Real=0.02s
[2020-10-30T18:29:36.299-0900][gc,start     ] GC(9) Pause Young (Normal) (G1 Evacuation Pause)
[2020-10-30T18:29:36.300-0900][gc,task      ] GC(9) Using 4 workers of 4 for evacuation
[2020-10-30T18:29:36.374-0900][gc,mmu       ] GC(9) MMU target violated: 21.0ms (20.0ms/21.0ms)
[2020-10-30T18:29:36.374-0900][gc,phases    ] GC(9)   Pre Evacuate Collection Set: 1.9ms
[2020-10-30T18:29:36.374-0900][gc,phases    ] GC(9)   Merge Heap Roots: 0.1ms
[2020-10-30T18:29:36.374-0900][gc,phases    ] GC(9)   Evacuate Collection Set: 71.1ms
[2020-10-30T18:29:36.374-0900][gc,phases    ] GC(9)   Post Evacuate Collection Set: 1.1ms
[2020-10-30T18:29:36.374-0900][gc,phases    ] GC(9)   Other: 0.9ms
[2020-10-30T18:29:36.374-0900][gc,heap      ] GC(9) Eden regions: 48->0(47)
[2020-10-30T18:29:36.374-0900][gc,heap      ] GC(9) Survivor regions: 3->4(7)
[2020-10-30T18:29:36.374-0900][gc,heap      ] GC(9) Old regions: 14->14
[2020-10-30T18:29:36.375-0900][gc,heap      ] GC(9) Archive regions: 2->2
[2020-10-30T18:29:36.375-0900][gc,heap      ] GC(9) Humongous regions: 129->129
[2020-10-30T18:29:36.375-0900][gc,metaspace ] GC(9) Metaspace: 39341K(41292K)->39341K(41292K) NonClass: 34598K(35584K)->34598K(35584K) Class: 4742K(5708K)->4742K(5708K)
[2020-10-30T18:29:36.375-0900][gc           ] GC(9) Pause Young (Normal) (G1 Evacuation Pause) 194M->146M(1024M) 75.292ms
[2020-10-30T18:29:36.375-0900][gc,cpu       ] GC(9) User=0.03s Sys=0.07s Real=0.08s
[2020-10-30T18:36:36.317-0900][gc,start     ] GC(10) Pause Young (Normal) (G1 Evacuation Pause)
[2020-10-30T18:36:36.317-0900][gc,task      ] GC(10) Using 4 workers of 4 for evacuation
[2020-10-30T18:36:36.352-0900][gc,mmu       ] GC(10) MMU target violated: 21.0ms (20.0ms/21.0ms)
[2020-10-30T18:36:36.352-0900][gc,phases    ] GC(10)   Pre Evacuate Collection Set: 6.6ms
[2020-10-30T18:36:36.352-0900][gc,phases    ] GC(10)   Merge Heap Roots: 0.1ms
[2020-10-30T18:36:36.352-0900][gc,phases    ] GC(10)   Evacuate Collection Set: 26.8ms
[2020-10-30T18:36:36.352-0900][gc,phases    ] GC(10)   Post Evacuate Collection Set: 1.3ms
[2020-10-30T18:36:36.353-0900][gc,phases    ] GC(10)   Other: 1.4ms
[2020-10-30T18:36:36.353-0900][gc,heap      ] GC(10) Eden regions: 47->0(47)
[2020-10-30T18:36:36.353-0900][gc,heap      ] GC(10) Survivor regions: 4->4(7)
[2020-10-30T18:36:36.353-0900][gc,heap      ] GC(10) Old regions: 14->14
[2020-10-30T18:36:36.353-0900][gc,heap      ] GC(10) Archive regions: 2->2
[2020-10-30T18:36:36.353-0900][gc,heap      ] GC(10) Humongous regions: 129->129
[2020-10-30T18:36:36.353-0900][gc,metaspace ] GC(10) Metaspace: 39385K(41548K)->39385K(41548K) NonClass: 34641K(35840K)->34641K(35840K) Class: 4744K(5708K)->4744K(5708K)
[2020-10-30T18:36:36.353-0900][gc           ] GC(10) Pause Young (Normal) (G1 Evacuation Pause) 193M->146M(1024M) 36.437ms
[2020-10-30T18:36:36.353-0900][gc,cpu       ] GC(10) User=0.03s Sys=0.04s Real=0.04s
[2020-10-30T18:43:42.364-0900][gc,start     ] GC(11) Pause Young (Normal) (G1 Evacuation Pause)
[2020-10-30T18:43:42.365-0900][gc,task      ] GC(11) Using 4 workers of 4 for evacuation
[2020-10-30T18:43:42.391-0900][gc,mmu       ] GC(11) MMU target violated: 21.0ms (20.0ms/21.0ms)
[2020-10-30T18:43:42.391-0900][gc,phases    ] GC(11)   Pre Evacuate Collection Set: 2.0ms
[2020-10-30T18:43:42.391-0900][gc,phases    ] GC(11)   Merge Heap Roots: 0.3ms
[2020-10-30T18:43:42.391-0900][gc,phases    ] GC(11)   Evacuate Collection Set: 21.5ms
[2020-10-30T18:43:42.391-0900][gc,phases    ] GC(11)   Post Evacuate Collection Set: 1.8ms
[2020-10-30T18:43:42.391-0900][gc,phases    ] GC(11)   Other: 1.3ms
[2020-10-30T18:43:42.391-0900][gc,heap      ] GC(11) Eden regions: 47->0(46)
[2020-10-30T18:43:42.391-0900][gc,heap      ] GC(11) Survivor regions: 4->5(7)
[2020-10-30T18:43:42.391-0900][gc,heap      ] GC(11) Old regions: 14->14
[2020-10-30T18:43:42.391-0900][gc,heap      ] GC(11) Archive regions: 2->2
[2020-10-30T18:43:42.391-0900][gc,heap      ] GC(11) Humongous regions: 129->129
[2020-10-30T18:43:42.391-0900][gc,metaspace ] GC(11) Metaspace: 39406K(41548K)->39406K(41548K) NonClass: 34662K(35840K)->34662K(35840K) Class: 4744K(5708K)->4744K(5708K)
[2020-10-30T18:43:42.392-0900][gc           ] GC(11) Pause Young (Normal) (G1 Evacuation Pause) 193M->147M(1024M) 27.593ms
[2020-10-30T18:43:42.392-0900][gc,cpu       ] GC(11) User=0.02s Sys=0.04s Real=0.03s
[2020-10-30T18:50:37.345-0900][gc,start     ] GC(12) Pause Young (Normal) (G1 Evacuation Pause)
[2020-10-30T18:50:37.345-0900][gc,task      ] GC(12) Using 4 workers of 4 for evacuation
[2020-10-30T18:50:37.355-0900][gc,phases    ] GC(12)   Pre Evacuate Collection Set: 0.2ms
[2020-10-30T18:50:37.355-0900][gc,phases    ] GC(12)   Merge Heap Roots: 0.1ms
[2020-10-30T18:50:37.355-0900][gc,phases    ] GC(12)   Evacuate Collection Set: 9.2ms
[2020-10-30T18:50:37.355-0900][gc,phases    ] GC(12)   Post Evacuate Collection Set: 0.3ms
[2020-10-30T18:50:37.355-0900][gc,phases    ] GC(12)   Other: 1.4ms
[2020-10-30T18:50:37.355-0900][gc,heap      ] GC(12) Eden regions: 46->0(47)
[2020-10-30T18:50:37.355-0900][gc,heap      ] GC(12) Survivor regions: 5->4(7)
[2020-10-30T18:50:37.355-0900][gc,heap      ] GC(12) Old regions: 14->15
[2020-10-30T18:50:37.355-0900][gc,heap      ] GC(12) Archive regions: 2->2
[2020-10-30T18:50:37.355-0900][gc,heap      ] GC(12) Humongous regions: 129->129
[2020-10-30T18:50:37.355-0900][gc,metaspace ] GC(12) Metaspace: 39439K(41548K)->39439K(41548K) NonClass: 34695K(35840K)->34695K(35840K) Class: 4744K(5708K)->4744K(5708K)
[2020-10-30T18:50:37.355-0900][gc           ] GC(12) Pause Young (Normal) (G1 Evacuation Pause) 193M->148M(1024M) 10.544ms
[2020-10-30T18:50:37.355-0900][gc,cpu       ] GC(12) User=0.03s Sys=0.01s Real=0.01s
[2020-10-30T18:57:43.055-0900][gc,start     ] GC(13) Pause Young (Normal) (G1 Evacuation Pause)
[2020-10-30T18:57:43.057-0900][gc,task      ] GC(13) Using 4 workers of 4 for evacuation
[2020-10-30T18:57:43.080-0900][gc,mmu       ] GC(13) MMU target violated: 21.0ms (20.0ms/21.0ms)
[2020-10-30T18:57:43.080-0900][gc,phases    ] GC(13)   Pre Evacuate Collection Set: 1.8ms
[2020-10-30T18:57:43.080-0900][gc,phases    ] GC(13)   Merge Heap Roots: 0.2ms
[2020-10-30T18:57:43.080-0900][gc,phases    ] GC(13)   Evacuate Collection Set: 19.9ms
[2020-10-30T18:57:43.080-0900][gc,phases    ] GC(13)   Post Evacuate Collection Set: 0.9ms
[2020-10-30T18:57:43.080-0900][gc,phases    ] GC(13)   Other: 1.6ms
[2020-10-30T18:57:43.080-0900][gc,heap      ] GC(13) Eden regions: 47->0(46)
[2020-10-30T18:57:43.080-0900][gc,heap      ] GC(13) Survivor regions: 4->5(7)
[2020-10-30T18:57:43.080-0900][gc,heap      ] GC(13) Old regions: 15->15
[2020-10-30T18:57:43.080-0900][gc,heap      ] GC(13) Archive regions: 2->2
[2020-10-30T18:57:43.080-0900][gc,heap      ] GC(13) Humongous regions: 129->129
[2020-10-30T18:57:43.080-0900][gc,metaspace ] GC(13) Metaspace: 39460K(41548K)->39460K(41548K) NonClass: 34716K(35840K)->34716K(35840K) Class: 4744K(5708K)->4744K(5708K)
[2020-10-30T18:57:43.080-0900][gc           ] GC(13) Pause Young (Normal) (G1 Evacuation Pause) 195M->148M(1024M) 24.482ms
[2020-10-30T18:57:43.080-0900][gc,cpu       ] GC(13) User=0.02s Sys=0.03s Real=0.03s
[2020-10-30T19:04:01.708-0900][gc,start     ] GC(14) Pause Young (Normal) (G1 Evacuation Pause)
[2020-10-30T19:04:01.708-0900][gc,task      ] GC(14) Using 4 workers of 4 for evacuation
[2020-10-30T19:04:01.731-0900][gc,mmu       ] GC(14) MMU target violated: 21.0ms (20.0ms/21.0ms)
[2020-10-30T19:04:01.731-0900][gc,phases    ] GC(14)   Pre Evacuate Collection Set: 1.7ms
[2020-10-30T19:04:01.731-0900][gc,phases    ] GC(14)   Merge Heap Roots: 0.2ms
[2020-10-30T19:04:01.731-0900][gc,phases    ] GC(14)   Evacuate Collection Set: 20.0ms
[2020-10-30T19:04:01.731-0900][gc,phases    ] GC(14)   Post Evacuate Collection Set: 1.1ms
[2020-10-30T19:04:01.732-0900][gc,phases    ] GC(14)   Other: 1.5ms
[2020-10-30T19:04:01.732-0900][gc,heap      ] GC(14) Eden regions: 46->0(46)
[2020-10-30T19:04:01.732-0900][gc,heap      ] GC(14) Survivor regions: 5->5(7)
[2020-10-30T19:04:01.732-0900][gc,heap      ] GC(14) Old regions: 15->16
[2020-10-30T19:04:01.732-0900][gc,heap      ] GC(14) Archive regions: 2->2
[2020-10-30T19:04:01.732-0900][gc,heap      ] GC(14) Humongous regions: 129->129
[2020-10-30T19:04:01.732-0900][gc,metaspace ] GC(14) Metaspace: 39494K(41548K)->39494K(41548K) NonClass: 34740K(35840K)->34740K(35840K) Class: 4754K(5708K)->4754K(5708K)
[2020-10-30T19:04:01.732-0900][gc           ] GC(14) Pause Young (Normal) (G1 Evacuation Pause) 194M->149M(1024M) 24.006ms
[2020-10-30T19:04:01.732-0900][gc,cpu       ] GC(14) User=0.04s Sys=0.03s Real=0.03s
[2020-10-30T19:10:55.612-0900][gc,start     ] GC(15) Pause Young (Normal) (G1 Evacuation Pause)
[2020-10-30T19:10:55.613-0900][gc,task      ] GC(15) Using 4 workers of 4 for evacuation
[2020-10-30T19:10:55.635-0900][gc,mmu       ] GC(15) MMU target violated: 21.0ms (20.0ms/21.0ms)
[2020-10-30T19:10:55.635-0900][gc,phases    ] GC(15)   Pre Evacuate Collection Set: 2.2ms
[2020-10-30T19:10:55.635-0900][gc,phases    ] GC(15)   Merge Heap Roots: 0.2ms
[2020-10-30T19:10:55.635-0900][gc,phases    ] GC(15)   Evacuate Collection Set: 18.4ms
[2020-10-30T19:10:55.635-0900][gc,phases    ] GC(15)   Post Evacuate Collection Set: 1.0ms
[2020-10-30T19:10:55.635-0900][gc,phases    ] GC(15)   Other: 1.6ms
[2020-10-30T19:10:55.635-0900][gc,heap      ] GC(15) Eden regions: 46->0(47)
[2020-10-30T19:10:55.635-0900][gc,heap      ] GC(15) Survivor regions: 5->4(7)
[2020-10-30T19:10:55.635-0900][gc,heap      ] GC(15) Old regions: 16->17
[2020-10-30T19:10:55.635-0900][gc,heap      ] GC(15) Archive regions: 2->2
[2020-10-30T19:10:55.635-0900][gc,heap      ] GC(15) Humongous regions: 129->129
[2020-10-30T19:10:55.635-0900][gc,metaspace ] GC(15) Metaspace: 39516K(41548K)->39516K(41548K) NonClass: 34761K(35840K)->34761K(35840K) Class: 4754K(5708K)->4754K(5708K)
[2020-10-30T19:10:55.635-0900][gc           ] GC(15) Pause Young (Normal) (G1 Evacuation Pause) 195M->150M(1024M) 23.483ms
[2020-10-30T19:10:55.636-0900][gc,cpu       ] GC(15) User=0.03s Sys=0.04s Real=0.02s
[2020-10-30T19:17:58.200-0900][gc,start     ] GC(16) Pause Young (Normal) (G1 Evacuation Pause)
[2020-10-30T19:17:58.201-0900][gc,task      ] GC(16) Using 4 workers of 4 for evacuation
[2020-10-30T19:17:58.219-0900][gc,phases    ] GC(16)   Pre Evacuate Collection Set: 1.7ms
[2020-10-30T19:17:58.219-0900][gc,phases    ] GC(16)   Merge Heap Roots: 0.2ms
[2020-10-30T19:17:58.219-0900][gc,phases    ] GC(16)   Evacuate Collection Set: 14.5ms
[2020-10-30T19:17:58.219-0900][gc,phases    ] GC(16)   Post Evacuate Collection Set: 0.9ms
[2020-10-30T19:17:58.219-0900][gc,phases    ] GC(16)   Other: 1.3ms
[2020-10-30T19:17:58.219-0900][gc,heap      ] GC(16) Eden regions: 47->0(48)
[2020-10-30T19:17:58.219-0900][gc,heap      ] GC(16) Survivor regions: 4->3(7)
[2020-10-30T19:17:58.219-0900][gc,heap      ] GC(16) Old regions: 17->18
[2020-10-30T19:17:58.219-0900][gc,heap      ] GC(16) Archive regions: 2->2
[2020-10-30T19:17:58.219-0900][gc,heap      ] GC(16) Humongous regions: 129->129
[2020-10-30T19:17:58.219-0900][gc,metaspace ] GC(16) Metaspace: 39520K(41548K)->39520K(41548K) NonClass: 34765K(35840K)->34765K(35840K) Class: 4754K(5708K)->4754K(5708K)
[2020-10-30T19:17:58.219-0900][gc           ] GC(16) Pause Young (Normal) (G1 Evacuation Pause) 197M->150M(1024M) 18.752ms
[2020-10-30T19:17:58.219-0900][gc,cpu       ] GC(16) User=0.02s Sys=0.02s Real=0.01s
[2020-10-30T19:25:12.262-0900][gc,start     ] GC(17) Pause Young (Normal) (G1 Evacuation Pause)
[2020-10-30T19:25:12.263-0900][gc,task      ] GC(17) Using 4 workers of 4 for evacuation
[2020-10-30T19:25:12.277-0900][gc,phases    ] GC(17)   Pre Evacuate Collection Set: 3.0ms
[2020-10-30T19:25:12.277-0900][gc,phases    ] GC(17)   Merge Heap Roots: 0.1ms
[2020-10-30T19:25:12.277-0900][gc,phases    ] GC(17)   Evacuate Collection Set: 10.0ms
[2020-10-30T19:25:12.277-0900][gc,phases    ] GC(17)   Post Evacuate Collection Set: 0.8ms
[2020-10-30T19:25:12.277-0900][gc,phases    ] GC(17)   Other: 1.1ms
[2020-10-30T19:25:12.277-0900][gc,heap      ] GC(17) Eden regions: 48->0(47)
[2020-10-30T19:25:12.277-0900][gc,heap      ] GC(17) Survivor regions: 3->4(7)
[2020-10-30T19:25:12.277-0900][gc,heap      ] GC(17) Old regions: 18->18
[2020-10-30T19:25:12.277-0900][gc,heap      ] GC(17) Archive regions: 2->2
[2020-10-30T19:25:12.277-0900][gc,heap      ] GC(17) Humongous regions: 129->129
[2020-10-30T19:25:12.277-0900][gc,metaspace ] GC(17) Metaspace: 39528K(41548K)->39528K(41548K) NonClass: 34773K(35840K)->34773K(35840K) Class: 4754K(5708K)->4754K(5708K)
[2020-10-30T19:25:12.277-0900][gc           ] GC(17) Pause Young (Normal) (G1 Evacuation Pause) 198M->150M(1024M) 15.042ms
[2020-10-30T19:25:12.277-0900][gc,cpu       ] GC(17) User=0.02s Sys=0.03s Real=0.01s
[2020-10-30T19:31:22.934-0900][gc,start     ] GC(18) Pause Young (Normal) (G1 Evacuation Pause)
[2020-10-30T19:31:22.935-0900][gc,task      ] GC(18) Using 4 workers of 4 for evacuation
[2020-10-30T19:31:22.958-0900][gc,mmu       ] GC(18) MMU target violated: 21.0ms (20.0ms/21.0ms)
[2020-10-30T19:31:22.958-0900][gc,phases    ] GC(18)   Pre Evacuate Collection Set: 2.2ms
[2020-10-30T19:31:22.958-0900][gc,phases    ] GC(18)   Merge Heap Roots: 0.3ms
[2020-10-30T19:31:22.958-0900][gc,phases    ] GC(18)   Evacuate Collection Set: 19.0ms
[2020-10-30T19:31:22.958-0900][gc,phases    ] GC(18)   Post Evacuate Collection Set: 0.7ms
[2020-10-30T19:31:22.958-0900][gc,phases    ] GC(18)   Other: 1.6ms
[2020-10-30T19:31:22.958-0900][gc,heap      ] GC(18) Eden regions: 47->0(46)
[2020-10-30T19:31:22.958-0900][gc,heap      ] GC(18) Survivor regions: 4->5(7)
[2020-10-30T19:31:22.958-0900][gc,heap      ] GC(18) Old regions: 18->18
[2020-10-30T19:31:22.958-0900][gc,heap      ] GC(18) Archive regions: 2->2
[2020-10-30T19:31:22.958-0900][gc,heap      ] GC(18) Humongous regions: 129->129
[2020-10-30T19:31:22.958-0900][gc,metaspace ] GC(18) Metaspace: 40161K(42316K)->40161K(42316K) NonClass: 35258K(36352K)->35258K(36352K) Class: 4902K(5964K)->4902K(5964K)
[2020-10-30T19:31:22.958-0900][gc           ] GC(18) Pause Young (Normal) (G1 Evacuation Pause) 197M->151M(1024M) 23.751ms
[2020-10-30T19:31:22.958-0900][gc,cpu       ] GC(18) User=0.03s Sys=0.04s Real=0.02s
[2020-10-30T19:37:50.021-0900][gc,start     ] GC(19) Pause Young (Normal) (G1 Evacuation Pause)
[2020-10-30T19:37:50.022-0900][gc,task      ] GC(19) Using 4 workers of 4 for evacuation
[2020-10-30T19:37:50.040-0900][gc,phases    ] GC(19)   Pre Evacuate Collection Set: 2.3ms
[2020-10-30T19:37:50.040-0900][gc,phases    ] GC(19)   Merge Heap Roots: 0.1ms
[2020-10-30T19:37:50.040-0900][gc,phases    ] GC(19)   Evacuate Collection Set: 13.0ms
[2020-10-30T19:37:50.040-0900][gc,phases    ] GC(19)   Post Evacuate Collection Set: 0.8ms
[2020-10-30T19:37:50.040-0900][gc,phases    ] GC(19)   Other: 2.9ms
[2020-10-30T19:37:50.040-0900][gc,heap      ] GC(19) Eden regions: 46->0(56)
[2020-10-30T19:37:50.040-0900][gc,heap      ] GC(19) Survivor regions: 5->4(7)
[2020-10-30T19:37:50.040-0900][gc,heap      ] GC(19) Old regions: 18->19
[2020-10-30T19:37:50.040-0900][gc,heap      ] GC(19) Archive regions: 2->2
[2020-10-30T19:37:50.040-0900][gc,heap      ] GC(19) Humongous regions: 129->129
[2020-10-30T19:37:50.040-0900][gc,metaspace ] GC(19) Metaspace: 40187K(42316K)->40187K(42316K) NonClass: 35277K(36352K)->35277K(36352K) Class: 4910K(5964K)->4910K(5964K)
[2020-10-30T19:37:50.040-0900][gc           ] GC(19) Pause Young (Normal) (G1 Evacuation Pause) 197M->151M(1024M) 19.249ms
[2020-10-30T19:37:50.040-0900][gc,cpu       ] GC(19) User=0.02s Sys=0.03s Real=0.02s
[2020-10-30T19:45:04.955-0900][gc,start     ] GC(20) Pause Young (Normal) (G1 Evacuation Pause)
[2020-10-30T19:45:04.956-0900][gc,task      ] GC(20) Using 4 workers of 4 for evacuation
[2020-10-30T19:45:04.981-0900][gc,mmu       ] GC(20) MMU target violated: 21.0ms (20.0ms/21.0ms)
[2020-10-30T19:45:04.981-0900][gc,phases    ] GC(20)   Pre Evacuate Collection Set: 3.3ms
[2020-10-30T19:45:04.981-0900][gc,phases    ] GC(20)   Merge Heap Roots: 0.5ms
[2020-10-30T19:45:04.981-0900][gc,phases    ] GC(20)   Evacuate Collection Set: 20.3ms
[2020-10-30T19:45:04.981-0900][gc,phases    ] GC(20)   Post Evacuate Collection Set: 0.8ms
[2020-10-30T19:45:04.981-0900][gc,phases    ] GC(20)   Other: 1.4ms
[2020-10-30T19:45:04.981-0900][gc,heap      ] GC(20) Eden regions: 51->0(46)
[2020-10-30T19:45:04.981-0900][gc,heap      ] GC(20) Survivor regions: 4->5(7)
[2020-10-30T19:45:04.981-0900][gc,heap      ] GC(20) Old regions: 19->19
[2020-10-30T19:45:04.981-0900][gc,heap      ] GC(20) Archive regions: 2->2
[2020-10-30T19:45:04.981-0900][gc,heap      ] GC(20) Humongous regions: 129->129
[2020-10-30T19:45:04.981-0900][gc,metaspace ] GC(20) Metaspace: 40196K(42316K)->40196K(42316K) NonClass: 35286K(36352K)->35286K(36352K) Class: 4910K(5964K)->4910K(5964K)
[2020-10-30T19:45:04.982-0900][gc           ] GC(20) Pause Young (Normal) (G1 Evacuation Pause) 202M->152M(1024M) 26.372ms
[2020-10-30T19:45:04.982-0900][gc,cpu       ] GC(20) User=0.03s Sys=0.05s Real=0.03s
[2020-10-30T19:51:36.178-0900][gc,start     ] GC(21) Pause Young (Normal) (G1 Evacuation Pause)
[2020-10-30T19:51:36.180-0900][gc,task      ] GC(21) Using 4 workers of 4 for evacuation
[2020-10-30T19:51:36.187-0900][gc,phases    ] GC(21)   Pre Evacuate Collection Set: 0.1ms
[2020-10-30T19:51:36.187-0900][gc,phases    ] GC(21)   Merge Heap Roots: 0.1ms
[2020-10-30T19:51:36.187-0900][gc,phases    ] GC(21)   Evacuate Collection Set: 6.6ms
[2020-10-30T19:51:36.187-0900][gc,phases    ] GC(21)   Post Evacuate Collection Set: 0.3ms
[2020-10-30T19:51:36.187-0900][gc,phases    ] GC(21)   Other: 1.4ms
[2020-10-30T19:51:36.187-0900][gc,heap      ] GC(21) Eden regions: 46->0(96)
[2020-10-30T19:51:36.187-0900][gc,heap      ] GC(21) Survivor regions: 5->4(7)
[2020-10-30T19:51:36.187-0900][gc,heap      ] GC(21) Old regions: 19->20
[2020-10-30T19:51:36.187-0900][gc,heap      ] GC(21) Archive regions: 2->2
[2020-10-30T19:51:36.187-0900][gc,heap      ] GC(21) Humongous regions: 129->129
[2020-10-30T19:51:36.187-0900][gc,metaspace ] GC(21) Metaspace: 40199K(42316K)->40199K(42316K) NonClass: 35288K(36352K)->35288K(36352K) Class: 4910K(5964K)->4910K(5964K)
[2020-10-30T19:51:36.187-0900][gc           ] GC(21) Pause Young (Normal) (G1 Evacuation Pause) 198M->152M(1024M) 8.757ms
[2020-10-30T19:51:36.187-0900][gc,cpu       ] GC(21) User=0.03s Sys=0.00s Real=0.01s
[2020-10-30T20:04:00.268-0900][gc,start     ] GC(22) Pause Young (Normal) (G1 Evacuation Pause)
[2020-10-30T20:04:00.269-0900][gc,task      ] GC(22) Using 4 workers of 4 for evacuation
[2020-10-30T20:04:00.286-0900][gc,phases    ] GC(22)   Pre Evacuate Collection Set: 3.0ms
[2020-10-30T20:04:00.286-0900][gc,phases    ] GC(22)   Merge Heap Roots: 0.1ms
[2020-10-30T20:04:00.286-0900][gc,phases    ] GC(22)   Evacuate Collection Set: 12.8ms
[2020-10-30T20:04:00.287-0900][gc,phases    ] GC(22)   Post Evacuate Collection Set: 1.2ms
[2020-10-30T20:04:00.287-0900][gc,phases    ] GC(22)   Other: 1.7ms
[2020-10-30T20:04:00.287-0900][gc,heap      ] GC(22) Eden regions: 90->0(45)
[2020-10-30T20:04:00.287-0900][gc,heap      ] GC(22) Survivor regions: 4->6(12)
[2020-10-30T20:04:00.287-0900][gc,heap      ] GC(22) Old regions: 20->20
[2020-10-30T20:04:00.287-0900][gc,heap      ] GC(22) Archive regions: 2->2
[2020-10-30T20:04:00.287-0900][gc,heap      ] GC(22) Humongous regions: 129->129
[2020-10-30T20:04:00.287-0900][gc,metaspace ] GC(22) Metaspace: 40208K(42316K)->40208K(42316K) NonClass: 35297K(36352K)->35297K(36352K) Class: 4910K(5964K)->4910K(5964K)
[2020-10-30T20:04:00.287-0900][gc           ] GC(22) Pause Young (Normal) (G1 Evacuation Pause) 242M->154M(1024M) 19.125ms
[2020-10-30T20:04:00.287-0900][gc,cpu       ] GC(22) User=0.04s Sys=0.03s Real=0.02s
[2020-10-30T20:12:22.521-0900][gc,start     ] GC(23) Pause Young (Normal) (G1 Evacuation Pause)
[2020-10-30T20:12:22.522-0900][gc,task      ] GC(23) Using 4 workers of 4 for evacuation
[2020-10-30T20:12:22.552-0900][gc,mmu       ] GC(23) MMU target violated: 21.0ms (20.0ms/21.0ms)
[2020-10-30T20:12:22.552-0900][gc,phases    ] GC(23)   Pre Evacuate Collection Set: 3.9ms
[2020-10-30T20:12:22.552-0900][gc,phases    ] GC(23)   Merge Heap Roots: 0.2ms
[2020-10-30T20:12:22.552-0900][gc,phases    ] GC(23)   Evacuate Collection Set: 23.5ms
[2020-10-30T20:12:22.552-0900][gc,phases    ] GC(23)   Post Evacuate Collection Set: 1.3ms
[2020-10-30T20:12:22.552-0900][gc,phases    ] GC(23)   Other: 1.9ms
[2020-10-30T20:12:22.552-0900][gc,heap      ] GC(23) Eden regions: 45->0(71)
[2020-10-30T20:12:22.552-0900][gc,heap      ] GC(23) Survivor regions: 6->3(7)
[2020-10-30T20:12:22.552-0900][gc,heap      ] GC(23) Old regions: 20->23
[2020-10-30T20:12:22.552-0900][gc,heap      ] GC(23) Archive regions: 2->2
[2020-10-30T20:12:22.552-0900][gc,heap      ] GC(23) Humongous regions: 129->129
[2020-10-30T20:12:22.552-0900][gc,metaspace ] GC(23) Metaspace: 40218K(42572K)->40218K(42572K) NonClass: 35307K(36608K)->35307K(36608K) Class: 4910K(5964K)->4910K(5964K)
[2020-10-30T20:12:22.552-0900][gc           ] GC(23) Pause Young (Normal) (G1 Evacuation Pause) 199M->155M(1024M) 30.904ms
[2020-10-30T20:12:22.552-0900][gc,cpu       ] GC(23) User=0.04s Sys=0.04s Real=0.03s
[2020-10-30T20:54:26.509-0900][gc,start     ] GC(24) Pause Young (Normal) (G1 Evacuation Pause)
[2020-10-30T20:54:26.510-0900][gc,task      ] GC(24) Using 4 workers of 4 for evacuation
[2020-10-30T20:54:26.531-0900][gc,mmu       ] GC(24) MMU target violated: 20.8ms (20.0ms/21.0ms)
[2020-10-30T20:54:26.531-0900][gc,phases    ] GC(24)   Pre Evacuate Collection Set: 0.2ms
[2020-10-30T20:54:26.531-0900][gc,phases    ] GC(24)   Merge Heap Roots: 0.1ms
[2020-10-30T20:54:26.531-0900][gc,phases    ] GC(24)   Evacuate Collection Set: 20.0ms
[2020-10-30T20:54:26.531-0900][gc,phases    ] GC(24)   Post Evacuate Collection Set: 0.3ms
[2020-10-30T20:54:26.531-0900][gc,phases    ] GC(24)   Other: 1.6ms
[2020-10-30T20:54:26.531-0900][gc,heap      ] GC(24) Eden regions: 71->0(44)
[2020-10-30T20:54:26.531-0900][gc,heap      ] GC(24) Survivor regions: 3->7(10)
[2020-10-30T20:54:26.531-0900][gc,heap      ] GC(24) Old regions: 23->23
[2020-10-30T20:54:26.531-0900][gc,heap      ] GC(24) Archive regions: 2->2
[2020-10-30T20:54:26.531-0900][gc,heap      ] GC(24) Humongous regions: 129->129
[2020-10-30T20:54:26.531-0900][gc,metaspace ] GC(24) Metaspace: 40240K(42572K)->40240K(42572K) NonClass: 35330K(36608K)->35330K(36608K) Class: 4910K(5964K)->4910K(5964K)
[2020-10-30T20:54:26.531-0900][gc           ] GC(24) Pause Young (Normal) (G1 Evacuation Pause) 226M->158M(1024M) 22.404ms
[2020-10-30T20:54:26.531-0900][gc,cpu       ] GC(24) User=0.04s Sys=0.03s Real=0.03s
[2020-10-31T15:46:10.899-0900][gc,start     ] GC(25) Pause Young (Normal) (G1 Evacuation Pause)
[2020-10-31T15:46:10.900-0900][gc,task      ] GC(25) Using 4 workers of 4 for evacuation
[2020-10-31T15:46:10.940-0900][gc,mmu       ] GC(25) MMU target violated: 21.0ms (20.0ms/21.0ms)
[2020-10-31T15:46:10.940-0900][gc,phases    ] GC(25)   Pre Evacuate Collection Set: 3.6ms
[2020-10-31T15:46:10.940-0900][gc,phases    ] GC(25)   Merge Heap Roots: 0.2ms
[2020-10-31T15:46:10.940-0900][gc,phases    ] GC(25)   Evacuate Collection Set: 34.8ms
[2020-10-31T15:46:10.940-0900][gc,phases    ] GC(25)   Post Evacuate Collection Set: 0.7ms
[2020-10-31T15:46:10.940-0900][gc,phases    ] GC(25)   Other: 1.9ms
[2020-10-31T15:46:10.940-0900][gc,heap      ] GC(25) Eden regions: 44->0(47)
[2020-10-31T15:46:10.940-0900][gc,heap      ] GC(25) Survivor regions: 7->4(7)
[2020-10-31T15:46:10.940-0900][gc,heap      ] GC(25) Old regions: 23->28
[2020-10-31T15:46:10.940-0900][gc,heap      ] GC(25) Archive regions: 2->2
[2020-10-31T15:46:10.940-0900][gc,heap      ] GC(25) Humongous regions: 129->129
[2020-10-31T15:46:10.940-0900][gc,metaspace ] GC(25) Metaspace: 40308K(42572K)->40308K(42572K) NonClass: 35387K(36608K)->35387K(36608K) Class: 4920K(5964K)->4920K(5964K)
[2020-10-31T15:46:10.940-0900][gc           ] GC(25) Pause Young (Normal) (G1 Evacuation Pause) 202M->161M(1024M) 41.264ms
[2020-10-31T15:46:10.940-0900][gc,cpu       ] GC(25) User=0.05s Sys=0.09s Real=0.05s
[2020-10-31T15:53:09.419-0900][gc,start     ] GC(26) Pause Young (Normal) (G1 Evacuation Pause)
[2020-10-31T15:53:09.420-0900][gc,task      ] GC(26) Using 4 workers of 4 for evacuation
[2020-10-31T15:53:09.428-0900][gc,phases    ] GC(26)   Pre Evacuate Collection Set: 0.1ms
[2020-10-31T15:53:09.428-0900][gc,phases    ] GC(26)   Merge Heap Roots: 0.1ms
[2020-10-31T15:53:09.428-0900][gc,phases    ] GC(26)   Evacuate Collection Set: 7.2ms
[2020-10-31T15:53:09.428-0900][gc,phases    ] GC(26)   Post Evacuate Collection Set: 0.4ms
[2020-10-31T15:53:09.428-0900][gc,phases    ] GC(26)   Other: 1.8ms
[2020-10-31T15:53:09.428-0900][gc,heap      ] GC(26) Eden regions: 47->0(58)
[2020-10-31T15:53:09.429-0900][gc,heap      ] GC(26) Survivor regions: 4->3(7)
[2020-10-31T15:53:09.429-0900][gc,heap      ] GC(26) Old regions: 28->28
[2020-10-31T15:53:09.429-0900][gc,heap      ] GC(26) Archive regions: 2->2
[2020-10-31T15:53:09.429-0900][gc,heap      ] GC(26) Humongous regions: 129->129
[2020-10-31T15:53:09.429-0900][gc,metaspace ] GC(26) Metaspace: 40312K(42572K)->40312K(42572K) NonClass: 35391K(36608K)->35391K(36608K) Class: 4920K(5964K)->4920K(5964K)
[2020-10-31T15:53:09.429-0900][gc           ] GC(26) Pause Young (Normal) (G1 Evacuation Pause) 208M->160M(1024M) 9.659ms
[2020-10-31T15:53:09.429-0900][gc,cpu       ] GC(26) User=0.02s Sys=0.01s Real=0.01s
