[2020-09-20T07:23:27.992-0900][gc,heap] Heap region size: 1M
[2020-09-20T07:23:27.992-0900][gc,heap,coops] Heap address: 0x00000007c0000000, size: 1024 MB, Compressed Oops mode: Zero based, Oop shift amount: 3
[2020-09-20T07:23:28.004-0900][gc           ] Using G1
[2020-09-20T07:23:28.005-0900][gc,cds       ] Mark closed archive regions in map: [0x00000007fff00000, 0x00000007fff7aff8]
[2020-09-20T07:23:28.005-0900][gc,cds       ] Mark open archive regions in map: [0x00000007ffe00000, 0x00000007ffe50ff8]
[2020-09-20T07:23:28.027-0900][gc           ] Periodic GC disabled
[2020-09-20T07:23:29.688-0900][gc,start     ] GC(0) Pause Young (Normal) (G1 Evacuation Pause)
[2020-09-20T07:23:29.688-0900][gc,task      ] GC(0) Using 4 workers of 4 for evacuation
[2020-09-20T07:23:29.698-0900][gc,phases    ] GC(0)   Pre Evacuate Collection Set: 0.1ms
[2020-09-20T07:23:29.698-0900][gc,phases    ] GC(0)   Merge Heap Roots: 0.0ms
[2020-09-20T07:23:29.698-0900][gc,phases    ] GC(0)   Evacuate Collection Set: 8.6ms
[2020-09-20T07:23:29.698-0900][gc,phases    ] GC(0)   Post Evacuate Collection Set: 1.0ms
[2020-09-20T07:23:29.698-0900][gc,phases    ] GC(0)   Other: 0.4ms
[2020-09-20T07:23:29.698-0900][gc,heap      ] GC(0) Eden regions: 51->0(44)
[2020-09-20T07:23:29.698-0900][gc,heap      ] GC(0) Survivor regions: 0->7(7)
[2020-09-20T07:23:29.698-0900][gc,heap      ] GC(0) Old regions: 0->0
[2020-09-20T07:23:29.698-0900][gc,heap      ] GC(0) Archive regions: 2->2
[2020-09-20T07:23:29.698-0900][gc,heap      ] GC(0) Humongous regions: 0->0
[2020-09-20T07:23:29.698-0900][gc,metaspace ] GC(0) Metaspace: 15316K(16000K)->15316K(16000K) NonClass: 13408K(13824K)->13408K(13824K) Class: 1907K(2176K)->1907K(2176K)
[2020-09-20T07:23:29.698-0900][gc           ] GC(0) Pause Young (Normal) (G1 Evacuation Pause) 51M->6M(1024M) 10.429ms
[2020-09-20T07:23:29.698-0900][gc,cpu       ] GC(0) User=0.03s Sys=0.01s Real=0.01s
[2020-09-20T07:23:30.214-0900][gc,start     ] GC(1) Pause Young (Concurrent Start) (Metadata GC Threshold)
[2020-09-20T07:23:30.214-0900][gc,task      ] GC(1) Using 4 workers of 4 for evacuation
[2020-09-20T07:23:30.223-0900][gc,phases    ] GC(1)   Pre Evacuate Collection Set: 0.1ms
[2020-09-20T07:23:30.223-0900][gc,phases    ] GC(1)   Merge Heap Roots: 0.0ms
[2020-09-20T07:23:30.223-0900][gc,phases    ] GC(1)   Evacuate Collection Set: 8.2ms
[2020-09-20T07:23:30.223-0900][gc,phases    ] GC(1)   Post Evacuate Collection Set: 0.4ms
[2020-09-20T07:23:30.223-0900][gc,phases    ] GC(1)   Other: 0.2ms
[2020-09-20T07:23:30.223-0900][gc,heap      ] GC(1) Eden regions: 22->0(49)
[2020-09-20T07:23:30.223-0900][gc,heap      ] GC(1) Survivor regions: 7->2(7)
[2020-09-20T07:23:30.223-0900][gc,heap      ] GC(1) Old regions: 0->6
[2020-09-20T07:23:30.223-0900][gc,heap      ] GC(1) Archive regions: 2->2
[2020-09-20T07:23:30.223-0900][gc,heap      ] GC(1) Humongous regions: 0->0
[2020-09-20T07:23:30.223-0900][gc,metaspace ] GC(1) Metaspace: 20582K(21248K)->20582K(21248K) NonClass: 18048K(18432K)->18048K(18432K) Class: 2534K(2816K)->2534K(2816K)
[2020-09-20T07:23:30.223-0900][gc           ] GC(1) Pause Young (Concurrent Start) (Metadata GC Threshold) 28M->7M(1024M) 9.260ms
[2020-09-20T07:23:30.223-0900][gc,cpu       ] GC(1) User=0.02s Sys=0.01s Real=0.01s
[2020-09-20T07:23:30.223-0900][gc           ] GC(2) Concurrent Cycle
[2020-09-20T07:23:30.223-0900][gc,marking   ] GC(2) Concurrent Clear Claimed Marks
[2020-09-20T07:23:30.224-0900][gc,marking   ] GC(2) Concurrent Clear Claimed Marks 0.051ms
[2020-09-20T07:23:30.224-0900][gc,marking   ] GC(2) Concurrent Scan Root Regions
[2020-09-20T07:23:30.230-0900][gc,marking   ] GC(2) Concurrent Scan Root Regions 6.573ms
[2020-09-20T07:23:30.230-0900][gc,marking   ] GC(2) Concurrent Mark (2.247s)
[2020-09-20T07:23:30.230-0900][gc,marking   ] GC(2) Concurrent Mark From Roots
[2020-09-20T07:23:30.230-0900][gc,task      ] GC(2) Using 1 workers of 1 for marking
[2020-09-20T07:23:30.234-0900][gc,marking   ] GC(2) Concurrent Mark From Roots 3.279ms
[2020-09-20T07:23:30.234-0900][gc,marking   ] GC(2) Concurrent Preclean
[2020-09-20T07:23:30.234-0900][gc,marking   ] GC(2) Concurrent Preclean 0.067ms
[2020-09-20T07:23:30.234-0900][gc,marking   ] GC(2) Concurrent Mark (2.247s, 2.250s) 3.521ms
[2020-09-20T07:23:30.234-0900][gc,start     ] GC(2) Pause Remark
[2020-09-20T07:23:30.236-0900][gc           ] GC(2) Pause Remark 8M->8M(1024M) 1.634ms
[2020-09-20T07:23:30.236-0900][gc,cpu       ] GC(2) User=0.01s Sys=0.00s Real=0.00s
[2020-09-20T07:23:30.236-0900][gc,marking   ] GC(2) Concurrent Rebuild Remembered Sets
[2020-09-20T07:23:30.241-0900][gc,marking   ] GC(2) Concurrent Rebuild Remembered Sets 5.383ms
[2020-09-20T07:23:30.242-0900][gc,start     ] GC(2) Pause Cleanup
[2020-09-20T07:23:30.242-0900][gc           ] GC(2) Pause Cleanup 8M->8M(1024M) 0.222ms
[2020-09-20T07:23:30.242-0900][gc,cpu       ] GC(2) User=0.00s Sys=0.00s Real=0.00s
[2020-09-20T07:23:30.242-0900][gc,marking   ] GC(2) Concurrent Cleanup for Next Mark
[2020-09-20T07:23:30.258-0900][gc,marking   ] GC(2) Concurrent Cleanup for Next Mark 15.866ms
[2020-09-20T07:23:30.258-0900][gc           ] GC(2) Concurrent Cycle 34.811ms
[2020-09-20T07:23:31.507-0900][gc,start     ] GC(3) Pause Young (Normal) (G1 Evacuation Pause)
[2020-09-20T07:23:31.507-0900][gc,task      ] GC(3) Using 4 workers of 4 for evacuation
[2020-09-20T07:23:31.512-0900][gc,phases    ] GC(3)   Pre Evacuate Collection Set: 0.1ms
[2020-09-20T07:23:31.512-0900][gc,phases    ] GC(3)   Merge Heap Roots: 0.1ms
[2020-09-20T07:23:31.512-0900][gc,phases    ] GC(3)   Evacuate Collection Set: 4.9ms
[2020-09-20T07:23:31.512-0900][gc,phases    ] GC(3)   Post Evacuate Collection Set: 0.4ms
[2020-09-20T07:23:31.512-0900][gc,phases    ] GC(3)   Other: 0.1ms
[2020-09-20T07:23:31.512-0900][gc,heap      ] GC(3) Eden regions: 49->0(46)
[2020-09-20T07:23:31.512-0900][gc,heap      ] GC(3) Survivor regions: 2->5(7)
[2020-09-20T07:23:31.512-0900][gc,heap      ] GC(3) Old regions: 6->6
[2020-09-20T07:23:31.512-0900][gc,heap      ] GC(3) Archive regions: 2->2
[2020-09-20T07:23:31.512-0900][gc,heap      ] GC(3) Humongous regions: 129->129
[2020-09-20T07:23:31.512-0900][gc,metaspace ] GC(3) Metaspace: 28238K(29312K)->28238K(29312K) NonClass: 24969K(25600K)->24969K(25600K) Class: 3268K(3712K)->3268K(3712K)
[2020-09-20T07:23:31.512-0900][gc           ] GC(3) Pause Young (Normal) (G1 Evacuation Pause) 185M->140M(1024M) 5.759ms
[2020-09-20T07:23:31.512-0900][gc,cpu       ] GC(3) User=0.02s Sys=0.00s Real=0.01s
[2020-09-20T07:23:32.100-0900][gc,start     ] GC(4) Pause Young (Concurrent Start) (Metadata GC Threshold)
[2020-09-20T07:23:32.100-0900][gc,task      ] GC(4) Using 4 workers of 4 for evacuation
[2020-09-20T07:23:32.109-0900][gc,phases    ] GC(4)   Pre Evacuate Collection Set: 0.2ms
[2020-09-20T07:23:32.109-0900][gc,phases    ] GC(4)   Merge Heap Roots: 0.1ms
[2020-09-20T07:23:32.109-0900][gc,phases    ] GC(4)   Evacuate Collection Set: 7.1ms
[2020-09-20T07:23:32.109-0900][gc,phases    ] GC(4)   Post Evacuate Collection Set: 0.9ms
[2020-09-20T07:23:32.109-0900][gc,phases    ] GC(4)   Other: 0.2ms
[2020-09-20T07:23:32.109-0900][gc,heap      ] GC(4) Eden regions: 29->0(45)
[2020-09-20T07:23:32.109-0900][gc,heap      ] GC(4) Survivor regions: 5->6(7)
[2020-09-20T07:23:32.109-0900][gc,heap      ] GC(4) Old regions: 6->7
[2020-09-20T07:23:32.109-0900][gc,heap      ] GC(4) Archive regions: 2->2
[2020-09-20T07:23:32.109-0900][gc,heap      ] GC(4) Humongous regions: 129->129
[2020-09-20T07:23:32.109-0900][gc,metaspace ] GC(4) Metaspace: 34624K(35840K)->34624K(35840K) NonClass: 30608K(31232K)->30608K(31232K) Class: 4016K(4608K)->4016K(4608K)
[2020-09-20T07:23:32.109-0900][gc           ] GC(4) Pause Young (Concurrent Start) (Metadata GC Threshold) 168M->142M(1024M) 8.856ms
[2020-09-20T07:23:32.109-0900][gc,cpu       ] GC(4) User=0.03s Sys=0.00s Real=0.00s
[2020-09-20T07:23:32.109-0900][gc           ] GC(5) Concurrent Cycle
[2020-09-20T07:23:32.109-0900][gc,marking   ] GC(5) Concurrent Clear Claimed Marks
[2020-09-20T07:23:32.109-0900][gc,marking   ] GC(5) Concurrent Clear Claimed Marks 0.104ms
[2020-09-20T07:23:32.109-0900][gc,marking   ] GC(5) Concurrent Scan Root Regions
[2020-09-20T07:23:32.119-0900][gc,marking   ] GC(5) Concurrent Scan Root Regions 9.337ms
[2020-09-20T07:23:32.119-0900][gc,marking   ] GC(5) Concurrent Mark (4.135s)
[2020-09-20T07:23:32.119-0900][gc,marking   ] GC(5) Concurrent Mark From Roots
[2020-09-20T07:23:32.119-0900][gc,task      ] GC(5) Using 1 workers of 1 for marking
[2020-09-20T07:23:32.138-0900][gc,marking   ] GC(5) Concurrent Mark From Roots 18.858ms
[2020-09-20T07:23:32.138-0900][gc,marking   ] GC(5) Concurrent Preclean
[2020-09-20T07:23:32.138-0900][gc,marking   ] GC(5) Concurrent Preclean 0.108ms
[2020-09-20T07:23:32.138-0900][gc,marking   ] GC(5) Concurrent Mark (4.135s, 4.154s) 19.089ms
[2020-09-20T07:23:32.138-0900][gc,start     ] GC(5) Pause Remark
[2020-09-20T07:23:32.141-0900][gc           ] GC(5) Pause Remark 143M->143M(1024M) 2.499ms
[2020-09-20T07:23:32.141-0900][gc,cpu       ] GC(5) User=0.01s Sys=0.00s Real=0.01s
[2020-09-20T07:23:32.141-0900][gc,marking   ] GC(5) Concurrent Rebuild Remembered Sets
[2020-09-20T07:23:32.150-0900][gc,marking   ] GC(5) Concurrent Rebuild Remembered Sets 9.189ms
[2020-09-20T07:23:32.151-0900][gc,start     ] GC(5) Pause Cleanup
[2020-09-20T07:23:32.151-0900][gc           ] GC(5) Pause Cleanup 144M->144M(1024M) 0.252ms
[2020-09-20T07:23:32.151-0900][gc,cpu       ] GC(5) User=0.00s Sys=0.00s Real=0.00s
[2020-09-20T07:23:32.151-0900][gc,marking   ] GC(5) Concurrent Cleanup for Next Mark
[2020-09-20T07:23:32.163-0900][gc,marking   ] GC(5) Concurrent Cleanup for Next Mark 11.413ms
[2020-09-20T07:23:32.163-0900][gc           ] GC(5) Concurrent Cycle 53.325ms
