[2020-10-30T16:14:28.522-0900][gc,heap] Heap region size: 1M
[2020-10-30T16:14:28.523-0900][gc,heap,coops] Heap address: 0x00000007c0000000, size: 1024 MB, Compressed Oops mode: Zero based, Oop shift amount: 3
[2020-10-30T16:14:28.532-0900][gc           ] Using G1
[2020-10-30T16:14:28.532-0900][gc,cds       ] Mark closed archive regions in map: [0x00000007fff00000, 0x00000007fff7aff8]
[2020-10-30T16:14:28.532-0900][gc,cds       ] Mark open archive regions in map: [0x00000007ffe00000, 0x00000007ffe50ff8]
[2020-10-30T16:14:28.549-0900][gc           ] Periodic GC disabled
[2020-10-30T16:14:29.908-0900][gc,start     ] GC(0) Pause Young (Normal) (G1 Evacuation Pause)
[2020-10-30T16:14:29.908-0900][gc,task      ] GC(0) Using 4 workers of 4 for evacuation
[2020-10-30T16:14:29.914-0900][gc,phases    ] GC(0)   Pre Evacuate Collection Set: 0.1ms
[2020-10-30T16:14:29.914-0900][gc,phases    ] GC(0)   Merge Heap Roots: 0.0ms
[2020-10-30T16:14:29.914-0900][gc,phases    ] GC(0)   Evacuate Collection Set: 5.9ms
[2020-10-30T16:14:29.914-0900][gc,phases    ] GC(0)   Post Evacuate Collection Set: 0.4ms
[2020-10-30T16:14:29.914-0900][gc,phases    ] GC(0)   Other: 0.3ms
[2020-10-30T16:14:29.914-0900][gc,heap      ] GC(0) Eden regions: 51->0(44)
[2020-10-30T16:14:29.914-0900][gc,heap      ] GC(0) Survivor regions: 0->7(7)
[2020-10-30T16:14:29.914-0900][gc,heap      ] GC(0) Old regions: 0->0
[2020-10-30T16:14:29.914-0900][gc,heap      ] GC(0) Archive regions: 2->2
[2020-10-30T16:14:29.914-0900][gc,heap      ] GC(0) Humongous regions: 0->0
[2020-10-30T16:14:29.914-0900][gc,metaspace ] GC(0) Metaspace: 15308K(16000K)->15308K(16000K) NonClass: 13400K(13824K)->13400K(13824K) Class: 1908K(2176K)->1908K(2176K)
[2020-10-30T16:14:29.915-0900][gc           ] GC(0) Pause Young (Normal) (G1 Evacuation Pause) 51M->7M(1024M) 6.966ms
[2020-10-30T16:14:29.915-0900][gc,cpu       ] GC(0) User=0.02s Sys=0.00s Real=0.01s
[2020-10-30T16:14:30.321-0900][gc,start     ] GC(1) Pause Young (Concurrent Start) (Metadata GC Threshold)
[2020-10-30T16:14:30.321-0900][gc,task      ] GC(1) Using 4 workers of 4 for evacuation
[2020-10-30T16:14:30.330-0900][gc,phases    ] GC(1)   Pre Evacuate Collection Set: 0.1ms
[2020-10-30T16:14:30.330-0900][gc,phases    ] GC(1)   Merge Heap Roots: 0.0ms
[2020-10-30T16:14:30.330-0900][gc,phases    ] GC(1)   Evacuate Collection Set: 7.8ms
[2020-10-30T16:14:30.330-0900][gc,phases    ] GC(1)   Post Evacuate Collection Set: 0.5ms
[2020-10-30T16:14:30.330-0900][gc,phases    ] GC(1)   Other: 0.2ms
[2020-10-30T16:14:30.330-0900][gc,heap      ] GC(1) Eden regions: 22->0(49)
[2020-10-30T16:14:30.330-0900][gc,heap      ] GC(1) Survivor regions: 7->2(7)
[2020-10-30T16:14:30.330-0900][gc,heap      ] GC(1) Old regions: 0->6
[2020-10-30T16:14:30.330-0900][gc,heap      ] GC(1) Archive regions: 2->2
[2020-10-30T16:14:30.330-0900][gc,heap      ] GC(1) Humongous regions: 0->0
[2020-10-30T16:14:30.330-0900][gc,metaspace ] GC(1) Metaspace: 20640K(21248K)->20640K(21248K) NonClass: 18092K(18432K)->18092K(18432K) Class: 2547K(2816K)->2547K(2816K)
[2020-10-30T16:14:30.330-0900][gc           ] GC(1) Pause Young (Concurrent Start) (Metadata GC Threshold) 28M->7M(1024M) 8.866ms
[2020-10-30T16:14:30.330-0900][gc,cpu       ] GC(1) User=0.03s Sys=0.00s Real=0.01s
[2020-10-30T16:14:30.330-0900][gc           ] GC(2) Concurrent Cycle
[2020-10-30T16:14:30.330-0900][gc,marking   ] GC(2) Concurrent Clear Claimed Marks
[2020-10-30T16:14:30.330-0900][gc,marking   ] GC(2) Concurrent Clear Claimed Marks 0.059ms
[2020-10-30T16:14:30.330-0900][gc,marking   ] GC(2) Concurrent Scan Root Regions
[2020-10-30T16:14:30.337-0900][gc,marking   ] GC(2) Concurrent Scan Root Regions 6.953ms
[2020-10-30T16:14:30.337-0900][gc,marking   ] GC(2) Concurrent Mark (1.825s)
[2020-10-30T16:14:30.337-0900][gc,marking   ] GC(2) Concurrent Mark From Roots
[2020-10-30T16:14:30.337-0900][gc,task      ] GC(2) Using 1 workers of 1 for marking
[2020-10-30T16:14:30.340-0900][gc,marking   ] GC(2) Concurrent Mark From Roots 2.389ms
[2020-10-30T16:14:30.340-0900][gc,marking   ] GC(2) Concurrent Preclean
[2020-10-30T16:14:30.340-0900][gc,marking   ] GC(2) Concurrent Preclean 0.058ms
[2020-10-30T16:14:30.340-0900][gc,marking   ] GC(2) Concurrent Mark (1.825s, 1.828s) 2.669ms
[2020-10-30T16:14:30.340-0900][gc,start     ] GC(2) Pause Remark
[2020-10-30T16:14:30.343-0900][gc           ] GC(2) Pause Remark 8M->8M(1024M) 2.233ms
[2020-10-30T16:14:30.343-0900][gc,cpu       ] GC(2) User=0.01s Sys=0.00s Real=0.00s
[2020-10-30T16:14:30.343-0900][gc,marking   ] GC(2) Concurrent Rebuild Remembered Sets
[2020-10-30T16:14:30.349-0900][gc,marking   ] GC(2) Concurrent Rebuild Remembered Sets 6.373ms
[2020-10-30T16:14:30.350-0900][gc,start     ] GC(2) Pause Cleanup
[2020-10-30T16:14:30.350-0900][gc           ] GC(2) Pause Cleanup 8M->8M(1024M) 0.193ms
[2020-10-30T16:14:30.350-0900][gc,cpu       ] GC(2) User=0.00s Sys=0.00s Real=0.00s
[2020-10-30T16:14:30.350-0900][gc,marking   ] GC(2) Concurrent Cleanup for Next Mark
[2020-10-30T16:14:30.359-0900][gc,marking   ] GC(2) Concurrent Cleanup for Next Mark 8.619ms
[2020-10-30T16:14:30.359-0900][gc           ] GC(2) Concurrent Cycle 28.884ms
[2020-10-30T16:14:31.430-0900][gc,start     ] GC(3) Pause Young (Normal) (G1 Evacuation Pause)
[2020-10-30T16:14:31.431-0900][gc,task      ] GC(3) Using 4 workers of 4 for evacuation
[2020-10-30T16:14:31.437-0900][gc,phases    ] GC(3)   Pre Evacuate Collection Set: 0.1ms
[2020-10-30T16:14:31.437-0900][gc,phases    ] GC(3)   Merge Heap Roots: 0.0ms
[2020-10-30T16:14:31.437-0900][gc,phases    ] GC(3)   Evacuate Collection Set: 5.9ms
[2020-10-30T16:14:31.437-0900][gc,phases    ] GC(3)   Post Evacuate Collection Set: 0.5ms
[2020-10-30T16:14:31.437-0900][gc,phases    ] GC(3)   Other: 0.2ms
[2020-10-30T16:14:31.438-0900][gc,heap      ] GC(3) Eden regions: 49->0(46)
[2020-10-30T16:14:31.438-0900][gc,heap      ] GC(3) Survivor regions: 2->5(7)
[2020-10-30T16:14:31.438-0900][gc,heap      ] GC(3) Old regions: 6->6
[2020-10-30T16:14:31.438-0900][gc,heap      ] GC(3) Archive regions: 2->2
[2020-10-30T16:14:31.438-0900][gc,heap      ] GC(3) Humongous regions: 129->129
[2020-10-30T16:14:31.438-0900][gc,metaspace ] GC(3) Metaspace: 29643K(30720K)->29643K(30720K) NonClass: 26255K(26880K)->26255K(26880K) Class: 3388K(3840K)->3388K(3840K)
[2020-10-30T16:14:31.438-0900][gc           ] GC(3) Pause Young (Normal) (G1 Evacuation Pause) 185M->140M(1024M) 7.161ms
[2020-10-30T16:14:31.438-0900][gc,cpu       ] GC(3) User=0.03s Sys=0.00s Real=0.00s
[2020-10-30T16:15:00.436-0900][gc,start     ] GC(4) Pause Young (Concurrent Start) (Metadata GC Threshold)
[2020-10-30T16:15:00.437-0900][gc,task      ] GC(4) Using 4 workers of 4 for evacuation
[2020-10-30T16:15:00.445-0900][gc,phases    ] GC(4)   Pre Evacuate Collection Set: 0.2ms
[2020-10-30T16:15:00.445-0900][gc,phases    ] GC(4)   Merge Heap Roots: 0.0ms
[2020-10-30T16:15:00.445-0900][gc,phases    ] GC(4)   Evacuate Collection Set: 7.9ms
[2020-10-30T16:15:00.445-0900][gc,phases    ] GC(4)   Post Evacuate Collection Set: 0.4ms
[2020-10-30T16:15:00.445-0900][gc,phases    ] GC(4)   Other: 0.4ms
[2020-10-30T16:15:00.445-0900][gc,heap      ] GC(4) Eden regions: 23->0(49)
[2020-10-30T16:15:00.445-0900][gc,heap      ] GC(4) Survivor regions: 5->2(7)
[2020-10-30T16:15:00.446-0900][gc,heap      ] GC(4) Old regions: 6->11
[2020-10-30T16:15:00.446-0900][gc,heap      ] GC(4) Archive regions: 2->2
[2020-10-30T16:15:00.446-0900][gc,heap      ] GC(4) Humongous regions: 129->129
[2020-10-30T16:15:00.446-0900][gc,metaspace ] GC(4) Metaspace: 34473K(35840K)->34473K(35840K) NonClass: 30387K(31104K)->30387K(31104K) Class: 4086K(4736K)->4086K(4736K)
[2020-10-30T16:15:00.446-0900][gc           ] GC(4) Pause Young (Concurrent Start) (Metadata GC Threshold) 163M->141M(1024M) 9.139ms
[2020-10-30T16:15:00.446-0900][gc,cpu       ] GC(4) User=0.03s Sys=0.00s Real=0.01s
[2020-10-30T16:15:00.446-0900][gc           ] GC(5) Concurrent Cycle
[2020-10-30T16:15:00.446-0900][gc,marking   ] GC(5) Concurrent Clear Claimed Marks
[2020-10-30T16:15:00.446-0900][gc,marking   ] GC(5) Concurrent Clear Claimed Marks 0.112ms
[2020-10-30T16:15:00.446-0900][gc,marking   ] GC(5) Concurrent Scan Root Regions
[2020-10-30T16:15:00.454-0900][gc,marking   ] GC(5) Concurrent Scan Root Regions 8.456ms
[2020-10-30T16:15:00.454-0900][gc,marking   ] GC(5) Concurrent Mark (31.941s)
[2020-10-30T16:15:00.454-0900][gc,marking   ] GC(5) Concurrent Mark From Roots
[2020-10-30T16:15:00.454-0900][gc,task      ] GC(5) Using 1 workers of 1 for marking
[2020-10-30T16:15:00.463-0900][gc,marking   ] GC(5) Concurrent Mark From Roots 8.612ms
[2020-10-30T16:15:00.463-0900][gc,marking   ] GC(5) Concurrent Preclean
[2020-10-30T16:15:00.463-0900][gc,marking   ] GC(5) Concurrent Preclean 0.070ms
[2020-10-30T16:15:00.463-0900][gc,marking   ] GC(5) Concurrent Mark (31.941s, 31.950s) 8.764ms
[2020-10-30T16:15:00.463-0900][gc,start     ] GC(5) Pause Remark
[2020-10-30T16:15:00.466-0900][gc           ] GC(5) Pause Remark 142M->142M(1024M) 2.371ms
[2020-10-30T16:15:00.466-0900][gc,cpu       ] GC(5) User=0.01s Sys=0.01s Real=0.00s
[2020-10-30T16:15:00.466-0900][gc,marking   ] GC(5) Concurrent Rebuild Remembered Sets
[2020-10-30T16:15:00.475-0900][gc,marking   ] GC(5) Concurrent Rebuild Remembered Sets 9.286ms
[2020-10-30T16:15:00.475-0900][gc,start     ] GC(5) Pause Cleanup
[2020-10-30T16:15:00.475-0900][gc           ] GC(5) Pause Cleanup 142M->142M(1024M) 0.135ms
[2020-10-30T16:15:00.476-0900][gc,cpu       ] GC(5) User=0.01s Sys=0.00s Real=0.00s
[2020-10-30T16:15:00.476-0900][gc,marking   ] GC(5) Concurrent Cleanup for Next Mark
[2020-10-30T16:15:00.485-0900][gc,marking   ] GC(5) Concurrent Cleanup for Next Mark 9.793ms
[2020-10-30T16:15:00.485-0900][gc           ] GC(5) Concurrent Cycle 39.760ms
[2020-10-30T16:22:37.959-0900][gc,start     ] GC(6) Pause Young (Normal) (G1 Evacuation Pause)
[2020-10-30T16:22:37.960-0900][gc,task      ] GC(6) Using 4 workers of 4 for evacuation
[2020-10-30T16:22:37.972-0900][gc,phases    ] GC(6)   Pre Evacuate Collection Set: 0.2ms
[2020-10-30T16:22:37.972-0900][gc,phases    ] GC(6)   Merge Heap Roots: 0.1ms
[2020-10-30T16:22:37.972-0900][gc,phases    ] GC(6)   Evacuate Collection Set: 9.4ms
[2020-10-30T16:22:37.972-0900][gc,phases    ] GC(6)   Post Evacuate Collection Set: 1.5ms
[2020-10-30T16:22:37.972-0900][gc,phases    ] GC(6)   Other: 1.9ms
[2020-10-30T16:22:37.972-0900][gc,heap      ] GC(6) Eden regions: 49->0(46)
[2020-10-30T16:22:37.972-0900][gc,heap      ] GC(6) Survivor regions: 2->5(7)
[2020-10-30T16:22:37.972-0900][gc,heap      ] GC(6) Old regions: 11->11
[2020-10-30T16:22:37.972-0900][gc,heap      ] GC(6) Archive regions: 2->2
[2020-10-30T16:22:37.972-0900][gc,heap      ] GC(6) Humongous regions: 129->129
[2020-10-30T16:22:37.972-0900][gc,metaspace ] GC(6) Metaspace: 38304K(40320K)->38304K(40320K) NonClass: 33693K(34816K)->33693K(34816K) Class: 4610K(5504K)->4610K(5504K)
[2020-10-30T16:22:37.973-0900][gc           ] GC(6) Pause Young (Normal) (G1 Evacuation Pause) 190M->144M(1024M) 13.655ms
[2020-10-30T16:22:37.973-0900][gc,cpu       ] GC(6) User=0.02s Sys=0.01s Real=0.02s
[2020-10-30T16:30:07.722-0900][gc,start     ] GC(7) Pause Young (Normal) (G1 Evacuation Pause)
[2020-10-30T16:30:07.724-0900][gc,task      ] GC(7) Using 4 workers of 4 for evacuation
[2020-10-30T16:30:07.748-0900][gc,mmu       ] GC(7) MMU target violated: 21.0ms (20.0ms/21.0ms)
[2020-10-30T16:30:07.748-0900][gc,phases    ] GC(7)   Pre Evacuate Collection Set: 2.5ms
[2020-10-30T16:30:07.748-0900][gc,phases    ] GC(7)   Merge Heap Roots: 0.2ms
[2020-10-30T16:30:07.748-0900][gc,phases    ] GC(7)   Evacuate Collection Set: 20.9ms
[2020-10-30T16:30:07.748-0900][gc,phases    ] GC(7)   Post Evacuate Collection Set: 0.9ms
[2020-10-30T16:30:07.748-0900][gc,phases    ] GC(7)   Other: 1.9ms
[2020-10-30T16:30:07.748-0900][gc,heap      ] GC(7) Eden regions: 46->0(47)
[2020-10-30T16:30:07.748-0900][gc,heap      ] GC(7) Survivor regions: 5->4(7)
[2020-10-30T16:30:07.748-0900][gc,heap      ] GC(7) Old regions: 11->12
[2020-10-30T16:30:07.748-0900][gc,heap      ] GC(7) Archive regions: 2->2
[2020-10-30T16:30:07.748-0900][gc,heap      ] GC(7) Humongous regions: 129->129
[2020-10-30T16:30:07.748-0900][gc,metaspace ] GC(7) Metaspace: 38563K(40576K)->38563K(40576K) NonClass: 33924K(35072K)->33924K(35072K) Class: 4639K(5504K)->4639K(5504K)
[2020-10-30T16:30:07.748-0900][gc           ] GC(7) Pause Young (Normal) (G1 Evacuation Pause) 190M->145M(1024M) 26.380ms
[2020-10-30T16:30:07.749-0900][gc,cpu       ] GC(7) User=0.04s Sys=0.05s Real=0.02s
[2020-10-30T16:38:32.844-0900][gc,start     ] GC(8) Pause Young (Normal) (G1 Evacuation Pause)
[2020-10-30T16:38:32.845-0900][gc,task      ] GC(8) Using 4 workers of 4 for evacuation
[2020-10-30T16:38:32.871-0900][gc,mmu       ] GC(8) MMU target violated: 21.0ms (20.0ms/21.0ms)
[2020-10-30T16:38:32.871-0900][gc,phases    ] GC(8)   Pre Evacuate Collection Set: 1.9ms
[2020-10-30T16:38:32.871-0900][gc,phases    ] GC(8)   Merge Heap Roots: 0.2ms
[2020-10-30T16:38:32.871-0900][gc,phases    ] GC(8)   Evacuate Collection Set: 22.4ms
[2020-10-30T16:38:32.871-0900][gc,phases    ] GC(8)   Post Evacuate Collection Set: 1.0ms
[2020-10-30T16:38:32.871-0900][gc,phases    ] GC(8)   Other: 1.3ms
[2020-10-30T16:38:32.871-0900][gc,heap      ] GC(8) Eden regions: 47->0(48)
[2020-10-30T16:38:32.871-0900][gc,heap      ] GC(8) Survivor regions: 4->3(7)
[2020-10-30T16:38:32.871-0900][gc,heap      ] GC(8) Old regions: 12->14
[2020-10-30T16:38:32.871-0900][gc,heap      ] GC(8) Archive regions: 2->2
[2020-10-30T16:38:32.871-0900][gc,heap      ] GC(8) Humongous regions: 129->129
[2020-10-30T16:38:32.871-0900][gc,metaspace ] GC(8) Metaspace: 38612K(40576K)->38612K(40576K) NonClass: 33973K(35072K)->33973K(35072K) Class: 4639K(5504K)->4639K(5504K)
[2020-10-30T16:38:32.871-0900][gc           ] GC(8) Pause Young (Normal) (G1 Evacuation Pause) 192M->145M(1024M) 26.958ms
[2020-10-30T16:38:32.871-0900][gc,cpu       ] GC(8) User=0.03s Sys=0.04s Real=0.03s
[2020-10-30T16:47:31.301-0900][gc,start     ] GC(9) Pause Young (Normal) (G1 Evacuation Pause)
[2020-10-30T16:47:31.302-0900][gc,task      ] GC(9) Using 4 workers of 4 for evacuation
[2020-10-30T16:47:31.310-0900][gc,phases    ] GC(9)   Pre Evacuate Collection Set: 0.1ms
[2020-10-30T16:47:31.310-0900][gc,phases    ] GC(9)   Merge Heap Roots: 0.1ms
[2020-10-30T16:47:31.310-0900][gc,phases    ] GC(9)   Evacuate Collection Set: 6.8ms
[2020-10-30T16:47:31.310-0900][gc,phases    ] GC(9)   Post Evacuate Collection Set: 0.3ms
[2020-10-30T16:47:31.310-0900][gc,phases    ] GC(9)   Other: 1.4ms
[2020-10-30T16:47:31.310-0900][gc,heap      ] GC(9) Eden regions: 48->0(48)
[2020-10-30T16:47:31.310-0900][gc,heap      ] GC(9) Survivor regions: 3->3(7)
[2020-10-30T16:47:31.310-0900][gc,heap      ] GC(9) Old regions: 14->14
[2020-10-30T16:47:31.310-0900][gc,heap      ] GC(9) Archive regions: 2->2
[2020-10-30T16:47:31.310-0900][gc,heap      ] GC(9) Humongous regions: 129->129
[2020-10-30T16:47:31.310-0900][gc,metaspace ] GC(9) Metaspace: 38660K(40576K)->38660K(40576K) NonClass: 34021K(35072K)->34021K(35072K) Class: 4639K(5504K)->4639K(5504K)
[2020-10-30T16:47:31.310-0900][gc           ] GC(9) Pause Young (Normal) (G1 Evacuation Pause) 193M->145M(1024M) 8.927ms
[2020-10-30T16:47:31.310-0900][gc,cpu       ] GC(9) User=0.02s Sys=0.01s Real=0.01s
[2020-10-30T16:57:10.006-0900][gc,start     ] GC(10) Pause Young (Normal) (G1 Evacuation Pause)
[2020-10-30T16:57:10.007-0900][gc,task      ] GC(10) Using 4 workers of 4 for evacuation
[2020-10-30T16:57:10.015-0900][gc,phases    ] GC(10)   Pre Evacuate Collection Set: 0.2ms
[2020-10-30T16:57:10.015-0900][gc,phases    ] GC(10)   Merge Heap Roots: 0.2ms
[2020-10-30T16:57:10.015-0900][gc,phases    ] GC(10)   Evacuate Collection Set: 6.4ms
[2020-10-30T16:57:10.015-0900][gc,phases    ] GC(10)   Post Evacuate Collection Set: 0.5ms
[2020-10-30T16:57:10.015-0900][gc,phases    ] GC(10)   Other: 1.3ms
[2020-10-30T16:57:10.015-0900][gc,heap      ] GC(10) Eden regions: 48->0(47)
[2020-10-30T16:57:10.015-0900][gc,heap      ] GC(10) Survivor regions: 3->4(7)
[2020-10-30T16:57:10.015-0900][gc,heap      ] GC(10) Old regions: 14->14
[2020-10-30T16:57:10.015-0900][gc,heap      ] GC(10) Archive regions: 2->2
[2020-10-30T16:57:10.015-0900][gc,heap      ] GC(10) Humongous regions: 129->129
[2020-10-30T16:57:10.015-0900][gc,metaspace ] GC(10) Metaspace: 38700K(40832K)->38700K(40832K) NonClass: 34060K(35328K)->34060K(35328K) Class: 4640K(5504K)->4640K(5504K)
[2020-10-30T16:57:10.015-0900][gc           ] GC(10) Pause Young (Normal) (G1 Evacuation Pause) 193M->146M(1024M) 8.749ms
[2020-10-30T16:57:10.015-0900][gc,cpu       ] GC(10) User=0.03s Sys=0.01s Real=0.01s
[2020-10-30T17:06:27.218-0900][gc,start     ] GC(11) Pause Young (Normal) (G1 Evacuation Pause)
[2020-10-30T17:06:27.219-0900][gc,task      ] GC(11) Using 4 workers of 4 for evacuation
[2020-10-30T17:06:27.228-0900][gc,phases    ] GC(11)   Pre Evacuate Collection Set: 0.1ms
[2020-10-30T17:06:27.228-0900][gc,phases    ] GC(11)   Merge Heap Roots: 0.1ms
[2020-10-30T17:06:27.228-0900][gc,phases    ] GC(11)   Evacuate Collection Set: 7.8ms
[2020-10-30T17:06:27.228-0900][gc,phases    ] GC(11)   Post Evacuate Collection Set: 0.4ms
[2020-10-30T17:06:27.228-0900][gc,phases    ] GC(11)   Other: 1.4ms
[2020-10-30T17:06:27.228-0900][gc,heap      ] GC(11) Eden regions: 47->0(47)
[2020-10-30T17:06:27.228-0900][gc,heap      ] GC(11) Survivor regions: 4->4(7)
[2020-10-30T17:06:27.228-0900][gc,heap      ] GC(11) Old regions: 14->14
[2020-10-30T17:06:27.228-0900][gc,heap      ] GC(11) Archive regions: 2->2
[2020-10-30T17:06:27.228-0900][gc,heap      ] GC(11) Humongous regions: 129->129
[2020-10-30T17:06:27.228-0900][gc,metaspace ] GC(11) Metaspace: 38756K(40832K)->38756K(40832K) NonClass: 34116K(35328K)->34116K(35328K) Class: 4640K(5504K)->4640K(5504K)
[2020-10-30T17:06:27.228-0900][gc           ] GC(11) Pause Young (Normal) (G1 Evacuation Pause) 193M->146M(1024M) 9.862ms
[2020-10-30T17:06:27.228-0900][gc,cpu       ] GC(11) User=0.02s Sys=0.00s Real=0.01s
[2020-10-30T17:15:18.716-0900][gc,start     ] GC(12) Pause Young (Normal) (G1 Evacuation Pause)
[2020-10-30T17:15:18.717-0900][gc,task      ] GC(12) Using 4 workers of 4 for evacuation
[2020-10-30T17:15:18.725-0900][gc,phases    ] GC(12)   Pre Evacuate Collection Set: 0.2ms
[2020-10-30T17:15:18.725-0900][gc,phases    ] GC(12)   Merge Heap Roots: 0.1ms
[2020-10-30T17:15:18.725-0900][gc,phases    ] GC(12)   Evacuate Collection Set: 6.9ms
[2020-10-30T17:15:18.725-0900][gc,phases    ] GC(12)   Post Evacuate Collection Set: 0.4ms
[2020-10-30T17:15:18.725-0900][gc,phases    ] GC(12)   Other: 1.3ms
[2020-10-30T17:15:18.725-0900][gc,heap      ] GC(12) Eden regions: 47->0(61)
[2020-10-30T17:15:18.725-0900][gc,heap      ] GC(12) Survivor regions: 4->5(7)
[2020-10-30T17:15:18.725-0900][gc,heap      ] GC(12) Old regions: 14->14
[2020-10-30T17:15:18.725-0900][gc,heap      ] GC(12) Archive regions: 2->2
[2020-10-30T17:15:18.725-0900][gc,heap      ] GC(12) Humongous regions: 129->129
[2020-10-30T17:15:18.725-0900][gc,metaspace ] GC(12) Metaspace: 38774K(40832K)->38774K(40832K) NonClass: 34134K(35328K)->34134K(35328K) Class: 4640K(5504K)->4640K(5504K)
[2020-10-30T17:15:18.725-0900][gc           ] GC(12) Pause Young (Normal) (G1 Evacuation Pause) 193M->147M(1024M) 8.964ms
[2020-10-30T17:15:18.725-0900][gc,cpu       ] GC(12) User=0.02s Sys=0.00s Real=0.01s
[2020-10-30T17:26:17.723-0900][gc,start     ] GC(13) Pause Young (Normal) (G1 Evacuation Pause)
[2020-10-30T17:26:17.724-0900][gc,task      ] GC(13) Using 4 workers of 4 for evacuation
[2020-10-30T17:26:17.735-0900][gc,phases    ] GC(13)   Pre Evacuate Collection Set: 0.1ms
[2020-10-30T17:26:17.735-0900][gc,phases    ] GC(13)   Merge Heap Roots: 0.1ms
[2020-10-30T17:26:17.735-0900][gc,phases    ] GC(13)   Evacuate Collection Set: 10.2ms
[2020-10-30T17:26:17.735-0900][gc,phases    ] GC(13)   Post Evacuate Collection Set: 0.5ms
[2020-10-30T17:26:17.735-0900][gc,phases    ] GC(13)   Other: 1.2ms
[2020-10-30T17:26:17.735-0900][gc,heap      ] GC(13) Eden regions: 61->0(83)
[2020-10-30T17:26:17.735-0900][gc,heap      ] GC(13) Survivor regions: 5->5(9)
[2020-10-30T17:26:17.735-0900][gc,heap      ] GC(13) Old regions: 14->14
[2020-10-30T17:26:17.735-0900][gc,heap      ] GC(13) Archive regions: 2->2
[2020-10-30T17:26:17.735-0900][gc,heap      ] GC(13) Humongous regions: 129->129
[2020-10-30T17:26:17.735-0900][gc,metaspace ] GC(13) Metaspace: 38826K(40960K)->38826K(40960K) NonClass: 34176K(35328K)->34176K(35328K) Class: 4650K(5632K)->4650K(5632K)
[2020-10-30T17:26:17.735-0900][gc           ] GC(13) Pause Young (Normal) (G1 Evacuation Pause) 208M->147M(1024M) 12.310ms
[2020-10-30T17:26:17.735-0900][gc,cpu       ] GC(13) User=0.02s Sys=0.00s Real=0.01s
