[2020-10-30T18:04:55.952-0900][gc,heap] Heap region size: 1M
[2020-10-30T18:04:55.952-0900][gc,heap,coops] Heap address: 0x00000007c0000000, size: 1024 MB, Compressed Oops mode: Zero based, Oop shift amount: 3
[2020-10-30T18:04:55.962-0900][gc           ] Using G1
[2020-10-30T18:04:55.962-0900][gc,cds       ] Mark closed archive regions in map: [0x00000007fff00000, 0x00000007fff7aff8]
[2020-10-30T18:04:55.962-0900][gc,cds       ] Mark open archive regions in map: [0x00000007ffe00000, 0x00000007ffe50ff8]
[2020-10-30T18:04:55.979-0900][gc           ] Periodic GC disabled
[2020-10-30T18:04:57.325-0900][gc,start     ] GC(0) Pause Young (Normal) (G1 Evacuation Pause)
[2020-10-30T18:04:57.325-0900][gc,task      ] GC(0) Using 4 workers of 4 for evacuation
[2020-10-30T18:04:57.332-0900][gc,phases    ] GC(0)   Pre Evacuate Collection Set: 0.1ms
[2020-10-30T18:04:57.332-0900][gc,phases    ] GC(0)   Merge Heap Roots: 0.0ms
[2020-10-30T18:04:57.332-0900][gc,phases    ] GC(0)   Evacuate Collection Set: 6.0ms
[2020-10-30T18:04:57.332-0900][gc,phases    ] GC(0)   Post Evacuate Collection Set: 0.4ms
[2020-10-30T18:04:57.332-0900][gc,phases    ] GC(0)   Other: 0.4ms
[2020-10-30T18:04:57.332-0900][gc,heap      ] GC(0) Eden regions: 51->0(44)
[2020-10-30T18:04:57.332-0900][gc,heap      ] GC(0) Survivor regions: 0->7(7)
[2020-10-30T18:04:57.332-0900][gc,heap      ] GC(0) Old regions: 0->0
[2020-10-30T18:04:57.332-0900][gc,heap      ] GC(0) Archive regions: 2->2
[2020-10-30T18:04:57.332-0900][gc,heap      ] GC(0) Humongous regions: 0->0
[2020-10-30T18:04:57.332-0900][gc,metaspace ] GC(0) Metaspace: 15284K(16000K)->15284K(16000K) NonClass: 13381K(13824K)->13381K(13824K) Class: 1903K(2176K)->1903K(2176K)
[2020-10-30T18:04:57.332-0900][gc           ] GC(0) Pause Young (Normal) (G1 Evacuation Pause) 51M->7M(1024M) 7.161ms
[2020-10-30T18:04:57.332-0900][gc,cpu       ] GC(0) User=0.02s Sys=0.00s Real=0.01s
[2020-10-30T18:04:57.842-0900][gc,start     ] GC(1) Pause Young (Concurrent Start) (Metadata GC Threshold)
[2020-10-30T18:04:57.842-0900][gc,task      ] GC(1) Using 4 workers of 4 for evacuation
[2020-10-30T18:04:57.852-0900][gc,phases    ] GC(1)   Pre Evacuate Collection Set: 0.1ms
[2020-10-30T18:04:57.852-0900][gc,phases    ] GC(1)   Merge Heap Roots: 0.0ms
[2020-10-30T18:04:57.852-0900][gc,phases    ] GC(1)   Evacuate Collection Set: 9.1ms
[2020-10-30T18:04:57.852-0900][gc,phases    ] GC(1)   Post Evacuate Collection Set: 0.5ms
[2020-10-30T18:04:57.852-0900][gc,phases    ] GC(1)   Other: 0.3ms
[2020-10-30T18:04:57.852-0900][gc,heap      ] GC(1) Eden regions: 23->0(49)
[2020-10-30T18:04:57.852-0900][gc,heap      ] GC(1) Survivor regions: 7->2(7)
[2020-10-30T18:04:57.852-0900][gc,heap      ] GC(1) Old regions: 0->7
[2020-10-30T18:04:57.852-0900][gc,heap      ] GC(1) Archive regions: 2->2
[2020-10-30T18:04:57.852-0900][gc,heap      ] GC(1) Humongous regions: 129->129
[2020-10-30T18:04:57.852-0900][gc,metaspace ] GC(1) Metaspace: 20671K(21248K)->20671K(21248K) NonClass: 18116K(18432K)->18116K(18432K) Class: 2555K(2816K)->2555K(2816K)
[2020-10-30T18:04:57.852-0900][gc           ] GC(1) Pause Young (Concurrent Start) (Metadata GC Threshold) 159M->137M(1024M) 10.225ms
[2020-10-30T18:04:57.852-0900][gc,cpu       ] GC(1) User=0.02s Sys=0.01s Real=0.01s
[2020-10-30T18:04:57.852-0900][gc           ] GC(2) Concurrent Cycle
[2020-10-30T18:04:57.852-0900][gc,marking   ] GC(2) Concurrent Clear Claimed Marks
[2020-10-30T18:04:57.852-0900][gc,marking   ] GC(2) Concurrent Clear Claimed Marks 0.059ms
[2020-10-30T18:04:57.852-0900][gc,marking   ] GC(2) Concurrent Scan Root Regions
[2020-10-30T18:04:57.860-0900][gc,marking   ] GC(2) Concurrent Scan Root Regions 7.107ms
[2020-10-30T18:04:57.860-0900][gc,marking   ] GC(2) Concurrent Mark (1.916s)
[2020-10-30T18:04:57.860-0900][gc,marking   ] GC(2) Concurrent Mark From Roots
[2020-10-30T18:04:57.860-0900][gc,task      ] GC(2) Using 1 workers of 1 for marking
[2020-10-30T18:04:57.862-0900][gc,marking   ] GC(2) Concurrent Mark From Roots 2.059ms
[2020-10-30T18:04:57.862-0900][gc,marking   ] GC(2) Concurrent Preclean
[2020-10-30T18:04:57.862-0900][gc,marking   ] GC(2) Concurrent Preclean 0.033ms
[2020-10-30T18:04:57.862-0900][gc,marking   ] GC(2) Concurrent Mark (1.916s, 1.918s) 2.212ms
[2020-10-30T18:04:57.862-0900][gc,start     ] GC(2) Pause Remark
[2020-10-30T18:04:57.863-0900][gc           ] GC(2) Pause Remark 138M->138M(1024M) 1.117ms
[2020-10-30T18:04:57.863-0900][gc,cpu       ] GC(2) User=0.00s Sys=0.00s Real=0.00s
[2020-10-30T18:04:57.863-0900][gc,marking   ] GC(2) Concurrent Rebuild Remembered Sets
[2020-10-30T18:04:57.868-0900][gc,marking   ] GC(2) Concurrent Rebuild Remembered Sets 4.832ms
[2020-10-30T18:04:57.869-0900][gc,start     ] GC(2) Pause Cleanup
[2020-10-30T18:04:57.869-0900][gc           ] GC(2) Pause Cleanup 138M->138M(1024M) 0.163ms
[2020-10-30T18:04:57.869-0900][gc,cpu       ] GC(2) User=0.01s Sys=0.00s Real=0.00s
[2020-10-30T18:04:57.869-0900][gc,marking   ] GC(2) Concurrent Cleanup for Next Mark
[2020-10-30T18:04:57.881-0900][gc,marking   ] GC(2) Concurrent Cleanup for Next Mark 11.763ms
[2020-10-30T18:04:57.881-0900][gc           ] GC(2) Concurrent Cycle 28.481ms
[2020-10-30T18:04:58.708-0900][gc,start     ] GC(3) Pause Young (Normal) (G1 Evacuation Pause)
[2020-10-30T18:04:58.708-0900][gc,task      ] GC(3) Using 4 workers of 4 for evacuation
[2020-10-30T18:04:58.714-0900][gc,phases    ] GC(3)   Pre Evacuate Collection Set: 0.1ms
[2020-10-30T18:04:58.714-0900][gc,phases    ] GC(3)   Merge Heap Roots: 0.0ms
[2020-10-30T18:04:58.714-0900][gc,phases    ] GC(3)   Evacuate Collection Set: 5.4ms
[2020-10-30T18:04:58.715-0900][gc,phases    ] GC(3)   Post Evacuate Collection Set: 0.4ms
[2020-10-30T18:04:58.715-0900][gc,phases    ] GC(3)   Other: 0.2ms
[2020-10-30T18:04:58.715-0900][gc,heap      ] GC(3) Eden regions: 49->0(46)
[2020-10-30T18:04:58.715-0900][gc,heap      ] GC(3) Survivor regions: 2->5(7)
[2020-10-30T18:04:58.715-0900][gc,heap      ] GC(3) Old regions: 7->7
[2020-10-30T18:04:58.715-0900][gc,heap      ] GC(3) Archive regions: 2->2
[2020-10-30T18:04:58.715-0900][gc,heap      ] GC(3) Humongous regions: 129->129
[2020-10-30T18:04:58.715-0900][gc,metaspace ] GC(3) Metaspace: 30257K(31488K)->30257K(31488K) NonClass: 26879K(27648K)->26879K(27648K) Class: 3378K(3840K)->3378K(3840K)
[2020-10-30T18:04:58.715-0900][gc           ] GC(3) Pause Young (Normal) (G1 Evacuation Pause) 186M->140M(1024M) 6.266ms
[2020-10-30T18:04:58.715-0900][gc,cpu       ] GC(3) User=0.03s Sys=0.01s Real=0.01s
[2020-10-30T18:07:26.370-0900][gc,start     ] GC(4) Pause Young (Concurrent Start) (Metadata GC Threshold)
[2020-10-30T18:07:26.370-0900][gc,task      ] GC(4) Using 4 workers of 4 for evacuation
[2020-10-30T18:07:26.379-0900][gc,phases    ] GC(4)   Pre Evacuate Collection Set: 0.2ms
[2020-10-30T18:07:26.380-0900][gc,phases    ] GC(4)   Merge Heap Roots: 0.0ms
[2020-10-30T18:07:26.380-0900][gc,phases    ] GC(4)   Evacuate Collection Set: 8.1ms
[2020-10-30T18:07:26.380-0900][gc,phases    ] GC(4)   Post Evacuate Collection Set: 0.5ms
[2020-10-30T18:07:26.380-0900][gc,phases    ] GC(4)   Other: 0.5ms
[2020-10-30T18:07:26.380-0900][gc,heap      ] GC(4) Eden regions: 22->0(46)
[2020-10-30T18:07:26.380-0900][gc,heap      ] GC(4) Survivor regions: 5->5(7)
[2020-10-30T18:07:26.380-0900][gc,heap      ] GC(4) Old regions: 7->8
[2020-10-30T18:07:26.380-0900][gc,heap      ] GC(4) Archive regions: 2->2
[2020-10-30T18:07:26.380-0900][gc,heap      ] GC(4) Humongous regions: 129->129
[2020-10-30T18:07:26.380-0900][gc,metaspace ] GC(4) Metaspace: 34538K(35840K)->34538K(35840K) NonClass: 30523K(31232K)->30523K(31232K) Class: 4014K(4608K)->4014K(4608K)
[2020-10-30T18:07:26.380-0900][gc           ] GC(4) Pause Young (Concurrent Start) (Metadata GC Threshold) 161M->141M(1024M) 9.616ms
[2020-10-30T18:07:26.380-0900][gc,cpu       ] GC(4) User=0.03s Sys=0.01s Real=0.01s
[2020-10-30T18:07:26.380-0900][gc           ] GC(5) Concurrent Cycle
[2020-10-30T18:07:26.380-0900][gc,marking   ] GC(5) Concurrent Clear Claimed Marks
[2020-10-30T18:07:26.380-0900][gc,marking   ] GC(5) Concurrent Clear Claimed Marks 0.105ms
[2020-10-30T18:07:26.380-0900][gc,marking   ] GC(5) Concurrent Scan Root Regions
[2020-10-30T18:07:26.388-0900][gc,marking   ] GC(5) Concurrent Scan Root Regions 8.219ms
[2020-10-30T18:07:26.388-0900][gc,marking   ] GC(5) Concurrent Mark (150.441s)
[2020-10-30T18:07:26.388-0900][gc,marking   ] GC(5) Concurrent Mark From Roots
[2020-10-30T18:07:26.388-0900][gc,task      ] GC(5) Using 1 workers of 1 for marking
[2020-10-30T18:07:26.403-0900][gc,marking   ] GC(5) Concurrent Mark From Roots 14.356ms
[2020-10-30T18:07:26.403-0900][gc,marking   ] GC(5) Concurrent Preclean
[2020-10-30T18:07:26.403-0900][gc,marking   ] GC(5) Concurrent Preclean 0.086ms
[2020-10-30T18:07:26.403-0900][gc,marking   ] GC(5) Concurrent Mark (150.441s, 150.456s) 14.552ms
[2020-10-30T18:07:26.403-0900][gc,start     ] GC(5) Pause Remark
[2020-10-30T18:07:26.405-0900][gc           ] GC(5) Pause Remark 142M->142M(1024M) 1.926ms
[2020-10-30T18:07:26.405-0900][gc,cpu       ] GC(5) User=0.01s Sys=0.00s Real=0.00s
[2020-10-30T18:07:26.405-0900][gc,marking   ] GC(5) Concurrent Rebuild Remembered Sets
[2020-10-30T18:07:26.411-0900][gc,marking   ] GC(5) Concurrent Rebuild Remembered Sets 6.073ms
[2020-10-30T18:07:26.411-0900][gc,start     ] GC(5) Pause Cleanup
[2020-10-30T18:07:26.412-0900][gc           ] GC(5) Pause Cleanup 142M->142M(1024M) 0.170ms
[2020-10-30T18:07:26.412-0900][gc,cpu       ] GC(5) User=0.00s Sys=0.00s Real=0.00s
[2020-10-30T18:07:26.412-0900][gc,marking   ] GC(5) Concurrent Cleanup for Next Mark
[2020-10-30T18:07:26.422-0900][gc,marking   ] GC(5) Concurrent Cleanup for Next Mark 10.684ms
[2020-10-30T18:07:26.423-0900][gc           ] GC(5) Concurrent Cycle 42.652ms
[2020-10-30T18:13:31.859-0900][gc,start     ] GC(6) Pause Young (Normal) (G1 Evacuation Pause)
[2020-10-30T18:13:31.860-0900][gc,task      ] GC(6) Using 4 workers of 4 for evacuation
[2020-10-30T18:13:31.872-0900][gc,phases    ] GC(6)   Pre Evacuate Collection Set: 0.1ms
[2020-10-30T18:13:31.872-0900][gc,phases    ] GC(6)   Merge Heap Roots: 0.1ms
[2020-10-30T18:13:31.872-0900][gc,phases    ] GC(6)   Evacuate Collection Set: 9.9ms
[2020-10-30T18:13:31.872-0900][gc,phases    ] GC(6)   Post Evacuate Collection Set: 1.0ms
[2020-10-30T18:13:31.872-0900][gc,phases    ] GC(6)   Other: 1.2ms
[2020-10-30T18:13:31.872-0900][gc,heap      ] GC(6) Eden regions: 46->0(48)
[2020-10-30T18:13:31.872-0900][gc,heap      ] GC(6) Survivor regions: 5->3(7)
[2020-10-30T18:13:31.872-0900][gc,heap      ] GC(6) Old regions: 8->11
[2020-10-30T18:13:31.872-0900][gc,heap      ] GC(6) Archive regions: 2->2
[2020-10-30T18:13:31.872-0900][gc,heap      ] GC(6) Humongous regions: 129->129
[2020-10-30T18:13:31.872-0900][gc,metaspace ] GC(6) Metaspace: 36716K(38400K)->36716K(38400K) NonClass: 32512K(33536K)->32512K(33536K) Class: 4204K(4864K)->4204K(4864K)
[2020-10-30T18:13:31.872-0900][gc           ] GC(6) Pause Young (Normal) (G1 Evacuation Pause) 187M->143M(1024M) 12.626ms
[2020-10-30T18:13:31.872-0900][gc,cpu       ] GC(6) User=0.04s Sys=0.01s Real=0.02s
[2020-10-30T18:21:04.381-0900][gc,start     ] GC(7) Pause Young (Normal) (G1 Evacuation Pause)
[2020-10-30T18:21:04.381-0900][gc,task      ] GC(7) Using 4 workers of 4 for evacuation
[2020-10-30T18:21:04.400-0900][gc,phases    ] GC(7)   Pre Evacuate Collection Set: 2.9ms
[2020-10-30T18:21:04.400-0900][gc,phases    ] GC(7)   Merge Heap Roots: 0.2ms
[2020-10-30T18:21:04.400-0900][gc,phases    ] GC(7)   Evacuate Collection Set: 15.0ms
[2020-10-30T18:21:04.400-0900][gc,phases    ] GC(7)   Post Evacuate Collection Set: 0.8ms
[2020-10-30T18:21:04.400-0900][gc,phases    ] GC(7)   Other: 0.6ms
[2020-10-30T18:21:04.400-0900][gc,heap      ] GC(7) Eden regions: 48->0(47)
[2020-10-30T18:21:04.400-0900][gc,heap      ] GC(7) Survivor regions: 3->4(7)
[2020-10-30T18:21:04.400-0900][gc,heap      ] GC(7) Old regions: 11->11
[2020-10-30T18:21:04.400-0900][gc,heap      ] GC(7) Archive regions: 2->2
[2020-10-30T18:21:04.400-0900][gc,heap      ] GC(7) Humongous regions: 129->129
[2020-10-30T18:21:04.400-0900][gc,metaspace ] GC(7) Metaspace: 36784K(38400K)->36784K(38400K) NonClass: 32573K(33536K)->32573K(33536K) Class: 4211K(4864K)->4211K(4864K)
[2020-10-30T18:21:04.400-0900][gc           ] GC(7) Pause Young (Normal) (G1 Evacuation Pause) 191M->144M(1024M) 19.535ms
[2020-10-30T18:21:04.400-0900][gc,cpu       ] GC(7) User=0.03s Sys=0.04s Real=0.02s
[2020-10-30T18:28:54.356-0900][gc,start     ] GC(8) Pause Young (Normal) (G1 Evacuation Pause)
[2020-10-30T18:28:54.357-0900][gc,task      ] GC(8) Using 4 workers of 4 for evacuation
[2020-10-30T18:28:54.383-0900][gc,mmu       ] GC(8) MMU target violated: 21.0ms (20.0ms/21.0ms)
[2020-10-30T18:28:54.383-0900][gc,phases    ] GC(8)   Pre Evacuate Collection Set: 2.9ms
[2020-10-30T18:28:54.383-0900][gc,phases    ] GC(8)   Merge Heap Roots: 0.2ms
[2020-10-30T18:28:54.383-0900][gc,phases    ] GC(8)   Evacuate Collection Set: 21.1ms
[2020-10-30T18:28:54.383-0900][gc,phases    ] GC(8)   Post Evacuate Collection Set: 1.3ms
[2020-10-30T18:28:54.383-0900][gc,phases    ] GC(8)   Other: 1.8ms
[2020-10-30T18:28:54.383-0900][gc,heap      ] GC(8) Eden regions: 47->0(48)
[2020-10-30T18:28:54.383-0900][gc,heap      ] GC(8) Survivor regions: 4->3(7)
[2020-10-30T18:28:54.383-0900][gc,heap      ] GC(8) Old regions: 11->12
[2020-10-30T18:28:54.383-0900][gc,heap      ] GC(8) Archive regions: 2->2
[2020-10-30T18:28:54.383-0900][gc,heap      ] GC(8) Humongous regions: 129->129
[2020-10-30T18:28:54.383-0900][gc,metaspace ] GC(8) Metaspace: 36851K(38400K)->36851K(38400K) NonClass: 32639K(33536K)->32639K(33536K) Class: 4211K(4864K)->4211K(4864K)
[2020-10-30T18:28:54.384-0900][gc           ] GC(8) Pause Young (Normal) (G1 Evacuation Pause) 191M->144M(1024M) 27.537ms
[2020-10-30T18:28:54.384-0900][gc,cpu       ] GC(8) User=0.03s Sys=0.05s Real=0.03s
[2020-10-30T18:37:03.159-0900][gc,start     ] GC(9) Pause Young (Normal) (G1 Evacuation Pause)
[2020-10-30T18:37:03.159-0900][gc,task      ] GC(9) Using 4 workers of 4 for evacuation
[2020-10-30T18:37:03.189-0900][gc,mmu       ] GC(9) MMU target violated: 21.0ms (20.0ms/21.0ms)
[2020-10-30T18:37:03.189-0900][gc,phases    ] GC(9)   Pre Evacuate Collection Set: 2.5ms
[2020-10-30T18:37:03.189-0900][gc,phases    ] GC(9)   Merge Heap Roots: 0.4ms
[2020-10-30T18:37:03.189-0900][gc,phases    ] GC(9)   Evacuate Collection Set: 25.3ms
[2020-10-30T18:37:03.189-0900][gc,phases    ] GC(9)   Post Evacuate Collection Set: 1.2ms
[2020-10-30T18:37:03.189-0900][gc,phases    ] GC(9)   Other: 0.9ms
[2020-10-30T18:37:03.189-0900][gc,heap      ] GC(9) Eden regions: 48->0(48)
[2020-10-30T18:37:03.189-0900][gc,heap      ] GC(9) Survivor regions: 3->3(7)
[2020-10-30T18:37:03.189-0900][gc,heap      ] GC(9) Old regions: 12->12
[2020-10-30T18:37:03.189-0900][gc,heap      ] GC(9) Archive regions: 2->2
[2020-10-30T18:37:03.190-0900][gc,heap      ] GC(9) Humongous regions: 129->129
[2020-10-30T18:37:03.190-0900][gc,metaspace ] GC(9) Metaspace: 36911K(38400K)->36911K(38400K) NonClass: 32698K(33536K)->32698K(33536K) Class: 4212K(4864K)->4212K(4864K)
[2020-10-30T18:37:03.190-0900][gc           ] GC(9) Pause Young (Normal) (G1 Evacuation Pause) 192M->144M(1024M) 30.369ms
[2020-10-30T18:37:03.190-0900][gc,cpu       ] GC(9) User=0.02s Sys=0.03s Real=0.04s
[2020-10-30T18:45:18.889-0900][gc,start     ] GC(10) Pause Young (Normal) (G1 Evacuation Pause)
[2020-10-30T18:45:18.889-0900][gc,task      ] GC(10) Using 4 workers of 4 for evacuation
[2020-10-30T18:45:18.918-0900][gc,mmu       ] GC(10) MMU target violated: 21.0ms (20.0ms/21.0ms)
[2020-10-30T18:45:18.918-0900][gc,phases    ] GC(10)   Pre Evacuate Collection Set: 2.5ms
[2020-10-30T18:45:18.918-0900][gc,phases    ] GC(10)   Merge Heap Roots: 0.1ms
[2020-10-30T18:45:18.918-0900][gc,phases    ] GC(10)   Evacuate Collection Set: 24.0ms
[2020-10-30T18:45:18.918-0900][gc,phases    ] GC(10)   Post Evacuate Collection Set: 2.4ms
[2020-10-30T18:45:18.918-0900][gc,phases    ] GC(10)   Other: 0.6ms
[2020-10-30T18:45:18.918-0900][gc,heap      ] GC(10) Eden regions: 48->0(48)
[2020-10-30T18:45:18.918-0900][gc,heap      ] GC(10) Survivor regions: 3->3(7)
[2020-10-30T18:45:18.918-0900][gc,heap      ] GC(10) Old regions: 12->12
[2020-10-30T18:45:18.918-0900][gc,heap      ] GC(10) Archive regions: 2->2
[2020-10-30T18:45:18.918-0900][gc,heap      ] GC(10) Humongous regions: 129->129
[2020-10-30T18:45:18.918-0900][gc,metaspace ] GC(10) Metaspace: 36948K(38656K)->36948K(38656K) NonClass: 32735K(33792K)->32735K(33792K) Class: 4212K(4864K)->4212K(4864K)
[2020-10-30T18:45:18.918-0900][gc           ] GC(10) Pause Young (Normal) (G1 Evacuation Pause) 192M->144M(1024M) 29.809ms
[2020-10-30T18:45:18.919-0900][gc,cpu       ] GC(10) User=0.02s Sys=0.03s Real=0.03s
[2020-10-30T18:53:35.609-0900][gc,start     ] GC(11) Pause Young (Normal) (G1 Evacuation Pause)
[2020-10-30T18:53:35.610-0900][gc,task      ] GC(11) Using 4 workers of 4 for evacuation
[2020-10-30T18:53:35.626-0900][gc,phases    ] GC(11)   Pre Evacuate Collection Set: 0.8ms
[2020-10-30T18:53:35.626-0900][gc,phases    ] GC(11)   Merge Heap Roots: 0.1ms
[2020-10-30T18:53:35.626-0900][gc,phases    ] GC(11)   Evacuate Collection Set: 12.9ms
[2020-10-30T18:53:35.626-0900][gc,phases    ] GC(11)   Post Evacuate Collection Set: 1.6ms
[2020-10-30T18:53:35.626-0900][gc,phases    ] GC(11)   Other: 2.2ms
[2020-10-30T18:53:35.627-0900][gc,heap      ] GC(11) Eden regions: 48->0(48)
[2020-10-30T18:53:35.627-0900][gc,heap      ] GC(11) Survivor regions: 3->3(7)
[2020-10-30T18:53:35.627-0900][gc,heap      ] GC(11) Old regions: 12->12
[2020-10-30T18:53:35.627-0900][gc,heap      ] GC(11) Archive regions: 2->2
[2020-10-30T18:53:35.627-0900][gc,heap      ] GC(11) Humongous regions: 129->129
[2020-10-30T18:53:35.627-0900][gc,metaspace ] GC(11) Metaspace: 36979K(38656K)->36979K(38656K) NonClass: 32766K(33792K)->32766K(33792K) Class: 4212K(4864K)->4212K(4864K)
[2020-10-30T18:53:35.627-0900][gc           ] GC(11) Pause Young (Normal) (G1 Evacuation Pause) 192M->144M(1024M) 17.721ms
[2020-10-30T18:53:35.627-0900][gc,cpu       ] GC(11) User=0.01s Sys=0.01s Real=0.02s
[2020-10-30T19:01:46.532-0900][gc,start     ] GC(12) Pause Young (Normal) (G1 Evacuation Pause)
[2020-10-30T19:01:46.533-0900][gc,task      ] GC(12) Using 4 workers of 4 for evacuation
[2020-10-30T19:01:46.547-0900][gc,phases    ] GC(12)   Pre Evacuate Collection Set: 1.6ms
[2020-10-30T19:01:46.547-0900][gc,phases    ] GC(12)   Merge Heap Roots: 0.1ms
[2020-10-30T19:01:46.547-0900][gc,phases    ] GC(12)   Evacuate Collection Set: 10.7ms
[2020-10-30T19:01:46.547-0900][gc,phases    ] GC(12)   Post Evacuate Collection Set: 1.4ms
[2020-10-30T19:01:46.547-0900][gc,phases    ] GC(12)   Other: 1.3ms
[2020-10-30T19:01:46.547-0900][gc,heap      ] GC(12) Eden regions: 48->0(48)
[2020-10-30T19:01:46.547-0900][gc,heap      ] GC(12) Survivor regions: 3->3(7)
[2020-10-30T19:01:46.547-0900][gc,heap      ] GC(12) Old regions: 12->12
[2020-10-30T19:01:46.547-0900][gc,heap      ] GC(12) Archive regions: 2->2
[2020-10-30T19:01:46.547-0900][gc,heap      ] GC(12) Humongous regions: 129->129
[2020-10-30T19:01:46.547-0900][gc,metaspace ] GC(12) Metaspace: 36992K(38656K)->36992K(38656K) NonClass: 32779K(33792K)->32779K(33792K) Class: 4212K(4864K)->4212K(4864K)
[2020-10-30T19:01:46.548-0900][gc           ] GC(12) Pause Young (Normal) (G1 Evacuation Pause) 192M->143M(1024M) 15.791ms
[2020-10-30T19:01:46.548-0900][gc,cpu       ] GC(12) User=0.02s Sys=0.03s Real=0.01s
[2020-10-30T19:09:27.850-0900][gc,start     ] GC(13) Pause Young (Normal) (G1 Evacuation Pause)
[2020-10-30T19:09:27.850-0900][gc,task      ] GC(13) Using 4 workers of 4 for evacuation
[2020-10-30T19:09:27.875-0900][gc,mmu       ] GC(13) MMU target violated: 21.0ms (20.0ms/21.0ms)
[2020-10-30T19:09:27.875-0900][gc,phases    ] GC(13)   Pre Evacuate Collection Set: 2.4ms
[2020-10-30T19:09:27.875-0900][gc,phases    ] GC(13)   Merge Heap Roots: 0.1ms
[2020-10-30T19:09:27.875-0900][gc,phases    ] GC(13)   Evacuate Collection Set: 20.5ms
[2020-10-30T19:09:27.875-0900][gc,phases    ] GC(13)   Post Evacuate Collection Set: 1.5ms
[2020-10-30T19:09:27.875-0900][gc,phases    ] GC(13)   Other: 0.7ms
[2020-10-30T19:09:27.875-0900][gc,heap      ] GC(13) Eden regions: 48->0(48)
[2020-10-30T19:09:27.875-0900][gc,heap      ] GC(13) Survivor regions: 3->3(7)
[2020-10-30T19:09:27.875-0900][gc,heap      ] GC(13) Old regions: 12->12
[2020-10-30T19:09:27.875-0900][gc,heap      ] GC(13) Archive regions: 2->2
[2020-10-30T19:09:27.875-0900][gc,heap      ] GC(13) Humongous regions: 129->129
[2020-10-30T19:09:27.875-0900][gc,metaspace ] GC(13) Metaspace: 37105K(38784K)->37105K(38784K) NonClass: 32880K(33792K)->32880K(33792K) Class: 4225K(4992K)->4225K(4992K)
[2020-10-30T19:09:27.875-0900][gc           ] GC(13) Pause Young (Normal) (G1 Evacuation Pause) 191M->143M(1024M) 25.600ms
[2020-10-30T19:09:27.875-0900][gc,cpu       ] GC(13) User=0.02s Sys=0.03s Real=0.02s
[2020-10-30T19:17:42.588-0900][gc,start     ] GC(14) Pause Young (Normal) (G1 Evacuation Pause)
[2020-10-30T19:17:42.591-0900][gc,task      ] GC(14) Using 4 workers of 4 for evacuation
[2020-10-30T19:17:42.623-0900][gc,mmu       ] GC(14) MMU target violated: 21.0ms (20.0ms/21.0ms)
[2020-10-30T19:17:42.623-0900][gc,phases    ] GC(14)   Pre Evacuate Collection Set: 10.8ms
[2020-10-30T19:17:42.623-0900][gc,phases    ] GC(14)   Merge Heap Roots: 1.6ms
[2020-10-30T19:17:42.623-0900][gc,phases    ] GC(14)   Evacuate Collection Set: 18.1ms
[2020-10-30T19:17:42.623-0900][gc,phases    ] GC(14)   Post Evacuate Collection Set: 1.4ms
[2020-10-30T19:17:42.623-0900][gc,phases    ] GC(14)   Other: 3.9ms
[2020-10-30T19:17:42.623-0900][gc,heap      ] GC(14) Eden regions: 48->0(47)
[2020-10-30T19:17:42.623-0900][gc,heap      ] GC(14) Survivor regions: 3->4(7)
[2020-10-30T19:17:42.623-0900][gc,heap      ] GC(14) Old regions: 12->12
[2020-10-30T19:17:42.623-0900][gc,heap      ] GC(14) Archive regions: 2->2
[2020-10-30T19:17:42.623-0900][gc,heap      ] GC(14) Humongous regions: 129->129
[2020-10-30T19:17:42.624-0900][gc,metaspace ] GC(14) Metaspace: 37113K(38784K)->37113K(38784K) NonClass: 32888K(33792K)->32888K(33792K) Class: 4225K(4992K)->4225K(4992K)
[2020-10-30T19:17:42.624-0900][gc           ] GC(14) Pause Young (Normal) (G1 Evacuation Pause) 191M->144M(1024M) 35.885ms
[2020-10-30T19:17:42.624-0900][gc,cpu       ] GC(14) User=0.03s Sys=0.04s Real=0.04s
[2020-10-30T19:25:45.917-0900][gc,start     ] GC(15) Pause Young (Normal) (G1 Evacuation Pause)
[2020-10-30T19:25:45.919-0900][gc,task      ] GC(15) Using 4 workers of 4 for evacuation
[2020-10-30T19:25:45.935-0900][gc,phases    ] GC(15)   Pre Evacuate Collection Set: 3.3ms
[2020-10-30T19:25:45.935-0900][gc,phases    ] GC(15)   Merge Heap Roots: 0.1ms
[2020-10-30T19:25:45.935-0900][gc,phases    ] GC(15)   Evacuate Collection Set: 11.4ms
[2020-10-30T19:25:45.935-0900][gc,phases    ] GC(15)   Post Evacuate Collection Set: 1.1ms
[2020-10-30T19:25:45.935-0900][gc,phases    ] GC(15)   Other: 1.7ms
[2020-10-30T19:25:45.935-0900][gc,heap      ] GC(15) Eden regions: 47->0(47)
[2020-10-30T19:25:45.935-0900][gc,heap      ] GC(15) Survivor regions: 4->4(7)
[2020-10-30T19:25:45.935-0900][gc,heap      ] GC(15) Old regions: 12->12
[2020-10-30T19:25:45.935-0900][gc,heap      ] GC(15) Archive regions: 2->2
[2020-10-30T19:25:45.935-0900][gc,heap      ] GC(15) Humongous regions: 129->129
[2020-10-30T19:25:45.935-0900][gc,metaspace ] GC(15) Metaspace: 37124K(38784K)->37124K(38784K) NonClass: 32898K(33792K)->32898K(33792K) Class: 4225K(4992K)->4225K(4992K)
[2020-10-30T19:25:45.935-0900][gc           ] GC(15) Pause Young (Normal) (G1 Evacuation Pause) 191M->144M(1024M) 17.792ms
[2020-10-30T19:25:45.935-0900][gc,cpu       ] GC(15) User=0.02s Sys=0.03s Real=0.02s
[2020-10-30T19:33:18.221-0900][gc,start     ] GC(16) Pause Young (Normal) (G1 Evacuation Pause)
[2020-10-30T19:33:18.222-0900][gc,task      ] GC(16) Using 4 workers of 4 for evacuation
[2020-10-30T19:33:18.240-0900][gc,phases    ] GC(16)   Pre Evacuate Collection Set: 1.9ms
[2020-10-30T19:33:18.240-0900][gc,phases    ] GC(16)   Merge Heap Roots: 0.1ms
[2020-10-30T19:33:18.240-0900][gc,phases    ] GC(16)   Evacuate Collection Set: 13.7ms
[2020-10-30T19:33:18.240-0900][gc,phases    ] GC(16)   Post Evacuate Collection Set: 1.1ms
[2020-10-30T19:33:18.240-0900][gc,phases    ] GC(16)   Other: 1.7ms
[2020-10-30T19:33:18.240-0900][gc,heap      ] GC(16) Eden regions: 47->0(48)
[2020-10-30T19:33:18.240-0900][gc,heap      ] GC(16) Survivor regions: 4->3(7)
[2020-10-30T19:33:18.240-0900][gc,heap      ] GC(16) Old regions: 12->12
[2020-10-30T19:33:18.240-0900][gc,heap      ] GC(16) Archive regions: 2->2
[2020-10-30T19:33:18.240-0900][gc,heap      ] GC(16) Humongous regions: 129->129
[2020-10-30T19:33:18.240-0900][gc,metaspace ] GC(16) Metaspace: 37199K(38784K)->37199K(38784K) NonClass: 32964K(33792K)->32964K(33792K) Class: 4234K(4992K)->4234K(4992K)
[2020-10-30T19:33:18.240-0900][gc           ] GC(16) Pause Young (Normal) (G1 Evacuation Pause) 191M->144M(1024M) 18.769ms
[2020-10-30T19:33:18.240-0900][gc,cpu       ] GC(16) User=0.02s Sys=0.04s Real=0.02s
[2020-10-30T19:41:00.942-0900][gc,start     ] GC(17) Pause Young (Normal) (G1 Evacuation Pause)
[2020-10-30T19:41:00.943-0900][gc,task      ] GC(17) Using 4 workers of 4 for evacuation
[2020-10-30T19:41:00.959-0900][gc,phases    ] GC(17)   Pre Evacuate Collection Set: 1.8ms
[2020-10-30T19:41:00.959-0900][gc,phases    ] GC(17)   Merge Heap Roots: 0.2ms
[2020-10-30T19:41:00.959-0900][gc,phases    ] GC(17)   Evacuate Collection Set: 12.9ms
[2020-10-30T19:41:00.959-0900][gc,phases    ] GC(17)   Post Evacuate Collection Set: 1.2ms
[2020-10-30T19:41:00.959-0900][gc,phases    ] GC(17)   Other: 1.4ms
[2020-10-30T19:41:00.959-0900][gc,heap      ] GC(17) Eden regions: 48->0(65)
[2020-10-30T19:41:00.959-0900][gc,heap      ] GC(17) Survivor regions: 3->3(7)
[2020-10-30T19:41:00.959-0900][gc,heap      ] GC(17) Old regions: 12->12
[2020-10-30T19:41:00.959-0900][gc,heap      ] GC(17) Archive regions: 2->2
[2020-10-30T19:41:00.959-0900][gc,heap      ] GC(17) Humongous regions: 129->129
[2020-10-30T19:41:00.959-0900][gc,metaspace ] GC(17) Metaspace: 37222K(38784K)->37222K(38784K) NonClass: 32988K(33792K)->32988K(33792K) Class: 4234K(4992K)->4234K(4992K)
[2020-10-30T19:41:00.959-0900][gc           ] GC(17) Pause Young (Normal) (G1 Evacuation Pause) 192M->144M(1024M) 17.722ms
[2020-10-30T19:41:00.959-0900][gc,cpu       ] GC(17) User=0.02s Sys=0.03s Real=0.01s
[2020-10-30T19:51:40.963-0900][gc,start     ] GC(18) Pause Young (Normal) (G1 Evacuation Pause)
[2020-10-30T19:51:40.964-0900][gc,task      ] GC(18) Using 4 workers of 4 for evacuation
[2020-10-30T19:51:40.975-0900][gc,phases    ] GC(18)   Pre Evacuate Collection Set: 1.8ms
[2020-10-30T19:51:40.975-0900][gc,phases    ] GC(18)   Merge Heap Roots: 0.1ms
[2020-10-30T19:51:40.975-0900][gc,phases    ] GC(18)   Evacuate Collection Set: 8.0ms
[2020-10-30T19:51:40.975-0900][gc,phases    ] GC(18)   Post Evacuate Collection Set: 1.0ms
[2020-10-30T19:51:40.975-0900][gc,phases    ] GC(18)   Other: 0.8ms
[2020-10-30T19:51:40.975-0900][gc,heap      ] GC(18) Eden regions: 65->0(438)
[2020-10-30T19:51:40.975-0900][gc,heap      ] GC(18) Survivor regions: 3->3(9)
[2020-10-30T19:51:40.975-0900][gc,heap      ] GC(18) Old regions: 12->12
[2020-10-30T19:51:40.975-0900][gc,heap      ] GC(18) Archive regions: 2->2
[2020-10-30T19:51:40.975-0900][gc,heap      ] GC(18) Humongous regions: 129->129
[2020-10-30T19:51:40.975-0900][gc,metaspace ] GC(18) Metaspace: 37231K(39040K)->37231K(39040K) NonClass: 32996K(34048K)->32996K(34048K) Class: 4234K(4992K)->4234K(4992K)
[2020-10-30T19:51:40.975-0900][gc           ] GC(18) Pause Young (Normal) (G1 Evacuation Pause) 209M->143M(1024M) 12.017ms
[2020-10-30T19:51:40.975-0900][gc,cpu       ] GC(18) User=0.02s Sys=0.02s Real=0.01s
