[2020-09-20T07:33:28.666-0900][gc,heap] Heap region size: 1M
[2020-09-20T07:33:28.666-0900][gc,heap,coops] Heap address: 0x00000007c0000000, size: 1024 MB, Compressed Oops mode: Zero based, Oop shift amount: 3
[2020-09-20T07:33:28.677-0900][gc           ] Using G1
[2020-09-20T07:33:28.678-0900][gc,cds       ] Mark closed archive regions in map: [0x00000007fff00000, 0x00000007fff7aff8]
[2020-09-20T07:33:28.678-0900][gc,cds       ] Mark open archive regions in map: [0x00000007ffe00000, 0x00000007ffe50ff8]
[2020-09-20T07:33:28.701-0900][gc           ] Periodic GC disabled
[2020-09-20T07:33:30.234-0900][gc,start     ] GC(0) Pause Young (Normal) (G1 Evacuation Pause)
[2020-09-20T07:33:30.234-0900][gc,task      ] GC(0) Using 4 workers of 4 for evacuation
[2020-09-20T07:33:30.243-0900][gc,phases    ] GC(0)   Pre Evacuate Collection Set: 0.1ms
[2020-09-20T07:33:30.243-0900][gc,phases    ] GC(0)   Merge Heap Roots: 0.0ms
[2020-09-20T07:33:30.243-0900][gc,phases    ] GC(0)   Evacuate Collection Set: 7.7ms
[2020-09-20T07:33:30.243-0900][gc,phases    ] GC(0)   Post Evacuate Collection Set: 0.5ms
[2020-09-20T07:33:30.243-0900][gc,phases    ] GC(0)   Other: 0.4ms
[2020-09-20T07:33:30.243-0900][gc,heap      ] GC(0) Eden regions: 51->0(44)
[2020-09-20T07:33:30.243-0900][gc,heap      ] GC(0) Survivor regions: 0->7(7)
[2020-09-20T07:33:30.243-0900][gc,heap      ] GC(0) Old regions: 0->0
[2020-09-20T07:33:30.243-0900][gc,heap      ] GC(0) Archive regions: 2->2
[2020-09-20T07:33:30.243-0900][gc,heap      ] GC(0) Humongous regions: 0->0
[2020-09-20T07:33:30.243-0900][gc,metaspace ] GC(0) Metaspace: 15190K(15872K)->15190K(15872K) NonClass: 13296K(13824K)->13296K(13824K) Class: 1894K(2048K)->1894K(2048K)
[2020-09-20T07:33:30.243-0900][gc           ] GC(0) Pause Young (Normal) (G1 Evacuation Pause) 51M->6M(1024M) 8.903ms
[2020-09-20T07:33:30.243-0900][gc,cpu       ] GC(0) User=0.02s Sys=0.01s Real=0.01s
[2020-09-20T07:33:30.664-0900][gc,start     ] GC(1) Pause Young (Concurrent Start) (Metadata GC Threshold)
[2020-09-20T07:33:30.664-0900][gc,task      ] GC(1) Using 4 workers of 4 for evacuation
[2020-09-20T07:33:30.672-0900][gc,phases    ] GC(1)   Pre Evacuate Collection Set: 0.1ms
[2020-09-20T07:33:30.672-0900][gc,phases    ] GC(1)   Merge Heap Roots: 0.0ms
[2020-09-20T07:33:30.672-0900][gc,phases    ] GC(1)   Evacuate Collection Set: 7.6ms
[2020-09-20T07:33:30.672-0900][gc,phases    ] GC(1)   Post Evacuate Collection Set: 0.4ms
[2020-09-20T07:33:30.672-0900][gc,phases    ] GC(1)   Other: 0.2ms
[2020-09-20T07:33:30.672-0900][gc,heap      ] GC(1) Eden regions: 22->0(49)
[2020-09-20T07:33:30.672-0900][gc,heap      ] GC(1) Survivor regions: 7->2(7)
[2020-09-20T07:33:30.672-0900][gc,heap      ] GC(1) Old regions: 0->7
[2020-09-20T07:33:30.672-0900][gc,heap      ] GC(1) Archive regions: 2->2
[2020-09-20T07:33:30.672-0900][gc,heap      ] GC(1) Humongous regions: 0->0
[2020-09-20T07:33:30.672-0900][gc,metaspace ] GC(1) Metaspace: 20610K(21248K)->20610K(21248K) NonClass: 18071K(18432K)->18071K(18432K) Class: 2539K(2816K)->2539K(2816K)
[2020-09-20T07:33:30.672-0900][gc           ] GC(1) Pause Young (Concurrent Start) (Metadata GC Threshold) 28M->8M(1024M) 8.525ms
[2020-09-20T07:33:30.672-0900][gc,cpu       ] GC(1) User=0.03s Sys=0.01s Real=0.01s
[2020-09-20T07:33:30.673-0900][gc           ] GC(2) Concurrent Cycle
[2020-09-20T07:33:30.673-0900][gc,marking   ] GC(2) Concurrent Clear Claimed Marks
[2020-09-20T07:33:30.673-0900][gc,marking   ] GC(2) Concurrent Clear Claimed Marks 0.051ms
[2020-09-20T07:33:30.673-0900][gc,marking   ] GC(2) Concurrent Scan Root Regions
[2020-09-20T07:33:30.679-0900][gc,marking   ] GC(2) Concurrent Scan Root Regions 6.650ms
[2020-09-20T07:33:30.679-0900][gc,marking   ] GC(2) Concurrent Mark (2.022s)
[2020-09-20T07:33:30.679-0900][gc,marking   ] GC(2) Concurrent Mark From Roots
[2020-09-20T07:33:30.679-0900][gc,task      ] GC(2) Using 1 workers of 1 for marking
[2020-09-20T07:33:30.682-0900][gc,marking   ] GC(2) Concurrent Mark From Roots 2.353ms
[2020-09-20T07:33:30.682-0900][gc,marking   ] GC(2) Concurrent Preclean
[2020-09-20T07:33:30.682-0900][gc,marking   ] GC(2) Concurrent Preclean 0.054ms
[2020-09-20T07:33:30.682-0900][gc,marking   ] GC(2) Concurrent Mark (2.022s, 2.025s) 2.592ms
[2020-09-20T07:33:30.682-0900][gc,start     ] GC(2) Pause Remark
[2020-09-20T07:33:30.684-0900][gc           ] GC(2) Pause Remark 8M->8M(1024M) 1.712ms
[2020-09-20T07:33:30.684-0900][gc,cpu       ] GC(2) User=0.01s Sys=0.00s Real=0.00s
[2020-09-20T07:33:30.684-0900][gc,marking   ] GC(2) Concurrent Rebuild Remembered Sets
[2020-09-20T07:33:30.690-0900][gc,marking   ] GC(2) Concurrent Rebuild Remembered Sets 5.597ms
[2020-09-20T07:33:30.690-0900][gc,start     ] GC(2) Pause Cleanup
[2020-09-20T07:33:30.690-0900][gc           ] GC(2) Pause Cleanup 8M->8M(1024M) 0.172ms
[2020-09-20T07:33:30.691-0900][gc,cpu       ] GC(2) User=0.01s Sys=0.00s Real=0.00s
[2020-09-20T07:33:30.691-0900][gc,marking   ] GC(2) Concurrent Cleanup for Next Mark
[2020-09-20T07:33:30.704-0900][gc,marking   ] GC(2) Concurrent Cleanup for Next Mark 13.507ms
[2020-09-20T07:33:30.704-0900][gc           ] GC(2) Concurrent Cycle 31.833ms
[2020-09-20T07:33:32.003-0900][gc,start     ] GC(3) Pause Young (Normal) (G1 Evacuation Pause)
[2020-09-20T07:33:32.003-0900][gc,task      ] GC(3) Using 4 workers of 4 for evacuation
[2020-09-20T07:33:32.009-0900][gc,phases    ] GC(3)   Pre Evacuate Collection Set: 0.1ms
[2020-09-20T07:33:32.009-0900][gc,phases    ] GC(3)   Merge Heap Roots: 0.0ms
[2020-09-20T07:33:32.009-0900][gc,phases    ] GC(3)   Evacuate Collection Set: 4.6ms
[2020-09-20T07:33:32.009-0900][gc,phases    ] GC(3)   Post Evacuate Collection Set: 0.6ms
[2020-09-20T07:33:32.009-0900][gc,phases    ] GC(3)   Other: 0.2ms
[2020-09-20T07:33:32.009-0900][gc,heap      ] GC(3) Eden regions: 49->0(46)
[2020-09-20T07:33:32.009-0900][gc,heap      ] GC(3) Survivor regions: 2->5(7)
[2020-09-20T07:33:32.009-0900][gc,heap      ] GC(3) Old regions: 7->7
[2020-09-20T07:33:32.009-0900][gc,heap      ] GC(3) Archive regions: 2->2
[2020-09-20T07:33:32.009-0900][gc,heap      ] GC(3) Humongous regions: 129->129
[2020-09-20T07:33:32.009-0900][gc,metaspace ] GC(3) Metaspace: 28032K(29184K)->28032K(29184K) NonClass: 24811K(25600K)->24811K(25600K) Class: 3221K(3584K)->3221K(3584K)
[2020-09-20T07:33:32.009-0900][gc           ] GC(3) Pause Young (Normal) (G1 Evacuation Pause) 186M->140M(1024M) 5.651ms
[2020-09-20T07:33:32.009-0900][gc,cpu       ] GC(3) User=0.02s Sys=0.00s Real=0.00s
[2020-09-20T07:33:32.589-0900][gc,start     ] GC(4) Pause Young (Concurrent Start) (Metadata GC Threshold)
[2020-09-20T07:33:32.589-0900][gc,task      ] GC(4) Using 4 workers of 4 for evacuation
[2020-09-20T07:33:32.603-0900][gc,phases    ] GC(4)   Pre Evacuate Collection Set: 0.2ms
[2020-09-20T07:33:32.603-0900][gc,phases    ] GC(4)   Merge Heap Roots: 0.1ms
[2020-09-20T07:33:32.603-0900][gc,phases    ] GC(4)   Evacuate Collection Set: 12.7ms
[2020-09-20T07:33:32.604-0900][gc,phases    ] GC(4)   Post Evacuate Collection Set: 1.0ms
[2020-09-20T07:33:32.604-0900][gc,phases    ] GC(4)   Other: 0.3ms
[2020-09-20T07:33:32.604-0900][gc,heap      ] GC(4) Eden regions: 30->0(45)
[2020-09-20T07:33:32.604-0900][gc,heap      ] GC(4) Survivor regions: 5->6(7)
[2020-09-20T07:33:32.604-0900][gc,heap      ] GC(4) Old regions: 7->7
[2020-09-20T07:33:32.604-0900][gc,heap      ] GC(4) Archive regions: 2->2
[2020-09-20T07:33:32.604-0900][gc,heap      ] GC(4) Humongous regions: 129->129
[2020-09-20T07:33:32.604-0900][gc,metaspace ] GC(4) Metaspace: 34576K(35840K)->34576K(35840K) NonClass: 30566K(31232K)->30566K(31232K) Class: 4010K(4608K)->4010K(4608K)
[2020-09-20T07:33:32.604-0900][gc           ] GC(4) Pause Young (Concurrent Start) (Metadata GC Threshold) 169M->142M(1024M) 14.628ms
[2020-09-20T07:33:32.604-0900][gc,cpu       ] GC(4) User=0.03s Sys=0.00s Real=0.02s
[2020-09-20T07:33:32.604-0900][gc           ] GC(5) Concurrent Cycle
[2020-09-20T07:33:32.604-0900][gc,marking   ] GC(5) Concurrent Clear Claimed Marks
[2020-09-20T07:33:32.604-0900][gc,marking   ] GC(5) Concurrent Clear Claimed Marks 0.107ms
[2020-09-20T07:33:32.604-0900][gc,marking   ] GC(5) Concurrent Scan Root Regions
[2020-09-20T07:33:32.615-0900][gc,marking   ] GC(5) Concurrent Scan Root Regions 11.390ms
[2020-09-20T07:33:32.615-0900][gc,marking   ] GC(5) Concurrent Mark (3.958s)
[2020-09-20T07:33:32.615-0900][gc,marking   ] GC(5) Concurrent Mark From Roots
[2020-09-20T07:33:32.615-0900][gc,task      ] GC(5) Using 1 workers of 1 for marking
[2020-09-20T07:33:32.636-0900][gc,marking   ] GC(5) Concurrent Mark From Roots 20.148ms
[2020-09-20T07:33:32.636-0900][gc,marking   ] GC(5) Concurrent Preclean
[2020-09-20T07:33:32.636-0900][gc,marking   ] GC(5) Concurrent Preclean 0.140ms
[2020-09-20T07:33:32.636-0900][gc,marking   ] GC(5) Concurrent Mark (3.958s, 3.978s) 20.437ms
[2020-09-20T07:33:32.636-0900][gc,start     ] GC(5) Pause Remark
[2020-09-20T07:33:32.638-0900][gc           ] GC(5) Pause Remark 143M->143M(1024M) 2.150ms
[2020-09-20T07:33:32.638-0900][gc,cpu       ] GC(5) User=0.01s Sys=0.01s Real=0.00s
[2020-09-20T07:33:32.640-0900][gc,marking   ] GC(5) Concurrent Rebuild Remembered Sets
[2020-09-20T07:33:32.649-0900][gc,marking   ] GC(5) Concurrent Rebuild Remembered Sets 9.249ms
[2020-09-20T07:33:32.649-0900][gc,start     ] GC(5) Pause Cleanup
[2020-09-20T07:33:32.649-0900][gc           ] GC(5) Pause Cleanup 143M->143M(1024M) 0.177ms
[2020-09-20T07:33:32.649-0900][gc,cpu       ] GC(5) User=0.00s Sys=0.00s Real=0.00s
[2020-09-20T07:33:32.651-0900][gc,marking   ] GC(5) Concurrent Cleanup for Next Mark
[2020-09-20T07:33:32.666-0900][gc,marking   ] GC(5) Concurrent Cleanup for Next Mark 15.128ms
[2020-09-20T07:33:32.666-0900][gc           ] GC(5) Concurrent Cycle 62.200ms
[2020-09-20T07:44:52.822-0900][gc,start     ] GC(6) Pause Young (Normal) (G1 Evacuation Pause)
[2020-09-20T07:44:52.822-0900][gc,task      ] GC(6) Using 4 workers of 4 for evacuation
[2020-09-20T07:44:52.836-0900][gc,phases    ] GC(6)   Pre Evacuate Collection Set: 0.2ms
[2020-09-20T07:44:52.836-0900][gc,phases    ] GC(6)   Merge Heap Roots: 0.1ms
[2020-09-20T07:44:52.836-0900][gc,phases    ] GC(6)   Evacuate Collection Set: 11.7ms
[2020-09-20T07:44:52.836-0900][gc,phases    ] GC(6)   Post Evacuate Collection Set: 1.3ms
[2020-09-20T07:44:52.836-0900][gc,phases    ] GC(6)   Other: 0.3ms
[2020-09-20T07:44:52.836-0900][gc,heap      ] GC(6) Eden regions: 45->0(47)
[2020-09-20T07:44:52.836-0900][gc,heap      ] GC(6) Survivor regions: 6->4(7)
[2020-09-20T07:44:52.836-0900][gc,heap      ] GC(6) Old regions: 7->11
[2020-09-20T07:44:52.836-0900][gc,heap      ] GC(6) Archive regions: 2->2
[2020-09-20T07:44:52.836-0900][gc,heap      ] GC(6) Humongous regions: 147->129
[2020-09-20T07:44:52.836-0900][gc,metaspace ] GC(6) Metaspace: 38462K(40396K)->38462K(40396K) NonClass: 33806K(34816K)->33806K(34816K) Class: 4656K(5580K)->4656K(5580K)
[2020-09-20T07:44:52.836-0900][gc           ] GC(6) Pause Young (Normal) (G1 Evacuation Pause) 205M->143M(1024M) 13.749ms
[2020-09-20T07:44:52.836-0900][gc,cpu       ] GC(6) User=0.04s Sys=0.00s Real=0.01s
[2020-09-20T08:02:00.015-0900][gc,start     ] GC(7) Pause Young (Normal) (G1 Evacuation Pause)
[2020-09-20T08:02:00.016-0900][gc,task      ] GC(7) Using 4 workers of 4 for evacuation
[2020-09-20T08:02:00.038-0900][gc,mmu       ] GC(7) MMU target violated: 21.0ms (20.0ms/21.0ms)
[2020-09-20T08:02:00.038-0900][gc,phases    ] GC(7)   Pre Evacuate Collection Set: 2.1ms
[2020-09-20T08:02:00.038-0900][gc,phases    ] GC(7)   Merge Heap Roots: 0.2ms
[2020-09-20T08:02:00.038-0900][gc,phases    ] GC(7)   Evacuate Collection Set: 19.5ms
[2020-09-20T08:02:00.038-0900][gc,phases    ] GC(7)   Post Evacuate Collection Set: 0.8ms
[2020-09-20T08:02:00.038-0900][gc,phases    ] GC(7)   Other: 0.5ms
[2020-09-20T08:02:00.038-0900][gc,heap      ] GC(7) Eden regions: 47->0(46)
[2020-09-20T08:02:00.038-0900][gc,heap      ] GC(7) Survivor regions: 4->5(7)
[2020-09-20T08:02:00.039-0900][gc,heap      ] GC(7) Old regions: 11->11
[2020-09-20T08:02:00.039-0900][gc,heap      ] GC(7) Archive regions: 2->2
[2020-09-20T08:02:00.039-0900][gc,heap      ] GC(7) Humongous regions: 129->129
[2020-09-20T08:02:00.039-0900][gc,metaspace ] GC(7) Metaspace: 38779K(40908K)->38779K(40908K) NonClass: 34118K(35328K)->34118K(35328K) Class: 4661K(5580K)->4661K(5580K)
[2020-09-20T08:02:00.039-0900][gc           ] GC(7) Pause Young (Normal) (G1 Evacuation Pause) 190M->144M(1024M) 23.226ms
[2020-09-20T08:02:00.039-0900][gc,cpu       ] GC(7) User=0.04s Sys=0.05s Real=0.02s
[2020-09-20T08:11:35.375-0900][gc,start     ] GC(8) Pause Young (Normal) (G1 Evacuation Pause)
[2020-09-20T08:11:35.375-0900][gc,task      ] GC(8) Using 4 workers of 4 for evacuation
[2020-09-20T08:11:35.385-0900][gc,phases    ] GC(8)   Pre Evacuate Collection Set: 0.1ms
[2020-09-20T08:11:35.385-0900][gc,phases    ] GC(8)   Merge Heap Roots: 0.1ms
[2020-09-20T08:11:35.385-0900][gc,phases    ] GC(8)   Evacuate Collection Set: 8.6ms
[2020-09-20T08:11:35.385-0900][gc,phases    ] GC(8)   Post Evacuate Collection Set: 0.7ms
[2020-09-20T08:11:35.385-0900][gc,phases    ] GC(8)   Other: 0.3ms
[2020-09-20T08:11:35.385-0900][gc,heap      ] GC(8) Eden regions: 46->0(47)
[2020-09-20T08:11:35.385-0900][gc,heap      ] GC(8) Survivor regions: 5->4(7)
[2020-09-20T08:11:35.385-0900][gc,heap      ] GC(8) Old regions: 11->13
[2020-09-20T08:11:35.385-0900][gc,heap      ] GC(8) Archive regions: 2->2
[2020-09-20T08:11:35.385-0900][gc,heap      ] GC(8) Humongous regions: 129->129
[2020-09-20T08:11:35.385-0900][gc,metaspace ] GC(8) Metaspace: 38901K(40908K)->38901K(40908K) NonClass: 34233K(35328K)->34233K(35328K) Class: 4668K(5580K)->4668K(5580K)
[2020-09-20T08:11:35.385-0900][gc           ] GC(8) Pause Young (Normal) (G1 Evacuation Pause) 190M->145M(1024M) 9.893ms
[2020-09-20T08:11:35.385-0900][gc,cpu       ] GC(8) User=0.03s Sys=0.01s Real=0.01s
[2020-09-20T08:31:17.979-0900][gc,start     ] GC(9) Pause Young (Normal) (G1 Evacuation Pause)
[2020-09-20T08:31:17.979-0900][gc,task      ] GC(9) Using 4 workers of 4 for evacuation
[2020-09-20T08:31:18.013-0900][gc,mmu       ] GC(9) MMU target violated: 21.0ms (20.0ms/21.0ms)
[2020-09-20T08:31:18.013-0900][gc,phases    ] GC(9)   Pre Evacuate Collection Set: 2.3ms
[2020-09-20T08:31:18.013-0900][gc,phases    ] GC(9)   Merge Heap Roots: 0.2ms
[2020-09-20T08:31:18.013-0900][gc,phases    ] GC(9)   Evacuate Collection Set: 30.1ms
[2020-09-20T08:31:18.013-0900][gc,phases    ] GC(9)   Post Evacuate Collection Set: 1.1ms
[2020-09-20T08:31:18.013-0900][gc,phases    ] GC(9)   Other: 0.7ms
[2020-09-20T08:31:18.013-0900][gc,heap      ] GC(9) Eden regions: 47->0(47)
[2020-09-20T08:31:18.013-0900][gc,heap      ] GC(9) Survivor regions: 4->4(7)
[2020-09-20T08:31:18.013-0900][gc,heap      ] GC(9) Old regions: 13->13
[2020-09-20T08:31:18.013-0900][gc,heap      ] GC(9) Archive regions: 2->2
[2020-09-20T08:31:18.013-0900][gc,heap      ] GC(9) Humongous regions: 129->129
[2020-09-20T08:31:18.013-0900][gc,metaspace ] GC(9) Metaspace: 38999K(41164K)->38999K(41164K) NonClass: 34331K(35584K)->34331K(35584K) Class: 4668K(5580K)->4668K(5580K)
[2020-09-20T08:31:18.013-0900][gc           ] GC(9) Pause Young (Normal) (G1 Evacuation Pause) 192M->145M(1024M) 34.447ms
[2020-09-20T08:31:18.013-0900][gc,cpu       ] GC(9) User=0.03s Sys=0.07s Real=0.04s
[2020-09-20T15:23:57.545-0900][gc,start     ] GC(10) Pause Young (Normal) (G1 Evacuation Pause)
[2020-09-20T15:23:57.545-0900][gc,task      ] GC(10) Using 4 workers of 4 for evacuation
[2020-09-20T15:23:57.573-0900][gc,mmu       ] GC(10) MMU target violated: 21.0ms (20.0ms/21.0ms)
[2020-09-20T15:23:57.573-0900][gc,phases    ] GC(10)   Pre Evacuate Collection Set: 3.4ms
[2020-09-20T15:23:57.573-0900][gc,phases    ] GC(10)   Merge Heap Roots: 0.2ms
[2020-09-20T15:23:57.573-0900][gc,phases    ] GC(10)   Evacuate Collection Set: 23.8ms
[2020-09-20T15:23:57.573-0900][gc,phases    ] GC(10)   Post Evacuate Collection Set: 0.9ms
[2020-09-20T15:23:57.573-0900][gc,phases    ] GC(10)   Other: 0.5ms
[2020-09-20T15:23:57.573-0900][gc,heap      ] GC(10) Eden regions: 47->0(47)
[2020-09-20T15:23:57.573-0900][gc,heap      ] GC(10) Survivor regions: 4->4(7)
[2020-09-20T15:23:57.573-0900][gc,heap      ] GC(10) Old regions: 13->13
[2020-09-20T15:23:57.573-0900][gc,heap      ] GC(10) Archive regions: 2->2
[2020-09-20T15:23:57.573-0900][gc,heap      ] GC(10) Humongous regions: 129->129
[2020-09-20T15:23:57.573-0900][gc,metaspace ] GC(10) Metaspace: 39211K(41164K)->39211K(41164K) NonClass: 34518K(35584K)->34518K(35584K) Class: 4693K(5580K)->4693K(5580K)
[2020-09-20T15:23:57.573-0900][gc           ] GC(10) Pause Young (Normal) (G1 Evacuation Pause) 192M->145M(1024M) 28.814ms
[2020-09-20T15:23:57.573-0900][gc,cpu       ] GC(10) User=0.03s Sys=0.07s Real=0.03s
[2020-09-20T15:49:48.399-0900][gc,start     ] GC(11) Pause Young (Normal) (G1 Evacuation Pause)
[2020-09-20T15:49:48.401-0900][gc,task      ] GC(11) Using 4 workers of 4 for evacuation
[2020-09-20T15:49:48.424-0900][gc,mmu       ] GC(11) MMU target violated: 21.0ms (20.0ms/21.0ms)
[2020-09-20T15:49:48.424-0900][gc,phases    ] GC(11)   Pre Evacuate Collection Set: 3.8ms
[2020-09-20T15:49:48.424-0900][gc,phases    ] GC(11)   Merge Heap Roots: 0.2ms
[2020-09-20T15:49:48.424-0900][gc,phases    ] GC(11)   Evacuate Collection Set: 17.3ms
[2020-09-20T15:49:48.424-0900][gc,phases    ] GC(11)   Post Evacuate Collection Set: 1.1ms
[2020-09-20T15:49:48.424-0900][gc,phases    ] GC(11)   Other: 2.0ms
[2020-09-20T15:49:48.424-0900][gc,heap      ] GC(11) Eden regions: 47->0(47)
[2020-09-20T15:49:48.424-0900][gc,heap      ] GC(11) Survivor regions: 4->4(7)
[2020-09-20T15:49:48.424-0900][gc,heap      ] GC(11) Old regions: 13->13
[2020-09-20T15:49:48.424-0900][gc,heap      ] GC(11) Archive regions: 2->2
[2020-09-20T15:49:48.424-0900][gc,heap      ] GC(11) Humongous regions: 129->129
[2020-09-20T15:49:48.424-0900][gc,metaspace ] GC(11) Metaspace: 39388K(41420K)->39388K(41420K) NonClass: 34694K(35840K)->34694K(35840K) Class: 4693K(5580K)->4693K(5580K)
[2020-09-20T15:49:48.424-0900][gc           ] GC(11) Pause Young (Normal) (G1 Evacuation Pause) 192M->145M(1024M) 24.518ms
[2020-09-20T15:49:48.424-0900][gc,cpu       ] GC(11) User=0.02s Sys=0.05s Real=0.03s
[2020-09-20T16:15:52.644-0900][gc,start     ] GC(12) Pause Young (Normal) (G1 Evacuation Pause)
[2020-09-20T16:15:52.646-0900][gc,task      ] GC(12) Using 4 workers of 4 for evacuation
[2020-09-20T16:15:52.669-0900][gc,mmu       ] GC(12) MMU target violated: 21.0ms (20.0ms/21.0ms)
[2020-09-20T16:15:52.669-0900][gc,phases    ] GC(12)   Pre Evacuate Collection Set: 3.1ms
[2020-09-20T16:15:52.669-0900][gc,phases    ] GC(12)   Merge Heap Roots: 0.1ms
[2020-09-20T16:15:52.669-0900][gc,phases    ] GC(12)   Evacuate Collection Set: 18.6ms
[2020-09-20T16:15:52.669-0900][gc,phases    ] GC(12)   Post Evacuate Collection Set: 1.1ms
[2020-09-20T16:15:52.669-0900][gc,phases    ] GC(12)   Other: 1.7ms
[2020-09-20T16:15:52.669-0900][gc,heap      ] GC(12) Eden regions: 47->0(47)
[2020-09-20T16:15:52.669-0900][gc,heap      ] GC(12) Survivor regions: 4->4(7)
[2020-09-20T16:15:52.669-0900][gc,heap      ] GC(12) Old regions: 13->13
[2020-09-20T16:15:52.669-0900][gc,heap      ] GC(12) Archive regions: 2->2
[2020-09-20T16:15:52.669-0900][gc,heap      ] GC(12) Humongous regions: 129->129
[2020-09-20T16:15:52.669-0900][gc,metaspace ] GC(12) Metaspace: 39434K(41420K)->39434K(41420K) NonClass: 34740K(35840K)->34740K(35840K) Class: 4693K(5580K)->4693K(5580K)
[2020-09-20T16:15:52.669-0900][gc           ] GC(12) Pause Young (Normal) (G1 Evacuation Pause) 192M->145M(1024M) 24.669ms
[2020-09-20T16:15:52.669-0900][gc,cpu       ] GC(12) User=0.03s Sys=0.05s Real=0.02s
[2020-09-20T16:42:08.624-0900][gc,start     ] GC(13) Pause Young (Normal) (G1 Evacuation Pause)
[2020-09-20T16:42:08.625-0900][gc,task      ] GC(13) Using 4 workers of 4 for evacuation
[2020-09-20T16:42:08.650-0900][gc,mmu       ] GC(13) MMU target violated: 21.0ms (20.0ms/21.0ms)
[2020-09-20T16:42:08.650-0900][gc,phases    ] GC(13)   Pre Evacuate Collection Set: 3.5ms
[2020-09-20T16:42:08.650-0900][gc,phases    ] GC(13)   Merge Heap Roots: 0.1ms
[2020-09-20T16:42:08.650-0900][gc,phases    ] GC(13)   Evacuate Collection Set: 19.3ms
[2020-09-20T16:42:08.650-0900][gc,phases    ] GC(13)   Post Evacuate Collection Set: 1.2ms
[2020-09-20T16:42:08.650-0900][gc,phases    ] GC(13)   Other: 1.9ms
[2020-09-20T16:42:08.650-0900][gc,heap      ] GC(13) Eden regions: 47->0(47)
[2020-09-20T16:42:08.650-0900][gc,heap      ] GC(13) Survivor regions: 4->4(7)
[2020-09-20T16:42:08.650-0900][gc,heap      ] GC(13) Old regions: 13->13
[2020-09-20T16:42:08.650-0900][gc,heap      ] GC(13) Archive regions: 2->2
[2020-09-20T16:42:08.650-0900][gc,heap      ] GC(13) Humongous regions: 129->129
[2020-09-20T16:42:08.650-0900][gc,metaspace ] GC(13) Metaspace: 39438K(41420K)->39438K(41420K) NonClass: 34744K(35840K)->34744K(35840K) Class: 4693K(5580K)->4693K(5580K)
[2020-09-20T16:42:08.650-0900][gc           ] GC(13) Pause Young (Normal) (G1 Evacuation Pause) 192M->145M(1024M) 26.048ms
[2020-09-20T16:42:08.650-0900][gc,cpu       ] GC(13) User=0.03s Sys=0.06s Real=0.03s
[2020-09-20T17:08:39.068-0900][gc,start     ] GC(14) Pause Young (Normal) (G1 Evacuation Pause)
[2020-09-20T17:08:39.070-0900][gc,task      ] GC(14) Using 4 workers of 4 for evacuation
[2020-09-20T17:08:39.079-0900][gc,phases    ] GC(14)   Pre Evacuate Collection Set: 0.3ms
[2020-09-20T17:08:39.079-0900][gc,phases    ] GC(14)   Merge Heap Roots: 0.1ms
[2020-09-20T17:08:39.079-0900][gc,phases    ] GC(14)   Evacuate Collection Set: 7.9ms
[2020-09-20T17:08:39.079-0900][gc,phases    ] GC(14)   Post Evacuate Collection Set: 0.7ms
[2020-09-20T17:08:39.079-0900][gc,phases    ] GC(14)   Other: 1.4ms
[2020-09-20T17:08:39.079-0900][gc,heap      ] GC(14) Eden regions: 47->0(47)
[2020-09-20T17:08:39.079-0900][gc,heap      ] GC(14) Survivor regions: 4->4(7)
[2020-09-20T17:08:39.079-0900][gc,heap      ] GC(14) Old regions: 13->13
[2020-09-20T17:08:39.079-0900][gc,heap      ] GC(14) Archive regions: 2->2
[2020-09-20T17:08:39.079-0900][gc,heap      ] GC(14) Humongous regions: 129->129
[2020-09-20T17:08:39.079-0900][gc,metaspace ] GC(14) Metaspace: 39443K(41420K)->39443K(41420K) NonClass: 34750K(35840K)->34750K(35840K) Class: 4693K(5580K)->4693K(5580K)
[2020-09-20T17:08:39.079-0900][gc           ] GC(14) Pause Young (Normal) (G1 Evacuation Pause) 192M->145M(1024M) 10.554ms
[2020-09-20T17:08:39.079-0900][gc,cpu       ] GC(14) User=0.03s Sys=0.00s Real=0.01s
[2020-09-20T17:35:24.566-0900][gc,start     ] GC(15) Pause Young (Normal) (G1 Evacuation Pause)
[2020-09-20T17:35:24.567-0900][gc,task      ] GC(15) Using 4 workers of 4 for evacuation
[2020-09-20T17:35:24.596-0900][gc,mmu       ] GC(15) MMU target violated: 21.0ms (20.0ms/21.0ms)
[2020-09-20T17:35:24.596-0900][gc,phases    ] GC(15)   Pre Evacuate Collection Set: 1.9ms
[2020-09-20T17:35:24.596-0900][gc,phases    ] GC(15)   Merge Heap Roots: 0.3ms
[2020-09-20T17:35:24.596-0900][gc,phases    ] GC(15)   Evacuate Collection Set: 23.6ms
[2020-09-20T17:35:24.596-0900][gc,phases    ] GC(15)   Post Evacuate Collection Set: 2.6ms
[2020-09-20T17:35:24.596-0900][gc,phases    ] GC(15)   Other: 1.5ms
[2020-09-20T17:35:24.596-0900][gc,heap      ] GC(15) Eden regions: 47->0(47)
[2020-09-20T17:35:24.596-0900][gc,heap      ] GC(15) Survivor regions: 4->4(7)
[2020-09-20T17:35:24.596-0900][gc,heap      ] GC(15) Old regions: 13->13
[2020-09-20T17:35:24.596-0900][gc,heap      ] GC(15) Archive regions: 2->2
[2020-09-20T17:35:24.596-0900][gc,heap      ] GC(15) Humongous regions: 129->129
[2020-09-20T17:35:24.596-0900][gc,metaspace ] GC(15) Metaspace: 39480K(41420K)->39480K(41420K) NonClass: 34786K(35840K)->34786K(35840K) Class: 4693K(5580K)->4693K(5580K)
[2020-09-20T17:35:24.596-0900][gc           ] GC(15) Pause Young (Normal) (G1 Evacuation Pause) 192M->145M(1024M) 30.094ms
[2020-09-20T17:35:24.596-0900][gc,cpu       ] GC(15) User=0.02s Sys=0.05s Real=0.03s
[2020-09-20T18:02:27.738-0900][gc,start     ] GC(16) Pause Young (Normal) (G1 Evacuation Pause)
[2020-09-20T18:02:27.741-0900][gc,task      ] GC(16) Using 4 workers of 4 for evacuation
[2020-09-20T18:02:27.987-0900][gc,mmu       ] GC(16) MMU target violated: 21.0ms (20.0ms/21.0ms)
[2020-09-20T18:02:27.987-0900][gc,phases    ] GC(16)   Pre Evacuate Collection Set: 1.8ms
[2020-09-20T18:02:27.987-0900][gc,phases    ] GC(16)   Merge Heap Roots: 0.6ms
[2020-09-20T18:02:27.987-0900][gc,phases    ] GC(16)   Evacuate Collection Set: 225.8ms
[2020-09-20T18:02:27.988-0900][gc,phases    ] GC(16)   Post Evacuate Collection Set: 16.1ms
[2020-09-20T18:02:27.988-0900][gc,phases    ] GC(16)   Other: 4.6ms
[2020-09-20T18:02:27.988-0900][gc,heap      ] GC(16) Eden regions: 47->0(47)
[2020-09-20T18:02:27.988-0900][gc,heap      ] GC(16) Survivor regions: 4->4(7)
[2020-09-20T18:02:27.988-0900][gc,heap      ] GC(16) Old regions: 13->13
[2020-09-20T18:02:27.989-0900][gc,heap      ] GC(16) Archive regions: 2->2
[2020-09-20T18:02:27.989-0900][gc,heap      ] GC(16) Humongous regions: 129->129
[2020-09-20T18:02:27.989-0900][gc,metaspace ] GC(16) Metaspace: 39481K(41420K)->39481K(41420K) NonClass: 34787K(35840K)->34787K(35840K) Class: 4693K(5580K)->4693K(5580K)
[2020-09-20T18:02:27.989-0900][gc           ] GC(16) Pause Young (Normal) (G1 Evacuation Pause) 192M->145M(1024M) 250.726ms
[2020-09-20T18:02:27.989-0900][gc,cpu       ] GC(16) User=0.09s Sys=0.01s Real=0.25s
[2020-09-21T16:51:47.485-0900][gc,start     ] GC(17) Pause Young (Normal) (G1 Evacuation Pause)
[2020-09-21T16:51:47.486-0900][gc,task      ] GC(17) Using 4 workers of 4 for evacuation
[2020-09-21T16:51:47.513-0900][gc,mmu       ] GC(17) MMU target violated: 21.0ms (20.0ms/21.0ms)
[2020-09-21T16:51:47.513-0900][gc,phases    ] GC(17)   Pre Evacuate Collection Set: 1.9ms
[2020-09-21T16:51:47.513-0900][gc,phases    ] GC(17)   Merge Heap Roots: 0.2ms
[2020-09-21T16:51:47.513-0900][gc,phases    ] GC(17)   Evacuate Collection Set: 22.7ms
[2020-09-21T16:51:47.513-0900][gc,phases    ] GC(17)   Post Evacuate Collection Set: 1.4ms
[2020-09-21T16:51:47.513-0900][gc,phases    ] GC(17)   Other: 2.4ms
[2020-09-21T16:51:47.513-0900][gc,heap      ] GC(17) Eden regions: 47->0(47)
[2020-09-21T16:51:47.513-0900][gc,heap      ] GC(17) Survivor regions: 4->4(7)
[2020-09-21T16:51:47.513-0900][gc,heap      ] GC(17) Old regions: 13->13
[2020-09-21T16:51:47.513-0900][gc,heap      ] GC(17) Archive regions: 2->2
[2020-09-21T16:51:47.513-0900][gc,heap      ] GC(17) Humongous regions: 129->129
[2020-09-21T16:51:47.513-0900][gc,metaspace ] GC(17) Metaspace: 39498K(41676K)->39498K(41676K) NonClass: 34804K(36096K)->34804K(36096K) Class: 4694K(5580K)->4694K(5580K)
[2020-09-21T16:51:47.513-0900][gc           ] GC(17) Pause Young (Normal) (G1 Evacuation Pause) 192M->145M(1024M) 28.372ms
[2020-09-21T16:51:47.513-0900][gc,cpu       ] GC(17) User=0.03s Sys=0.05s Real=0.03s
[2020-09-21T17:18:52.259-0900][gc,start     ] GC(18) Pause Young (Normal) (G1 Evacuation Pause)
[2020-09-21T17:18:52.260-0900][gc,task      ] GC(18) Using 4 workers of 4 for evacuation
[2020-09-21T17:18:52.289-0900][gc,mmu       ] GC(18) MMU target violated: 21.0ms (20.0ms/21.0ms)
[2020-09-21T17:18:52.289-0900][gc,phases    ] GC(18)   Pre Evacuate Collection Set: 3.8ms
[2020-09-21T17:18:52.289-0900][gc,phases    ] GC(18)   Merge Heap Roots: 0.3ms
[2020-09-21T17:18:52.289-0900][gc,phases    ] GC(18)   Evacuate Collection Set: 23.0ms
[2020-09-21T17:18:52.289-0900][gc,phases    ] GC(18)   Post Evacuate Collection Set: 1.6ms
[2020-09-21T17:18:52.289-0900][gc,phases    ] GC(18)   Other: 1.2ms
[2020-09-21T17:18:52.289-0900][gc,heap      ] GC(18) Eden regions: 47->0(47)
[2020-09-21T17:18:52.289-0900][gc,heap      ] GC(18) Survivor regions: 4->4(7)
[2020-09-21T17:18:52.289-0900][gc,heap      ] GC(18) Old regions: 13->13
[2020-09-21T17:18:52.289-0900][gc,heap      ] GC(18) Archive regions: 2->2
[2020-09-21T17:18:52.289-0900][gc,heap      ] GC(18) Humongous regions: 129->129
[2020-09-21T17:18:52.289-0900][gc,metaspace ] GC(18) Metaspace: 39499K(41676K)->39499K(41676K) NonClass: 34804K(36096K)->34804K(36096K) Class: 4694K(5580K)->4694K(5580K)
[2020-09-21T17:18:52.289-0900][gc           ] GC(18) Pause Young (Normal) (G1 Evacuation Pause) 192M->145M(1024M) 29.809ms
[2020-09-21T17:18:52.289-0900][gc,cpu       ] GC(18) User=0.03s Sys=0.06s Real=0.03s
[2020-09-21T17:45:52.795-0900][gc,start     ] GC(19) Pause Young (Normal) (G1 Evacuation Pause)
[2020-09-21T17:45:52.797-0900][gc,task      ] GC(19) Using 4 workers of 4 for evacuation
[2020-09-21T17:45:52.829-0900][gc,mmu       ] GC(19) MMU target violated: 21.0ms (20.0ms/21.0ms)
[2020-09-21T17:45:52.830-0900][gc,phases    ] GC(19)   Pre Evacuate Collection Set: 2.4ms
[2020-09-21T17:45:52.830-0900][gc,phases    ] GC(19)   Merge Heap Roots: 0.2ms
[2020-09-21T17:45:52.830-0900][gc,phases    ] GC(19)   Evacuate Collection Set: 27.7ms
[2020-09-21T17:45:52.830-0900][gc,phases    ] GC(19)   Post Evacuate Collection Set: 1.6ms
[2020-09-21T17:45:52.830-0900][gc,phases    ] GC(19)   Other: 2.7ms
[2020-09-21T17:45:52.830-0900][gc,heap      ] GC(19) Eden regions: 47->0(47)
[2020-09-21T17:45:52.830-0900][gc,heap      ] GC(19) Survivor regions: 4->4(7)
[2020-09-21T17:45:52.830-0900][gc,heap      ] GC(19) Old regions: 13->13
[2020-09-21T17:45:52.830-0900][gc,heap      ] GC(19) Archive regions: 2->2
[2020-09-21T17:45:52.830-0900][gc,heap      ] GC(19) Humongous regions: 129->129
[2020-09-21T17:45:52.830-0900][gc,metaspace ] GC(19) Metaspace: 39500K(41676K)->39500K(41676K) NonClass: 34805K(36096K)->34805K(36096K) Class: 4694K(5580K)->4694K(5580K)
[2020-09-21T17:45:52.830-0900][gc           ] GC(19) Pause Young (Normal) (G1 Evacuation Pause) 192M->145M(1024M) 34.515ms
[2020-09-21T17:45:52.830-0900][gc,cpu       ] GC(19) User=0.03s Sys=0.06s Real=0.04s
[2020-09-21T18:13:02.970-0900][gc,start     ] GC(20) Pause Young (Normal) (G1 Evacuation Pause)
[2020-09-21T18:13:02.971-0900][gc,task      ] GC(20) Using 4 workers of 4 for evacuation
[2020-09-21T18:13:03.000-0900][gc,mmu       ] GC(20) MMU target violated: 21.0ms (20.0ms/21.0ms)
[2020-09-21T18:13:03.001-0900][gc,phases    ] GC(20)   Pre Evacuate Collection Set: 1.8ms
[2020-09-21T18:13:03.001-0900][gc,phases    ] GC(20)   Merge Heap Roots: 0.2ms
[2020-09-21T18:13:03.001-0900][gc,phases    ] GC(20)   Evacuate Collection Set: 25.4ms
[2020-09-21T18:13:03.001-0900][gc,phases    ] GC(20)   Post Evacuate Collection Set: 1.8ms
[2020-09-21T18:13:03.001-0900][gc,phases    ] GC(20)   Other: 1.5ms
[2020-09-21T18:13:03.001-0900][gc,heap      ] GC(20) Eden regions: 47->0(47)
[2020-09-21T18:13:03.001-0900][gc,heap      ] GC(20) Survivor regions: 4->4(7)
[2020-09-21T18:13:03.001-0900][gc,heap      ] GC(20) Old regions: 13->13
[2020-09-21T18:13:03.001-0900][gc,heap      ] GC(20) Archive regions: 2->2
[2020-09-21T18:13:03.001-0900][gc,heap      ] GC(20) Humongous regions: 129->129
[2020-09-21T18:13:03.001-0900][gc,metaspace ] GC(20) Metaspace: 39501K(41676K)->39501K(41676K) NonClass: 34806K(36096K)->34806K(36096K) Class: 4694K(5580K)->4694K(5580K)
[2020-09-21T18:13:03.001-0900][gc           ] GC(20) Pause Young (Normal) (G1 Evacuation Pause) 192M->145M(1024M) 30.733ms
[2020-09-21T18:13:03.001-0900][gc,cpu       ] GC(20) User=0.03s Sys=0.06s Real=0.03s
[2020-09-21T18:40:06.138-0900][gc,start     ] GC(21) Pause Young (Normal) (G1 Evacuation Pause)
[2020-09-21T18:40:06.139-0900][gc,task      ] GC(21) Using 4 workers of 4 for evacuation
[2020-09-21T18:40:06.168-0900][gc,mmu       ] GC(21) MMU target violated: 21.0ms (20.0ms/21.0ms)
[2020-09-21T18:40:06.168-0900][gc,phases    ] GC(21)   Pre Evacuate Collection Set: 4.5ms
[2020-09-21T18:40:06.168-0900][gc,phases    ] GC(21)   Merge Heap Roots: 0.2ms
[2020-09-21T18:40:06.168-0900][gc,phases    ] GC(21)   Evacuate Collection Set: 21.3ms
[2020-09-21T18:40:06.168-0900][gc,phases    ] GC(21)   Post Evacuate Collection Set: 2.1ms
[2020-09-21T18:40:06.168-0900][gc,phases    ] GC(21)   Other: 1.4ms
[2020-09-21T18:40:06.168-0900][gc,heap      ] GC(21) Eden regions: 47->0(48)
[2020-09-21T18:40:06.168-0900][gc,heap      ] GC(21) Survivor regions: 4->3(7)
[2020-09-21T18:40:06.168-0900][gc,heap      ] GC(21) Old regions: 13->14
[2020-09-21T18:40:06.168-0900][gc,heap      ] GC(21) Archive regions: 2->2
[2020-09-21T18:40:06.168-0900][gc,heap      ] GC(21) Humongous regions: 129->129
[2020-09-21T18:40:06.168-0900][gc,metaspace ] GC(21) Metaspace: 39502K(41676K)->39502K(41676K) NonClass: 34807K(36096K)->34807K(36096K) Class: 4694K(5580K)->4694K(5580K)
[2020-09-21T18:40:06.168-0900][gc           ] GC(21) Pause Young (Normal) (G1 Evacuation Pause) 192M->145M(1024M) 29.458ms
[2020-09-21T18:40:06.168-0900][gc,cpu       ] GC(21) User=0.03s Sys=0.06s Real=0.03s
[2020-09-21T19:07:49.623-0900][gc,start     ] GC(22) Pause Young (Normal) (G1 Evacuation Pause)
[2020-09-21T19:07:49.624-0900][gc,task      ] GC(22) Using 4 workers of 4 for evacuation
[2020-09-21T19:07:49.643-0900][gc,phases    ] GC(22)   Pre Evacuate Collection Set: 2.2ms
[2020-09-21T19:07:49.643-0900][gc,phases    ] GC(22)   Merge Heap Roots: 0.1ms
[2020-09-21T19:07:49.643-0900][gc,phases    ] GC(22)   Evacuate Collection Set: 15.4ms
[2020-09-21T19:07:49.643-0900][gc,phases    ] GC(22)   Post Evacuate Collection Set: 1.0ms
[2020-09-21T19:07:49.643-0900][gc,phases    ] GC(22)   Other: 1.7ms
[2020-09-21T19:07:49.644-0900][gc,heap      ] GC(22) Eden regions: 48->0(48)
[2020-09-21T19:07:49.644-0900][gc,heap      ] GC(22) Survivor regions: 3->3(7)
[2020-09-21T19:07:49.644-0900][gc,heap      ] GC(22) Old regions: 14->14
[2020-09-21T19:07:49.644-0900][gc,heap      ] GC(22) Archive regions: 2->2
[2020-09-21T19:07:49.644-0900][gc,heap      ] GC(22) Humongous regions: 129->129
[2020-09-21T19:07:49.644-0900][gc,metaspace ] GC(22) Metaspace: 39508K(41676K)->39508K(41676K) NonClass: 34813K(36096K)->34813K(36096K) Class: 4694K(5580K)->4694K(5580K)
[2020-09-21T19:07:49.644-0900][gc           ] GC(22) Pause Young (Normal) (G1 Evacuation Pause) 193M->145M(1024M) 20.781ms
[2020-09-21T19:07:49.644-0900][gc,cpu       ] GC(22) User=0.02s Sys=0.05s Real=0.02s
[2020-09-21T19:35:31.223-0900][gc,start     ] GC(23) Pause Young (Normal) (G1 Evacuation Pause)
[2020-09-21T19:35:31.224-0900][gc,task      ] GC(23) Using 4 workers of 4 for evacuation
[2020-09-21T19:35:31.266-0900][gc,mmu       ] GC(23) MMU target violated: 21.0ms (20.0ms/21.0ms)
[2020-09-21T19:35:31.266-0900][gc,phases    ] GC(23)   Pre Evacuate Collection Set: 2.0ms
[2020-09-21T19:35:31.266-0900][gc,phases    ] GC(23)   Merge Heap Roots: 0.3ms
[2020-09-21T19:35:31.266-0900][gc,phases    ] GC(23)   Evacuate Collection Set: 36.4ms
[2020-09-21T19:35:31.266-0900][gc,phases    ] GC(23)   Post Evacuate Collection Set: 3.2ms
[2020-09-21T19:35:31.266-0900][gc,phases    ] GC(23)   Other: 0.8ms
[2020-09-21T19:35:31.266-0900][gc,heap      ] GC(23) Eden regions: 48->0(48)
[2020-09-21T19:35:31.266-0900][gc,heap      ] GC(23) Survivor regions: 3->3(7)
[2020-09-21T19:35:31.266-0900][gc,heap      ] GC(23) Old regions: 14->14
[2020-09-21T19:35:31.266-0900][gc,heap      ] GC(23) Archive regions: 2->2
[2020-09-21T19:35:31.266-0900][gc,heap      ] GC(23) Humongous regions: 129->129
[2020-09-21T19:35:31.266-0900][gc,metaspace ] GC(23) Metaspace: 39512K(41676K)->39512K(41676K) NonClass: 34817K(36096K)->34817K(36096K) Class: 4694K(5580K)->4694K(5580K)
[2020-09-21T19:35:31.267-0900][gc           ] GC(23) Pause Young (Normal) (G1 Evacuation Pause) 193M->145M(1024M) 43.772ms
[2020-09-21T19:35:31.267-0900][gc,cpu       ] GC(23) User=0.01s Sys=0.03s Real=0.04s
[2020-09-21T20:03:08.582-0900][gc,start     ] GC(24) Pause Young (Normal) (G1 Evacuation Pause)
[2020-09-21T20:03:08.583-0900][gc,task      ] GC(24) Using 4 workers of 4 for evacuation
[2020-09-21T20:03:08.605-0900][gc,mmu       ] GC(24) MMU target violated: 21.0ms (20.0ms/21.0ms)
[2020-09-21T20:03:08.605-0900][gc,phases    ] GC(24)   Pre Evacuate Collection Set: 3.0ms
[2020-09-21T20:03:08.605-0900][gc,phases    ] GC(24)   Merge Heap Roots: 0.2ms
[2020-09-21T20:03:08.605-0900][gc,phases    ] GC(24)   Evacuate Collection Set: 16.7ms
[2020-09-21T20:03:08.605-0900][gc,phases    ] GC(24)   Post Evacuate Collection Set: 1.1ms
[2020-09-21T20:03:08.605-0900][gc,phases    ] GC(24)   Other: 1.8ms
[2020-09-21T20:03:08.605-0900][gc,heap      ] GC(24) Eden regions: 48->0(48)
[2020-09-21T20:03:08.605-0900][gc,heap      ] GC(24) Survivor regions: 3->3(7)
[2020-09-21T20:03:08.605-0900][gc,heap      ] GC(24) Old regions: 14->14
[2020-09-21T20:03:08.605-0900][gc,heap      ] GC(24) Archive regions: 2->2
[2020-09-21T20:03:08.605-0900][gc,heap      ] GC(24) Humongous regions: 129->129
[2020-09-21T20:03:08.605-0900][gc,metaspace ] GC(24) Metaspace: 39513K(41676K)->39513K(41676K) NonClass: 34818K(36096K)->34818K(36096K) Class: 4694K(5580K)->4694K(5580K)
[2020-09-21T20:03:08.605-0900][gc           ] GC(24) Pause Young (Normal) (G1 Evacuation Pause) 193M->145M(1024M) 22.743ms
[2020-09-21T20:03:08.605-0900][gc,cpu       ] GC(24) User=0.02s Sys=0.04s Real=0.02s
[2020-09-21T20:30:51.331-0900][gc,start     ] GC(25) Pause Young (Normal) (G1 Evacuation Pause)
[2020-09-21T20:30:51.333-0900][gc,task      ] GC(25) Using 4 workers of 4 for evacuation
[2020-09-21T20:30:51.352-0900][gc,phases    ] GC(25)   Pre Evacuate Collection Set: 2.8ms
[2020-09-21T20:30:51.352-0900][gc,phases    ] GC(25)   Merge Heap Roots: 0.1ms
[2020-09-21T20:30:51.352-0900][gc,phases    ] GC(25)   Evacuate Collection Set: 14.2ms
[2020-09-21T20:30:51.352-0900][gc,phases    ] GC(25)   Post Evacuate Collection Set: 1.5ms
[2020-09-21T20:30:51.352-0900][gc,phases    ] GC(25)   Other: 2.8ms
[2020-09-21T20:30:51.352-0900][gc,heap      ] GC(25) Eden regions: 48->0(613)
[2020-09-21T20:30:51.352-0900][gc,heap      ] GC(25) Survivor regions: 3->1(7)
[2020-09-21T20:30:51.352-0900][gc,heap      ] GC(25) Old regions: 14->16
[2020-09-21T20:30:51.352-0900][gc,heap      ] GC(25) Archive regions: 2->2
[2020-09-21T20:30:51.352-0900][gc,heap      ] GC(25) Humongous regions: 129->129
[2020-09-21T20:30:51.352-0900][gc,metaspace ] GC(25) Metaspace: 39516K(41676K)->39516K(41676K) NonClass: 34821K(36096K)->34821K(36096K) Class: 4694K(5580K)->4694K(5580K)
[2020-09-21T20:30:51.353-0900][gc           ] GC(25) Pause Young (Normal) (G1 Evacuation Pause) 193M->145M(1024M) 21.650ms
[2020-09-21T20:30:51.353-0900][gc,cpu       ] GC(25) User=0.02s Sys=0.03s Real=0.02s
[2020-09-23T21:14:11.508-0900][gc,start     ] GC(26) Pause Young (Normal) (G1 Evacuation Pause)
[2020-09-23T21:14:11.513-0900][gc,task      ] GC(26) Using 4 workers of 4 for evacuation
[2020-09-23T21:14:11.572-0900][gc,mmu       ] GC(26) MMU target violated: 21.0ms (20.0ms/21.0ms)
[2020-09-23T21:14:11.572-0900][gc,phases    ] GC(26)   Pre Evacuate Collection Set: 9.7ms
[2020-09-23T21:14:11.572-0900][gc,phases    ] GC(26)   Merge Heap Roots: 1.4ms
[2020-09-23T21:14:11.572-0900][gc,phases    ] GC(26)   Evacuate Collection Set: 23.3ms
[2020-09-23T21:14:11.572-0900][gc,phases    ] GC(26)   Post Evacuate Collection Set: 20.8ms
[2020-09-23T21:14:11.572-0900][gc,phases    ] GC(26)   Other: 11.4ms
[2020-09-23T21:14:11.573-0900][gc,heap      ] GC(26) Eden regions: 613->0(50)
[2020-09-23T21:14:11.573-0900][gc,heap      ] GC(26) Survivor regions: 1->1(77)
[2020-09-23T21:14:11.573-0900][gc,heap      ] GC(26) Old regions: 16->16
[2020-09-23T21:14:11.573-0900][gc,heap      ] GC(26) Archive regions: 2->2
[2020-09-23T21:14:11.573-0900][gc,heap      ] GC(26) Humongous regions: 129->129
[2020-09-23T21:14:11.573-0900][gc,metaspace ] GC(26) Metaspace: 39583K(41676K)->39583K(41676K) NonClass: 34888K(36096K)->34888K(36096K) Class: 4694K(5580K)->4694K(5580K)
[2020-09-23T21:14:11.574-0900][gc           ] GC(26) Pause Young (Normal) (G1 Evacuation Pause) 758M->145M(1024M) 66.601ms
[2020-09-23T21:14:11.574-0900][gc,cpu       ] GC(26) User=0.01s Sys=0.03s Real=0.07s
[2020-09-23T21:43:14.830-0900][gc,start     ] GC(27) Pause Young (Normal) (G1 Evacuation Pause)
[2020-09-23T21:43:14.830-0900][gc,task      ] GC(27) Using 4 workers of 4 for evacuation
[2020-09-23T21:43:14.850-0900][gc,phases    ] GC(27)   Pre Evacuate Collection Set: 1.8ms
[2020-09-23T21:43:14.850-0900][gc,phases    ] GC(27)   Merge Heap Roots: 0.1ms
[2020-09-23T21:43:14.850-0900][gc,phases    ] GC(27)   Evacuate Collection Set: 15.6ms
[2020-09-23T21:43:14.850-0900][gc,phases    ] GC(27)   Post Evacuate Collection Set: 1.8ms
[2020-09-23T21:43:14.850-0900][gc,phases    ] GC(27)   Other: 0.8ms
[2020-09-23T21:43:14.850-0900][gc,heap      ] GC(27) Eden regions: 50->0(585)
[2020-09-23T21:43:14.850-0900][gc,heap      ] GC(27) Survivor regions: 1->1(7)
[2020-09-23T21:43:14.850-0900][gc,heap      ] GC(27) Old regions: 16->16
[2020-09-23T21:43:14.850-0900][gc,heap      ] GC(27) Archive regions: 2->2
[2020-09-23T21:43:14.850-0900][gc,heap      ] GC(27) Humongous regions: 129->129
[2020-09-23T21:43:14.850-0900][gc,metaspace ] GC(27) Metaspace: 39583K(41676K)->39583K(41676K) NonClass: 34888K(36096K)->34888K(36096K) Class: 4694K(5580K)->4694K(5580K)
[2020-09-23T21:43:14.850-0900][gc           ] GC(27) Pause Young (Normal) (G1 Evacuation Pause) 195M->145M(1024M) 20.268ms
[2020-09-23T21:43:14.850-0900][gc,cpu       ] GC(27) User=0.01s Sys=0.02s Real=0.02s
[2020-09-24T14:49:27.459-0900][gc,heap,exit ] Heap
[2020-09-24T14:49:27.459-0900][gc,heap,exit ]  garbage-first heap   total 1048576K, used 511720K [0x00000007c0000000, 0x0000000800000000)
[2020-09-24T14:49:27.459-0900][gc,heap,exit ]   region size 1024K, 357 young (365568K), 1 survivors (1024K)
[2020-09-24T14:49:27.460-0900][gc,heap,exit ]  Metaspace       used 39696K, capacity 41579K, committed 41804K, reserved 1085440K
[2020-09-24T14:49:27.460-0900][gc,heap,exit ]   class space    used 4726K, capacity 5612K, committed 5708K, reserved 1048576K
