[2020-11-01T01:58:48.008-0900][gc,heap] Heap region size: 1M
[2020-11-01T01:58:48.008-0900][gc,heap,coops] Heap address: 0x00000007c0000000, size: 1024 MB, Compressed Oops mode: Zero based, Oop shift amount: 3
[2020-11-01T01:58:48.018-0900][gc           ] Using G1
[2020-11-01T01:58:48.018-0900][gc,cds       ] Mark closed archive regions in map: [0x00000007fff00000, 0x00000007fff7aff8]
[2020-11-01T01:58:48.018-0900][gc,cds       ] Mark open archive regions in map: [0x00000007ffe00000, 0x00000007ffe50ff8]
[2020-11-01T01:58:48.035-0900][gc           ] Periodic GC disabled
[2020-11-01T01:58:49.534-0900][gc,start     ] GC(0) Pause Young (Normal) (G1 Evacuation Pause)
[2020-11-01T01:58:49.535-0900][gc,task      ] GC(0) Using 4 workers of 4 for evacuation
[2020-11-01T01:58:49.543-0900][gc,phases    ] GC(0)   Pre Evacuate Collection Set: 0.1ms
[2020-11-01T01:58:49.543-0900][gc,phases    ] GC(0)   Merge Heap Roots: 0.0ms
[2020-11-01T01:58:49.543-0900][gc,phases    ] GC(0)   Evacuate Collection Set: 7.5ms
[2020-11-01T01:58:49.543-0900][gc,phases    ] GC(0)   Post Evacuate Collection Set: 0.5ms
[2020-11-01T01:58:49.543-0900][gc,phases    ] GC(0)   Other: 0.4ms
[2020-11-01T01:58:49.543-0900][gc,heap      ] GC(0) Eden regions: 51->0(44)
[2020-11-01T01:58:49.543-0900][gc,heap      ] GC(0) Survivor regions: 0->7(7)
[2020-11-01T01:58:49.543-0900][gc,heap      ] GC(0) Old regions: 0->0
[2020-11-01T01:58:49.543-0900][gc,heap      ] GC(0) Archive regions: 2->2
[2020-11-01T01:58:49.543-0900][gc,heap      ] GC(0) Humongous regions: 0->0
[2020-11-01T01:58:49.543-0900][gc,metaspace ] GC(0) Metaspace: 14894K(15616K)->14894K(15616K) NonClass: 13018K(13568K)->13018K(13568K) Class: 1875K(2048K)->1875K(2048K)
[2020-11-01T01:58:49.543-0900][gc           ] GC(0) Pause Young (Normal) (G1 Evacuation Pause) 51M->7M(1024M) 8.707ms
[2020-11-01T01:58:49.543-0900][gc,cpu       ] GC(0) User=0.02s Sys=0.00s Real=0.01s
[2020-11-01T01:58:50.271-0900][gc,start     ] GC(1) Pause Young (Concurrent Start) (Metadata GC Threshold)
[2020-11-01T01:58:50.271-0900][gc,task      ] GC(1) Using 4 workers of 4 for evacuation
[2020-11-01T01:58:50.283-0900][gc,phases    ] GC(1)   Pre Evacuate Collection Set: 0.2ms
[2020-11-01T01:58:50.283-0900][gc,phases    ] GC(1)   Merge Heap Roots: 0.1ms
[2020-11-01T01:58:50.283-0900][gc,phases    ] GC(1)   Evacuate Collection Set: 10.7ms
[2020-11-01T01:58:50.283-0900][gc,phases    ] GC(1)   Post Evacuate Collection Set: 0.9ms
[2020-11-01T01:58:50.283-0900][gc,phases    ] GC(1)   Other: 0.3ms
[2020-11-01T01:58:50.283-0900][gc,heap      ] GC(1) Eden regions: 26->0(49)
[2020-11-01T01:58:50.283-0900][gc,heap      ] GC(1) Survivor regions: 7->2(7)
[2020-11-01T01:58:50.283-0900][gc,heap      ] GC(1) Old regions: 0->6
[2020-11-01T01:58:50.283-0900][gc,heap      ] GC(1) Archive regions: 2->2
[2020-11-01T01:58:50.283-0900][gc,heap      ] GC(1) Humongous regions: 129->129
[2020-11-01T01:58:50.283-0900][gc,metaspace ] GC(1) Metaspace: 20643K(21248K)->20643K(21248K) NonClass: 18097K(18432K)->18097K(18432K) Class: 2545K(2816K)->2545K(2816K)
[2020-11-01T01:58:50.283-0900][gc           ] GC(1) Pause Young (Concurrent Start) (Metadata GC Threshold) 161M->137M(1024M) 12.293ms
[2020-11-01T01:58:50.283-0900][gc,cpu       ] GC(1) User=0.03s Sys=0.00s Real=0.01s
[2020-11-01T01:58:50.283-0900][gc           ] GC(2) Concurrent Cycle
[2020-11-01T01:58:50.283-0900][gc,marking   ] GC(2) Concurrent Clear Claimed Marks
[2020-11-01T01:58:50.283-0900][gc,marking   ] GC(2) Concurrent Clear Claimed Marks 0.052ms
[2020-11-01T01:58:50.283-0900][gc,marking   ] GC(2) Concurrent Scan Root Regions
[2020-11-01T01:58:50.291-0900][gc,marking   ] GC(2) Concurrent Scan Root Regions 7.432ms
[2020-11-01T01:58:50.291-0900][gc,marking   ] GC(2) Concurrent Mark (2.293s)
[2020-11-01T01:58:50.291-0900][gc,marking   ] GC(2) Concurrent Mark From Roots
[2020-11-01T01:58:50.291-0900][gc,task      ] GC(2) Using 1 workers of 1 for marking
[2020-11-01T01:58:50.294-0900][gc,marking   ] GC(2) Concurrent Mark From Roots 2.949ms
[2020-11-01T01:58:50.294-0900][gc,marking   ] GC(2) Concurrent Preclean
[2020-11-01T01:58:50.294-0900][gc,marking   ] GC(2) Concurrent Preclean 0.046ms
[2020-11-01T01:58:50.294-0900][gc,marking   ] GC(2) Concurrent Mark (2.293s, 2.296s) 3.228ms
[2020-11-01T01:58:50.294-0900][gc,start     ] GC(2) Pause Remark
[2020-11-01T01:58:50.296-0900][gc           ] GC(2) Pause Remark 138M->138M(1024M) 1.455ms
[2020-11-01T01:58:50.296-0900][gc,cpu       ] GC(2) User=0.00s Sys=0.00s Real=0.00s
[2020-11-01T01:58:50.296-0900][gc,marking   ] GC(2) Concurrent Rebuild Remembered Sets
[2020-11-01T01:58:50.302-0900][gc,marking   ] GC(2) Concurrent Rebuild Remembered Sets 5.865ms
[2020-11-01T01:58:50.303-0900][gc,start     ] GC(2) Pause Cleanup
[2020-11-01T01:58:50.303-0900][gc           ] GC(2) Pause Cleanup 138M->138M(1024M) 0.180ms
[2020-11-01T01:58:50.303-0900][gc,cpu       ] GC(2) User=0.00s Sys=0.00s Real=0.00s
[2020-11-01T01:58:50.303-0900][gc,marking   ] GC(2) Concurrent Cleanup for Next Mark
[2020-11-01T01:58:50.317-0900][gc,marking   ] GC(2) Concurrent Cleanup for Next Mark 14.201ms
[2020-11-01T01:58:50.317-0900][gc           ] GC(2) Concurrent Cycle 33.882ms
[2020-11-01T01:58:51.299-0900][gc,start     ] GC(3) Pause Young (Normal) (G1 Evacuation Pause)
[2020-11-01T01:58:51.299-0900][gc,task      ] GC(3) Using 4 workers of 4 for evacuation
[2020-11-01T01:58:51.309-0900][gc,phases    ] GC(3)   Pre Evacuate Collection Set: 0.1ms
[2020-11-01T01:58:51.309-0900][gc,phases    ] GC(3)   Merge Heap Roots: 0.0ms
[2020-11-01T01:58:51.309-0900][gc,phases    ] GC(3)   Evacuate Collection Set: 9.6ms
[2020-11-01T01:58:51.309-0900][gc,phases    ] GC(3)   Post Evacuate Collection Set: 0.8ms
[2020-11-01T01:58:51.309-0900][gc,phases    ] GC(3)   Other: 0.2ms
[2020-11-01T01:58:51.309-0900][gc,heap      ] GC(3) Eden regions: 49->0(46)
[2020-11-01T01:58:51.309-0900][gc,heap      ] GC(3) Survivor regions: 2->5(7)
[2020-11-01T01:58:51.309-0900][gc,heap      ] GC(3) Old regions: 6->6
[2020-11-01T01:58:51.309-0900][gc,heap      ] GC(3) Archive regions: 2->2
[2020-11-01T01:58:51.309-0900][gc,heap      ] GC(3) Humongous regions: 129->129
[2020-11-01T01:58:51.309-0900][gc,metaspace ] GC(3) Metaspace: 30207K(31360K)->30207K(31360K) NonClass: 26838K(27648K)->26838K(27648K) Class: 3368K(3712K)->3368K(3712K)
[2020-11-01T01:58:51.309-0900][gc           ] GC(3) Pause Young (Normal) (G1 Evacuation Pause) 186M->140M(1024M) 10.902ms
[2020-11-01T01:58:51.309-0900][gc,cpu       ] GC(3) User=0.02s Sys=0.00s Real=0.01s
[2020-11-01T01:59:29.384-0900][gc,start     ] GC(4) Pause Young (Concurrent Start) (Metadata GC Threshold)
[2020-11-01T01:59:29.384-0900][gc,task      ] GC(4) Using 4 workers of 4 for evacuation
[2020-11-01T01:59:29.398-0900][gc,phases    ] GC(4)   Pre Evacuate Collection Set: 0.3ms
[2020-11-01T01:59:29.398-0900][gc,phases    ] GC(4)   Merge Heap Roots: 0.1ms
[2020-11-01T01:59:29.398-0900][gc,phases    ] GC(4)   Evacuate Collection Set: 11.3ms
[2020-11-01T01:59:29.398-0900][gc,phases    ] GC(4)   Post Evacuate Collection Set: 1.6ms
[2020-11-01T01:59:29.398-0900][gc,phases    ] GC(4)   Other: 0.6ms
[2020-11-01T01:59:29.398-0900][gc,heap      ] GC(4) Eden regions: 25->0(46)
[2020-11-01T01:59:29.398-0900][gc,heap      ] GC(4) Survivor regions: 5->5(7)
[2020-11-01T01:59:29.398-0900][gc,heap      ] GC(4) Old regions: 6->8
[2020-11-01T01:59:29.398-0900][gc,heap      ] GC(4) Archive regions: 2->2
[2020-11-01T01:59:29.398-0900][gc,heap      ] GC(4) Humongous regions: 129->129
[2020-11-01T01:59:29.398-0900][gc,metaspace ] GC(4) Metaspace: 34593K(35840K)->34593K(35840K) NonClass: 30582K(31232K)->30582K(31232K) Class: 4011K(4608K)->4011K(4608K)
[2020-11-01T01:59:29.398-0900][gc           ] GC(4) Pause Young (Concurrent Start) (Metadata GC Threshold) 165M->141M(1024M) 13.940ms
[2020-11-01T01:59:29.398-0900][gc,cpu       ] GC(4) User=0.03s Sys=0.01s Real=0.01s
[2020-11-01T01:59:29.398-0900][gc           ] GC(5) Concurrent Cycle
[2020-11-01T01:59:29.398-0900][gc,marking   ] GC(5) Concurrent Clear Claimed Marks
[2020-11-01T01:59:29.398-0900][gc,marking   ] GC(5) Concurrent Clear Claimed Marks 0.105ms
[2020-11-01T01:59:29.398-0900][gc,marking   ] GC(5) Concurrent Scan Root Regions
[2020-11-01T01:59:29.407-0900][gc,marking   ] GC(5) Concurrent Scan Root Regions 8.806ms
[2020-11-01T01:59:29.407-0900][gc,marking   ] GC(5) Concurrent Mark (41.408s)
[2020-11-01T01:59:29.407-0900][gc,marking   ] GC(5) Concurrent Mark From Roots
[2020-11-01T01:59:29.407-0900][gc,task      ] GC(5) Using 1 workers of 1 for marking
[2020-11-01T01:59:29.426-0900][gc,marking   ] GC(5) Concurrent Mark From Roots 19.286ms
[2020-11-01T01:59:29.426-0900][gc,marking   ] GC(5) Concurrent Preclean
[2020-11-01T01:59:29.427-0900][gc,marking   ] GC(5) Concurrent Preclean 0.121ms
[2020-11-01T01:59:29.427-0900][gc,marking   ] GC(5) Concurrent Mark (41.408s, 41.428s) 19.508ms
[2020-11-01T01:59:29.427-0900][gc,start     ] GC(5) Pause Remark
[2020-11-01T01:59:29.429-0900][gc           ] GC(5) Pause Remark 142M->142M(1024M) 2.064ms
[2020-11-01T01:59:29.429-0900][gc,cpu       ] GC(5) User=0.01s Sys=0.00s Real=0.00s
[2020-11-01T01:59:29.439-0900][gc,marking   ] GC(5) Concurrent Rebuild Remembered Sets
[2020-11-01T01:59:29.450-0900][gc,marking   ] GC(5) Concurrent Rebuild Remembered Sets 11.282ms
[2020-11-01T01:59:29.451-0900][gc,start     ] GC(5) Pause Cleanup
[2020-11-01T01:59:29.451-0900][gc           ] GC(5) Pause Cleanup 143M->143M(1024M) 0.280ms
[2020-11-01T01:59:29.451-0900][gc,cpu       ] GC(5) User=0.00s Sys=0.00s Real=0.00s
[2020-11-01T01:59:29.451-0900][gc,marking   ] GC(5) Concurrent Cleanup for Next Mark
[2020-11-01T01:59:29.465-0900][gc,marking   ] GC(5) Concurrent Cleanup for Next Mark 13.570ms
[2020-11-01T01:59:29.465-0900][gc           ] GC(5) Concurrent Cycle 67.000ms
[2020-11-01T02:04:23.125-0900][gc,start     ] GC(6) Pause Young (Normal) (G1 Evacuation Pause)
[2020-11-01T02:04:23.127-0900][gc,task      ] GC(6) Using 4 workers of 4 for evacuation
[2020-11-01T02:04:23.157-0900][gc,mmu       ] GC(6) MMU target violated: 21.0ms (20.0ms/21.0ms)
[2020-11-01T02:04:23.157-0900][gc,phases    ] GC(6)   Pre Evacuate Collection Set: 3.4ms
[2020-11-01T02:04:23.157-0900][gc,phases    ] GC(6)   Merge Heap Roots: 0.2ms
[2020-11-01T02:04:23.157-0900][gc,phases    ] GC(6)   Evacuate Collection Set: 25.4ms
[2020-11-01T02:04:23.157-0900][gc,phases    ] GC(6)   Post Evacuate Collection Set: 1.0ms
[2020-11-01T02:04:23.157-0900][gc,phases    ] GC(6)   Other: 1.8ms
[2020-11-01T02:04:23.157-0900][gc,heap      ] GC(6) Eden regions: 46->0(46)
[2020-11-01T02:04:23.157-0900][gc,heap      ] GC(6) Survivor regions: 5->5(7)
[2020-11-01T02:04:23.157-0900][gc,heap      ] GC(6) Old regions: 8->11
[2020-11-01T02:04:23.157-0900][gc,heap      ] GC(6) Archive regions: 2->2
[2020-11-01T02:04:23.157-0900][gc,heap      ] GC(6) Humongous regions: 129->129
[2020-11-01T02:04:23.157-0900][gc,metaspace ] GC(6) Metaspace: 37729K(39500K)->37729K(39500K) NonClass: 33361K(34304K)->33361K(34304K) Class: 4368K(5196K)->4368K(5196K)
[2020-11-01T02:04:23.157-0900][gc           ] GC(6) Pause Young (Normal) (G1 Evacuation Pause) 187M->144M(1024M) 31.784ms
[2020-11-01T02:04:23.157-0900][gc,cpu       ] GC(6) User=0.05s Sys=0.05s Real=0.03s
[2020-11-01T02:11:07.848-0900][gc,start     ] GC(7) Pause Young (Normal) (G1 Evacuation Pause)
[2020-11-01T02:11:07.849-0900][gc,task      ] GC(7) Using 4 workers of 4 for evacuation
[2020-11-01T02:11:07.870-0900][gc,mmu       ] GC(7) MMU target violated: 21.0ms (20.0ms/21.0ms)
[2020-11-01T02:11:07.871-0900][gc,phases    ] GC(7)   Pre Evacuate Collection Set: 2.4ms
[2020-11-01T02:11:07.871-0900][gc,phases    ] GC(7)   Merge Heap Roots: 0.2ms
[2020-11-01T02:11:07.871-0900][gc,phases    ] GC(7)   Evacuate Collection Set: 17.7ms
[2020-11-01T02:11:07.871-0900][gc,phases    ] GC(7)   Post Evacuate Collection Set: 0.9ms
[2020-11-01T02:11:07.871-0900][gc,phases    ] GC(7)   Other: 1.9ms
[2020-11-01T02:11:07.871-0900][gc,heap      ] GC(7) Eden regions: 46->0(47)
[2020-11-01T02:11:07.871-0900][gc,heap      ] GC(7) Survivor regions: 5->4(7)
[2020-11-01T02:11:07.871-0900][gc,heap      ] GC(7) Old regions: 11->12
[2020-11-01T02:11:07.871-0900][gc,heap      ] GC(7) Archive regions: 2->2
[2020-11-01T02:11:07.871-0900][gc,heap      ] GC(7) Humongous regions: 129->129
[2020-11-01T02:11:07.871-0900][gc,metaspace ] GC(7) Metaspace: 37888K(39756K)->37888K(39756K) NonClass: 33498K(34560K)->33498K(34560K) Class: 4390K(5196K)->4390K(5196K)
[2020-11-01T02:11:07.871-0900][gc           ] GC(7) Pause Young (Normal) (G1 Evacuation Pause) 190M->145M(1024M) 23.156ms
[2020-11-01T02:11:07.871-0900][gc,cpu       ] GC(7) User=0.04s Sys=0.04s Real=0.03s
[2020-11-01T02:18:34.946-0900][gc,start     ] GC(8) Pause Young (Normal) (G1 Evacuation Pause)
[2020-11-01T02:18:34.947-0900][gc,task      ] GC(8) Using 4 workers of 4 for evacuation
[2020-11-01T02:18:34.965-0900][gc,phases    ] GC(8)   Pre Evacuate Collection Set: 1.9ms
[2020-11-01T02:18:34.965-0900][gc,phases    ] GC(8)   Merge Heap Roots: 0.2ms
[2020-11-01T02:18:34.965-0900][gc,phases    ] GC(8)   Evacuate Collection Set: 15.4ms
[2020-11-01T02:18:34.965-0900][gc,phases    ] GC(8)   Post Evacuate Collection Set: 0.7ms
[2020-11-01T02:18:34.965-0900][gc,phases    ] GC(8)   Other: 1.7ms
[2020-11-01T02:18:34.965-0900][gc,heap      ] GC(8) Eden regions: 47->0(48)
[2020-11-01T02:18:34.965-0900][gc,heap      ] GC(8) Survivor regions: 4->3(7)
[2020-11-01T02:18:34.965-0900][gc,heap      ] GC(8) Old regions: 12->13
[2020-11-01T02:18:34.965-0900][gc,heap      ] GC(8) Archive regions: 2->2
[2020-11-01T02:18:34.965-0900][gc,heap      ] GC(8) Humongous regions: 129->129
[2020-11-01T02:18:34.965-0900][gc,metaspace ] GC(8) Metaspace: 38006K(39756K)->38006K(39756K) NonClass: 33615K(34560K)->33615K(34560K) Class: 4391K(5196K)->4391K(5196K)
[2020-11-01T02:18:34.965-0900][gc           ] GC(8) Pause Young (Normal) (G1 Evacuation Pause) 192M->145M(1024M) 19.875ms
[2020-11-01T02:18:34.965-0900][gc,cpu       ] GC(8) User=0.03s Sys=0.03s Real=0.02s
[2020-11-01T02:26:24.090-0900][gc,start     ] GC(9) Pause Young (Normal) (G1 Evacuation Pause)
[2020-11-01T02:26:24.091-0900][gc,task      ] GC(9) Using 4 workers of 4 for evacuation
[2020-11-01T02:26:24.106-0900][gc,phases    ] GC(9)   Pre Evacuate Collection Set: 3.4ms
[2020-11-01T02:26:24.106-0900][gc,phases    ] GC(9)   Merge Heap Roots: 0.2ms
[2020-11-01T02:26:24.106-0900][gc,phases    ] GC(9)   Evacuate Collection Set: 10.1ms
[2020-11-01T02:26:24.106-0900][gc,phases    ] GC(9)   Post Evacuate Collection Set: 0.7ms
[2020-11-01T02:26:24.106-0900][gc,phases    ] GC(9)   Other: 1.6ms
[2020-11-01T02:26:24.106-0900][gc,heap      ] GC(9) Eden regions: 48->0(48)
[2020-11-01T02:26:24.106-0900][gc,heap      ] GC(9) Survivor regions: 3->3(7)
[2020-11-01T02:26:24.106-0900][gc,heap      ] GC(9) Old regions: 13->13
[2020-11-01T02:26:24.106-0900][gc,heap      ] GC(9) Archive regions: 2->2
[2020-11-01T02:26:24.106-0900][gc,heap      ] GC(9) Humongous regions: 129->129
[2020-11-01T02:26:24.106-0900][gc,metaspace ] GC(9) Metaspace: 38057K(40012K)->38057K(40012K) NonClass: 33665K(34816K)->33665K(34816K) Class: 4392K(5196K)->4392K(5196K)
[2020-11-01T02:26:24.106-0900][gc           ] GC(9) Pause Young (Normal) (G1 Evacuation Pause) 193M->145M(1024M) 16.159ms
[2020-11-01T02:26:24.106-0900][gc,cpu       ] GC(9) User=0.02s Sys=0.03s Real=0.01s
[2020-11-01T02:34:20.073-0900][gc,start     ] GC(10) Pause Young (Normal) (G1 Evacuation Pause)
[2020-11-01T02:34:20.074-0900][gc,task      ] GC(10) Using 4 workers of 4 for evacuation
[2020-11-01T02:34:20.103-0900][gc,mmu       ] GC(10) MMU target violated: 21.0ms (20.0ms/21.0ms)
[2020-11-01T02:34:20.103-0900][gc,phases    ] GC(10)   Pre Evacuate Collection Set: 2.2ms
[2020-11-01T02:34:20.103-0900][gc,phases    ] GC(10)   Merge Heap Roots: 1.6ms
[2020-11-01T02:34:20.103-0900][gc,phases    ] GC(10)   Evacuate Collection Set: 23.9ms
[2020-11-01T02:34:20.103-0900][gc,phases    ] GC(10)   Post Evacuate Collection Set: 1.0ms
[2020-11-01T02:34:20.103-0900][gc,phases    ] GC(10)   Other: 2.7ms
[2020-11-01T02:34:20.103-0900][gc,heap      ] GC(10) Eden regions: 48->0(48)
[2020-11-01T02:34:20.103-0900][gc,heap      ] GC(10) Survivor regions: 3->3(7)
[2020-11-01T02:34:20.103-0900][gc,heap      ] GC(10) Old regions: 13->13
[2020-11-01T02:34:20.103-0900][gc,heap      ] GC(10) Archive regions: 2->2
[2020-11-01T02:34:20.103-0900][gc,heap      ] GC(10) Humongous regions: 129->129
[2020-11-01T02:34:20.103-0900][gc,metaspace ] GC(10) Metaspace: 38084K(40012K)->38084K(40012K) NonClass: 33690K(34816K)->33690K(34816K) Class: 4393K(5196K)->4393K(5196K)
[2020-11-01T02:34:20.103-0900][gc           ] GC(10) Pause Young (Normal) (G1 Evacuation Pause) 193M->145M(1024M) 29.935ms
[2020-11-01T02:34:20.103-0900][gc,cpu       ] GC(10) User=0.02s Sys=0.03s Real=0.03s
[2020-11-01T02:42:17.363-0900][gc,start     ] GC(11) Pause Young (Normal) (G1 Evacuation Pause)
[2020-11-01T02:42:17.363-0900][gc,task      ] GC(11) Using 4 workers of 4 for evacuation
[2020-11-01T02:42:17.387-0900][gc,mmu       ] GC(11) MMU target violated: 21.0ms (20.0ms/21.0ms)
[2020-11-01T02:42:17.387-0900][gc,phases    ] GC(11)   Pre Evacuate Collection Set: 2.6ms
[2020-11-01T02:42:17.387-0900][gc,phases    ] GC(11)   Merge Heap Roots: 0.3ms
[2020-11-01T02:42:17.387-0900][gc,phases    ] GC(11)   Evacuate Collection Set: 19.9ms
[2020-11-01T02:42:17.387-0900][gc,phases    ] GC(11)   Post Evacuate Collection Set: 1.0ms
[2020-11-01T02:42:17.387-0900][gc,phases    ] GC(11)   Other: 0.6ms
[2020-11-01T02:42:17.387-0900][gc,heap      ] GC(11) Eden regions: 48->0(46)
[2020-11-01T02:42:17.387-0900][gc,heap      ] GC(11) Survivor regions: 3->5(7)
[2020-11-01T02:42:17.387-0900][gc,heap      ] GC(11) Old regions: 13->13
[2020-11-01T02:42:17.387-0900][gc,heap      ] GC(11) Archive regions: 2->2
[2020-11-01T02:42:17.387-0900][gc,heap      ] GC(11) Humongous regions: 129->129
[2020-11-01T02:42:17.387-0900][gc,metaspace ] GC(11) Metaspace: 38135K(40012K)->38135K(40012K) NonClass: 33742K(34816K)->33742K(34816K) Class: 4393K(5196K)->4393K(5196K)
[2020-11-01T02:42:17.388-0900][gc           ] GC(11) Pause Young (Normal) (G1 Evacuation Pause) 193M->146M(1024M) 24.951ms
[2020-11-01T02:42:17.388-0900][gc,cpu       ] GC(11) User=0.02s Sys=0.05s Real=0.02s
[2020-11-01T02:49:48.145-0900][gc,start     ] GC(12) Pause Young (Normal) (G1 Evacuation Pause)
[2020-11-01T02:49:48.146-0900][gc,task      ] GC(12) Using 4 workers of 4 for evacuation
[2020-11-01T02:49:48.173-0900][gc,mmu       ] GC(12) MMU target violated: 21.0ms (20.0ms/21.0ms)
[2020-11-01T02:49:48.174-0900][gc,phases    ] GC(12)   Pre Evacuate Collection Set: 1.6ms
[2020-11-01T02:49:48.174-0900][gc,phases    ] GC(12)   Merge Heap Roots: 0.3ms
[2020-11-01T02:49:48.174-0900][gc,phases    ] GC(12)   Evacuate Collection Set: 24.7ms
[2020-11-01T02:49:48.174-0900][gc,phases    ] GC(12)   Post Evacuate Collection Set: 1.0ms
[2020-11-01T02:49:48.174-0900][gc,phases    ] GC(12)   Other: 1.2ms
[2020-11-01T02:49:48.174-0900][gc,heap      ] GC(12) Eden regions: 46->0(47)
[2020-11-01T02:49:48.174-0900][gc,heap      ] GC(12) Survivor regions: 5->4(7)
[2020-11-01T02:49:48.174-0900][gc,heap      ] GC(12) Old regions: 13->14
[2020-11-01T02:49:48.174-0900][gc,heap      ] GC(12) Archive regions: 2->2
[2020-11-01T02:49:48.174-0900][gc,heap      ] GC(12) Humongous regions: 129->129
[2020-11-01T02:49:48.174-0900][gc,metaspace ] GC(12) Metaspace: 38154K(40012K)->38154K(40012K) NonClass: 33759K(34816K)->33759K(34816K) Class: 4395K(5196K)->4395K(5196K)
[2020-11-01T02:49:48.174-0900][gc           ] GC(12) Pause Young (Normal) (G1 Evacuation Pause) 192M->147M(1024M) 28.397ms
[2020-11-01T02:49:48.174-0900][gc,cpu       ] GC(12) User=0.03s Sys=0.05s Real=0.03s
[2020-11-01T05:54:24.850-0900][gc,start     ] GC(13) Pause Young (Normal) (G1 Evacuation Pause)
[2020-11-01T05:54:24.851-0900][gc,task      ] GC(13) Using 4 workers of 4 for evacuation
[2020-11-01T05:54:24.874-0900][gc,mmu       ] GC(13) MMU target violated: 21.0ms (20.0ms/21.0ms)
[2020-11-01T05:54:24.874-0900][gc,phases    ] GC(13)   Pre Evacuate Collection Set: 1.9ms
[2020-11-01T05:54:24.874-0900][gc,phases    ] GC(13)   Merge Heap Roots: 0.1ms
[2020-11-01T05:54:24.874-0900][gc,phases    ] GC(13)   Evacuate Collection Set: 19.9ms
[2020-11-01T05:54:24.874-0900][gc,phases    ] GC(13)   Post Evacuate Collection Set: 0.9ms
[2020-11-01T05:54:24.874-0900][gc,phases    ] GC(13)   Other: 1.5ms
[2020-11-01T05:54:24.874-0900][gc,heap      ] GC(13) Eden regions: 47->0(47)
[2020-11-01T05:54:24.874-0900][gc,heap      ] GC(13) Survivor regions: 4->4(7)
[2020-11-01T05:54:24.874-0900][gc,heap      ] GC(13) Old regions: 14->14
[2020-11-01T05:54:24.874-0900][gc,heap      ] GC(13) Archive regions: 2->2
[2020-11-01T05:54:24.874-0900][gc,heap      ] GC(13) Humongous regions: 129->129
[2020-11-01T05:54:24.874-0900][gc,metaspace ] GC(13) Metaspace: 38365K(40140K)->38365K(40140K) NonClass: 33919K(34816K)->33919K(34816K) Class: 4445K(5324K)->4445K(5324K)
[2020-11-01T05:54:24.874-0900][gc           ] GC(13) Pause Young (Normal) (G1 Evacuation Pause) 194M->147M(1024M) 24.406ms
[2020-11-01T05:54:24.874-0900][gc,cpu       ] GC(13) User=0.02s Sys=0.04s Real=0.02s
[2020-11-01T15:27:04.958-0900][gc,start     ] GC(14) Pause Young (Normal) (G1 Evacuation Pause)
[2020-11-01T15:27:04.960-0900][gc,task      ] GC(14) Using 4 workers of 4 for evacuation
[2020-11-01T15:27:04.990-0900][gc,mmu       ] GC(14) MMU target violated: 21.0ms (20.0ms/21.0ms)
[2020-11-01T15:27:04.990-0900][gc,phases    ] GC(14)   Pre Evacuate Collection Set: 3.6ms
[2020-11-01T15:27:04.990-0900][gc,phases    ] GC(14)   Merge Heap Roots: 0.2ms
[2020-11-01T15:27:04.990-0900][gc,phases    ] GC(14)   Evacuate Collection Set: 24.8ms
[2020-11-01T15:27:04.990-0900][gc,phases    ] GC(14)   Post Evacuate Collection Set: 1.4ms
[2020-11-01T15:27:04.991-0900][gc,phases    ] GC(14)   Other: 2.7ms
[2020-11-01T15:27:04.991-0900][gc,heap      ] GC(14) Eden regions: 47->0(46)
[2020-11-01T15:27:04.991-0900][gc,heap      ] GC(14) Survivor regions: 4->5(7)
[2020-11-01T15:27:04.991-0900][gc,heap      ] GC(14) Old regions: 14->14
[2020-11-01T15:27:04.991-0900][gc,heap      ] GC(14) Archive regions: 2->2
[2020-11-01T15:27:04.991-0900][gc,heap      ] GC(14) Humongous regions: 129->129
[2020-11-01T15:27:04.991-0900][gc,metaspace ] GC(14) Metaspace: 38429K(40396K)->38429K(40396K) NonClass: 33969K(35072K)->33969K(35072K) Class: 4460K(5324K)->4460K(5324K)
[2020-11-01T15:27:04.991-0900][gc           ] GC(14) Pause Young (Normal) (G1 Evacuation Pause) 194M->147M(1024M) 32.701ms
[2020-11-01T15:27:04.991-0900][gc,cpu       ] GC(14) User=0.03s Sys=0.04s Real=0.04s
[2020-11-01T15:32:58.686-0900][gc,start     ] GC(15) Pause Young (Normal) (G1 Evacuation Pause)
[2020-11-01T15:32:58.687-0900][gc,task      ] GC(15) Using 4 workers of 4 for evacuation
[2020-11-01T15:32:58.710-0900][gc,mmu       ] GC(15) MMU target violated: 21.0ms (20.0ms/21.0ms)
[2020-11-01T15:32:58.710-0900][gc,phases    ] GC(15)   Pre Evacuate Collection Set: 2.7ms
[2020-11-01T15:32:58.710-0900][gc,phases    ] GC(15)   Merge Heap Roots: 0.2ms
[2020-11-01T15:32:58.710-0900][gc,phases    ] GC(15)   Evacuate Collection Set: 19.2ms
[2020-11-01T15:32:58.710-0900][gc,phases    ] GC(15)   Post Evacuate Collection Set: 0.8ms
[2020-11-01T15:32:58.710-0900][gc,phases    ] GC(15)   Other: 1.7ms
[2020-11-01T15:32:58.710-0900][gc,heap      ] GC(15) Eden regions: 46->0(46)
[2020-11-01T15:32:58.710-0900][gc,heap      ] GC(15) Survivor regions: 5->5(7)
[2020-11-01T15:32:58.710-0900][gc,heap      ] GC(15) Old regions: 14->15
[2020-11-01T15:32:58.710-0900][gc,heap      ] GC(15) Archive regions: 2->2
[2020-11-01T15:32:58.710-0900][gc,heap      ] GC(15) Humongous regions: 129->129
[2020-11-01T15:32:58.710-0900][gc,metaspace ] GC(15) Metaspace: 38454K(40396K)->38454K(40396K) NonClass: 33994K(35072K)->33994K(35072K) Class: 4460K(5324K)->4460K(5324K)
[2020-11-01T15:32:58.710-0900][gc           ] GC(15) Pause Young (Normal) (G1 Evacuation Pause) 193M->148M(1024M) 24.605ms
[2020-11-01T15:32:58.710-0900][gc,cpu       ] GC(15) User=0.03s Sys=0.05s Real=0.03s
[2020-11-01T15:38:54.456-0900][gc,start     ] GC(16) Pause Young (Normal) (G1 Evacuation Pause)
[2020-11-01T15:38:54.457-0900][gc,task      ] GC(16) Using 4 workers of 4 for evacuation
[2020-11-01T15:38:54.467-0900][gc,phases    ] GC(16)   Pre Evacuate Collection Set: 0.2ms
[2020-11-01T15:38:54.467-0900][gc,phases    ] GC(16)   Merge Heap Roots: 0.1ms
[2020-11-01T15:38:54.467-0900][gc,phases    ] GC(16)   Evacuate Collection Set: 9.6ms
[2020-11-01T15:38:54.467-0900][gc,phases    ] GC(16)   Post Evacuate Collection Set: 0.3ms
[2020-11-01T15:38:54.467-0900][gc,phases    ] GC(16)   Other: 1.4ms
[2020-11-01T15:38:54.467-0900][gc,heap      ] GC(16) Eden regions: 46->0(47)
[2020-11-01T15:38:54.467-0900][gc,heap      ] GC(16) Survivor regions: 5->4(7)
[2020-11-01T15:38:54.467-0900][gc,heap      ] GC(16) Old regions: 15->16
[2020-11-01T15:38:54.468-0900][gc,heap      ] GC(16) Archive regions: 2->2
[2020-11-01T15:38:54.468-0900][gc,heap      ] GC(16) Humongous regions: 129->129
[2020-11-01T15:38:54.468-0900][gc,metaspace ] GC(16) Metaspace: 38454K(40396K)->38454K(40396K) NonClass: 33994K(35072K)->33994K(35072K) Class: 4460K(5324K)->4460K(5324K)
[2020-11-01T15:38:54.468-0900][gc           ] GC(16) Pause Young (Normal) (G1 Evacuation Pause) 194M->149M(1024M) 11.731ms
[2020-11-01T15:38:54.468-0900][gc,cpu       ] GC(16) User=0.03s Sys=0.00s Real=0.01s
[2020-11-01T15:44:59.336-0900][gc,start     ] GC(17) Pause Young (Normal) (G1 Evacuation Pause)
[2020-11-01T15:44:59.337-0900][gc,task      ] GC(17) Using 4 workers of 4 for evacuation
[2020-11-01T15:44:59.354-0900][gc,phases    ] GC(17)   Pre Evacuate Collection Set: 1.7ms
[2020-11-01T15:44:59.354-0900][gc,phases    ] GC(17)   Merge Heap Roots: 0.2ms
[2020-11-01T15:44:59.354-0900][gc,phases    ] GC(17)   Evacuate Collection Set: 13.3ms
[2020-11-01T15:44:59.354-0900][gc,phases    ] GC(17)   Post Evacuate Collection Set: 0.9ms
[2020-11-01T15:44:59.354-0900][gc,phases    ] GC(17)   Other: 1.4ms
[2020-11-01T15:44:59.354-0900][gc,heap      ] GC(17) Eden regions: 47->0(47)
[2020-11-01T15:44:59.354-0900][gc,heap      ] GC(17) Survivor regions: 4->4(7)
[2020-11-01T15:44:59.354-0900][gc,heap      ] GC(17) Old regions: 16->16
[2020-11-01T15:44:59.354-0900][gc,heap      ] GC(17) Archive regions: 2->2
[2020-11-01T15:44:59.354-0900][gc,heap      ] GC(17) Humongous regions: 129->129
[2020-11-01T15:44:59.354-0900][gc,metaspace ] GC(17) Metaspace: 38459K(40396K)->38459K(40396K) NonClass: 33999K(35072K)->33999K(35072K) Class: 4460K(5324K)->4460K(5324K)
[2020-11-01T15:44:59.354-0900][gc           ] GC(17) Pause Young (Normal) (G1 Evacuation Pause) 196M->149M(1024M) 17.638ms
[2020-11-01T15:44:59.354-0900][gc,cpu       ] GC(17) User=0.02s Sys=0.03s Real=0.02s
[2020-11-01T15:51:05.670-0900][gc,start     ] GC(18) Pause Young (Normal) (G1 Evacuation Pause)
[2020-11-01T15:51:05.671-0900][gc,task      ] GC(18) Using 4 workers of 4 for evacuation
[2020-11-01T15:51:05.700-0900][gc,mmu       ] GC(18) MMU target violated: 21.0ms (20.0ms/21.0ms)
[2020-11-01T15:51:05.700-0900][gc,phases    ] GC(18)   Pre Evacuate Collection Set: 4.9ms
[2020-11-01T15:51:05.700-0900][gc,phases    ] GC(18)   Merge Heap Roots: 0.2ms
[2020-11-01T15:51:05.700-0900][gc,phases    ] GC(18)   Evacuate Collection Set: 22.2ms
[2020-11-01T15:51:05.700-0900][gc,phases    ] GC(18)   Post Evacuate Collection Set: 1.2ms
[2020-11-01T15:51:05.700-0900][gc,phases    ] GC(18)   Other: 1.9ms
[2020-11-01T15:51:05.700-0900][gc,heap      ] GC(18) Eden regions: 47->0(46)
[2020-11-01T15:51:05.700-0900][gc,heap      ] GC(18) Survivor regions: 4->5(7)
[2020-11-01T15:51:05.700-0900][gc,heap      ] GC(18) Old regions: 16->16
[2020-11-01T15:51:05.700-0900][gc,heap      ] GC(18) Archive regions: 2->2
[2020-11-01T15:51:05.700-0900][gc,heap      ] GC(18) Humongous regions: 129->129
[2020-11-01T15:51:05.700-0900][gc,metaspace ] GC(18) Metaspace: 38465K(40396K)->38465K(40396K) NonClass: 34005K(35072K)->34005K(35072K) Class: 4460K(5324K)->4460K(5324K)
[2020-11-01T15:51:05.700-0900][gc           ] GC(18) Pause Young (Normal) (G1 Evacuation Pause) 196M->149M(1024M) 30.430ms
[2020-11-01T15:51:05.700-0900][gc,cpu       ] GC(18) User=0.03s Sys=0.05s Real=0.03s
[2020-11-01T15:57:04.703-0900][gc,start     ] GC(19) Pause Young (Normal) (G1 Evacuation Pause)
[2020-11-01T15:57:04.705-0900][gc,task      ] GC(19) Using 4 workers of 4 for evacuation
[2020-11-01T15:57:04.731-0900][gc,mmu       ] GC(19) MMU target violated: 21.0ms (20.0ms/21.0ms)
[2020-11-01T15:57:04.731-0900][gc,phases    ] GC(19)   Pre Evacuate Collection Set: 4.7ms
[2020-11-01T15:57:04.731-0900][gc,phases    ] GC(19)   Merge Heap Roots: 0.3ms
[2020-11-01T15:57:04.731-0900][gc,phases    ] GC(19)   Evacuate Collection Set: 17.9ms
[2020-11-01T15:57:04.731-0900][gc,phases    ] GC(19)   Post Evacuate Collection Set: 3.3ms
[2020-11-01T15:57:04.731-0900][gc,phases    ] GC(19)   Other: 2.1ms
[2020-11-01T15:57:04.731-0900][gc,heap      ] GC(19) Eden regions: 46->0(47)
[2020-11-01T15:57:04.731-0900][gc,heap      ] GC(19) Survivor regions: 5->4(7)
[2020-11-01T15:57:04.731-0900][gc,heap      ] GC(19) Old regions: 16->16
[2020-11-01T15:57:04.731-0900][gc,heap      ] GC(19) Archive regions: 2->2
[2020-11-01T15:57:04.731-0900][gc,heap      ] GC(19) Humongous regions: 129->129
[2020-11-01T15:57:04.731-0900][gc,metaspace ] GC(19) Metaspace: 38480K(40396K)->38480K(40396K) NonClass: 34020K(35072K)->34020K(35072K) Class: 4460K(5324K)->4460K(5324K)
[2020-11-01T15:57:04.731-0900][gc           ] GC(19) Pause Young (Normal) (G1 Evacuation Pause) 195M->149M(1024M) 28.297ms
[2020-11-01T15:57:04.731-0900][gc,cpu       ] GC(19) User=0.03s Sys=0.05s Real=0.03s
[2020-11-01T16:03:09.506-0900][gc,start     ] GC(20) Pause Young (Normal) (G1 Evacuation Pause)
[2020-11-01T16:03:09.508-0900][gc,task      ] GC(20) Using 4 workers of 4 for evacuation
[2020-11-01T16:03:09.519-0900][gc,phases    ] GC(20)   Pre Evacuate Collection Set: 0.1ms
[2020-11-01T16:03:09.519-0900][gc,phases    ] GC(20)   Merge Heap Roots: 0.1ms
[2020-11-01T16:03:09.519-0900][gc,phases    ] GC(20)   Evacuate Collection Set: 10.2ms
[2020-11-01T16:03:09.519-0900][gc,phases    ] GC(20)   Post Evacuate Collection Set: 0.3ms
[2020-11-01T16:03:09.519-0900][gc,phases    ] GC(20)   Other: 1.5ms
[2020-11-01T16:03:09.519-0900][gc,heap      ] GC(20) Eden regions: 47->0(46)
[2020-11-01T16:03:09.519-0900][gc,heap      ] GC(20) Survivor regions: 4->5(7)
[2020-11-01T16:03:09.519-0900][gc,heap      ] GC(20) Old regions: 16->17
[2020-11-01T16:03:09.519-0900][gc,heap      ] GC(20) Archive regions: 2->2
[2020-11-01T16:03:09.519-0900][gc,heap      ] GC(20) Humongous regions: 129->129
[2020-11-01T16:03:09.519-0900][gc,metaspace ] GC(20) Metaspace: 38486K(40396K)->38486K(40396K) NonClass: 34026K(35072K)->34026K(35072K) Class: 4460K(5324K)->4460K(5324K)
[2020-11-01T16:03:09.519-0900][gc           ] GC(20) Pause Young (Normal) (G1 Evacuation Pause) 196M->150M(1024M) 12.399ms
[2020-11-01T16:03:09.519-0900][gc,cpu       ] GC(20) User=0.02s Sys=0.01s Real=0.01s
[2020-11-01T16:09:05.699-0900][gc,start     ] GC(21) Pause Young (Normal) (G1 Evacuation Pause)
[2020-11-01T16:09:05.699-0900][gc,task      ] GC(21) Using 4 workers of 4 for evacuation
[2020-11-01T16:09:05.718-0900][gc,phases    ] GC(21)   Pre Evacuate Collection Set: 1.8ms
[2020-11-01T16:09:05.718-0900][gc,phases    ] GC(21)   Merge Heap Roots: 0.2ms
[2020-11-01T16:09:05.719-0900][gc,phases    ] GC(21)   Evacuate Collection Set: 15.6ms
[2020-11-01T16:09:05.719-0900][gc,phases    ] GC(21)   Post Evacuate Collection Set: 1.2ms
[2020-11-01T16:09:05.719-0900][gc,phases    ] GC(21)   Other: 0.7ms
[2020-11-01T16:09:05.719-0900][gc,heap      ] GC(21) Eden regions: 46->0(58)
[2020-11-01T16:09:05.719-0900][gc,heap      ] GC(21) Survivor regions: 5->4(7)
[2020-11-01T16:09:05.719-0900][gc,heap      ] GC(21) Old regions: 17->17
[2020-11-01T16:09:05.719-0900][gc,heap      ] GC(21) Archive regions: 2->2
[2020-11-01T16:09:05.719-0900][gc,heap      ] GC(21) Humongous regions: 129->129
[2020-11-01T16:09:05.719-0900][gc,metaspace ] GC(21) Metaspace: 38487K(40396K)->38487K(40396K) NonClass: 34027K(35072K)->34027K(35072K) Class: 4460K(5324K)->4460K(5324K)
[2020-11-01T16:09:05.719-0900][gc           ] GC(21) Pause Young (Normal) (G1 Evacuation Pause) 196M->150M(1024M) 19.599ms
[2020-11-01T16:09:05.719-0900][gc,cpu       ] GC(21) User=0.03s Sys=0.04s Real=0.02s
[2020-11-01T16:16:38.172-0900][gc,start     ] GC(22) Pause Young (Normal) (G1 Evacuation Pause)
[2020-11-01T16:16:38.173-0900][gc,task      ] GC(22) Using 4 workers of 4 for evacuation
[2020-11-01T16:16:38.184-0900][gc,phases    ] GC(22)   Pre Evacuate Collection Set: 0.2ms
[2020-11-01T16:16:38.184-0900][gc,phases    ] GC(22)   Merge Heap Roots: 0.1ms
[2020-11-01T16:16:38.184-0900][gc,phases    ] GC(22)   Evacuate Collection Set: 10.3ms
[2020-11-01T16:16:38.184-0900][gc,phases    ] GC(22)   Post Evacuate Collection Set: 0.4ms
[2020-11-01T16:16:38.184-0900][gc,phases    ] GC(22)   Other: 1.5ms
[2020-11-01T16:16:38.184-0900][gc,heap      ] GC(22) Eden regions: 58->0(45)
[2020-11-01T16:16:38.184-0900][gc,heap      ] GC(22) Survivor regions: 4->6(8)
[2020-11-01T16:16:38.184-0900][gc,heap      ] GC(22) Old regions: 17->17
[2020-11-01T16:16:38.184-0900][gc,heap      ] GC(22) Archive regions: 2->2
[2020-11-01T16:16:38.184-0900][gc,heap      ] GC(22) Humongous regions: 129->129
[2020-11-01T16:16:38.185-0900][gc,metaspace ] GC(22) Metaspace: 38487K(40396K)->38487K(40396K) NonClass: 34027K(35072K)->34027K(35072K) Class: 4460K(5324K)->4460K(5324K)
[2020-11-01T16:16:38.185-0900][gc           ] GC(22) Pause Young (Normal) (G1 Evacuation Pause) 208M->151M(1024M) 12.633ms
[2020-11-01T16:16:38.185-0900][gc,cpu       ] GC(22) User=0.04s Sys=0.01s Real=0.01s
[2020-11-01T16:22:29.116-0900][gc,start     ] GC(23) Pause Young (Normal) (G1 Evacuation Pause)
[2020-11-01T16:22:29.117-0900][gc,task      ] GC(23) Using 4 workers of 4 for evacuation
[2020-11-01T16:22:29.172-0900][gc,mmu       ] GC(23) MMU target violated: 21.0ms (20.0ms/21.0ms)
[2020-11-01T16:22:29.173-0900][gc,phases    ] GC(23)   Pre Evacuate Collection Set: 1.9ms
[2020-11-01T16:22:29.173-0900][gc,phases    ] GC(23)   Merge Heap Roots: 0.6ms
[2020-11-01T16:22:29.173-0900][gc,phases    ] GC(23)   Evacuate Collection Set: 46.1ms
[2020-11-01T16:22:29.173-0900][gc,phases    ] GC(23)   Post Evacuate Collection Set: 5.8ms
[2020-11-01T16:22:29.173-0900][gc,phases    ] GC(23)   Other: 2.4ms
[2020-11-01T16:22:29.173-0900][gc,heap      ] GC(23) Eden regions: 45->0(47)
[2020-11-01T16:22:29.173-0900][gc,heap      ] GC(23) Survivor regions: 6->4(7)
[2020-11-01T16:22:29.173-0900][gc,heap      ] GC(23) Old regions: 17->19
[2020-11-01T16:22:29.173-0900][gc,heap      ] GC(23) Archive regions: 2->2
[2020-11-01T16:22:29.173-0900][gc,heap      ] GC(23) Humongous regions: 129->129
[2020-11-01T16:22:29.173-0900][gc,metaspace ] GC(23) Metaspace: 38490K(40396K)->38490K(40396K) NonClass: 34030K(35072K)->34030K(35072K) Class: 4460K(5324K)->4460K(5324K)
[2020-11-01T16:22:29.174-0900][gc           ] GC(23) Pause Young (Normal) (G1 Evacuation Pause) 196M->151M(1024M) 57.357ms
[2020-11-01T16:22:29.174-0900][gc,cpu       ] GC(23) User=0.04s Sys=0.04s Real=0.06s
