[2020-11-01T01:58:18.375-0900][gc,heap] Heap region size: 1M
[2020-11-01T01:58:18.376-0900][gc,heap,coops] Heap address: 0x00000007c0000000, size: 1024 MB, Compressed Oops mode: Zero based, Oop shift amount: 3
[2020-11-01T01:58:18.385-0900][gc           ] Using G1
[2020-11-01T01:58:18.385-0900][gc,cds       ] Mark closed archive regions in map: [0x00000007fff00000, 0x00000007fff7aff8]
[2020-11-01T01:58:18.386-0900][gc,cds       ] Mark open archive regions in map: [0x00000007ffe00000, 0x00000007ffe50ff8]
[2020-11-01T01:58:18.406-0900][gc           ] Periodic GC disabled
[2020-11-01T01:58:20.360-0900][gc,start     ] GC(0) Pause Young (Normal) (G1 Evacuation Pause)
[2020-11-01T01:58:20.360-0900][gc,task      ] GC(0) Using 4 workers of 4 for evacuation
[2020-11-01T01:58:20.370-0900][gc,phases    ] GC(0)   Pre Evacuate Collection Set: 0.3ms
[2020-11-01T01:58:20.370-0900][gc,phases    ] GC(0)   Merge Heap Roots: 0.0ms
[2020-11-01T01:58:20.370-0900][gc,phases    ] GC(0)   Evacuate Collection Set: 9.2ms
[2020-11-01T01:58:20.370-0900][gc,phases    ] GC(0)   Post Evacuate Collection Set: 0.4ms
[2020-11-01T01:58:20.370-0900][gc,phases    ] GC(0)   Other: 0.5ms
[2020-11-01T01:58:20.370-0900][gc,heap      ] GC(0) Eden regions: 51->0(44)
[2020-11-01T01:58:20.370-0900][gc,heap      ] GC(0) Survivor regions: 0->7(7)
[2020-11-01T01:58:20.370-0900][gc,heap      ] GC(0) Old regions: 0->0
[2020-11-01T01:58:20.370-0900][gc,heap      ] GC(0) Archive regions: 2->2
[2020-11-01T01:58:20.370-0900][gc,heap      ] GC(0) Humongous regions: 0->0
[2020-11-01T01:58:20.370-0900][gc,metaspace ] GC(0) Metaspace: 15362K(16000K)->15362K(16000K) NonClass: 13450K(13824K)->13450K(13824K) Class: 1912K(2176K)->1912K(2176K)
[2020-11-01T01:58:20.370-0900][gc           ] GC(0) Pause Young (Normal) (G1 Evacuation Pause) 51M->6M(1024M) 10.691ms
[2020-11-01T01:58:20.370-0900][gc,cpu       ] GC(0) User=0.02s Sys=0.01s Real=0.01s
[2020-11-01T01:58:21.097-0900][gc,start     ] GC(1) Pause Young (Concurrent Start) (Metadata GC Threshold)
[2020-11-01T01:58:21.097-0900][gc,task      ] GC(1) Using 4 workers of 4 for evacuation
[2020-11-01T01:58:21.112-0900][gc,phases    ] GC(1)   Pre Evacuate Collection Set: 0.1ms
[2020-11-01T01:58:21.112-0900][gc,phases    ] GC(1)   Merge Heap Roots: 0.1ms
[2020-11-01T01:58:21.112-0900][gc,phases    ] GC(1)   Evacuate Collection Set: 13.8ms
[2020-11-01T01:58:21.112-0900][gc,phases    ] GC(1)   Post Evacuate Collection Set: 0.5ms
[2020-11-01T01:58:21.112-0900][gc,phases    ] GC(1)   Other: 0.4ms
[2020-11-01T01:58:21.112-0900][gc,heap      ] GC(1) Eden regions: 23->0(49)
[2020-11-01T01:58:21.112-0900][gc,heap      ] GC(1) Survivor regions: 7->2(7)
[2020-11-01T01:58:21.112-0900][gc,heap      ] GC(1) Old regions: 0->6
[2020-11-01T01:58:21.112-0900][gc,heap      ] GC(1) Archive regions: 2->2
[2020-11-01T01:58:21.112-0900][gc,heap      ] GC(1) Humongous regions: 129->129
[2020-11-01T01:58:21.112-0900][gc,metaspace ] GC(1) Metaspace: 20656K(21248K)->20656K(21248K) NonClass: 18095K(18432K)->18095K(18432K) Class: 2560K(2816K)->2560K(2816K)
[2020-11-01T01:58:21.112-0900][gc           ] GC(1) Pause Young (Concurrent Start) (Metadata GC Threshold) 158M->137M(1024M) 15.104ms
[2020-11-01T01:58:21.112-0900][gc,cpu       ] GC(1) User=0.04s Sys=0.00s Real=0.02s
[2020-11-01T01:58:21.112-0900][gc           ] GC(2) Concurrent Cycle
[2020-11-01T01:58:21.112-0900][gc,marking   ] GC(2) Concurrent Clear Claimed Marks
[2020-11-01T01:58:21.112-0900][gc,marking   ] GC(2) Concurrent Clear Claimed Marks 0.048ms
[2020-11-01T01:58:21.112-0900][gc,marking   ] GC(2) Concurrent Scan Root Regions
[2020-11-01T01:58:21.119-0900][gc,marking   ] GC(2) Concurrent Scan Root Regions 7.025ms
[2020-11-01T01:58:21.119-0900][gc,marking   ] GC(2) Concurrent Mark (2.754s)
[2020-11-01T01:58:21.119-0900][gc,marking   ] GC(2) Concurrent Mark From Roots
[2020-11-01T01:58:21.119-0900][gc,task      ] GC(2) Using 1 workers of 1 for marking
[2020-11-01T01:58:21.122-0900][gc,marking   ] GC(2) Concurrent Mark From Roots 2.577ms
[2020-11-01T01:58:21.122-0900][gc,marking   ] GC(2) Concurrent Preclean
[2020-11-01T01:58:21.122-0900][gc,marking   ] GC(2) Concurrent Preclean 0.090ms
[2020-11-01T01:58:21.122-0900][gc,marking   ] GC(2) Concurrent Mark (2.754s, 2.757s) 2.768ms
[2020-11-01T01:58:21.123-0900][gc,start     ] GC(2) Pause Remark
[2020-11-01T01:58:21.125-0900][gc           ] GC(2) Pause Remark 137M->137M(1024M) 1.741ms
[2020-11-01T01:58:21.125-0900][gc,cpu       ] GC(2) User=0.01s Sys=0.00s Real=0.00s
[2020-11-01T01:58:21.125-0900][gc,marking   ] GC(2) Concurrent Rebuild Remembered Sets
[2020-11-01T01:58:21.131-0900][gc,marking   ] GC(2) Concurrent Rebuild Remembered Sets 6.209ms
[2020-11-01T01:58:21.132-0900][gc,start     ] GC(2) Pause Cleanup
[2020-11-01T01:58:21.132-0900][gc           ] GC(2) Pause Cleanup 138M->138M(1024M) 0.213ms
[2020-11-01T01:58:21.132-0900][gc,cpu       ] GC(2) User=0.01s Sys=0.00s Real=0.00s
[2020-11-01T01:58:21.132-0900][gc,marking   ] GC(2) Concurrent Cleanup for Next Mark
[2020-11-01T01:58:21.145-0900][gc,marking   ] GC(2) Concurrent Cleanup for Next Mark 12.609ms
[2020-11-01T01:58:21.145-0900][gc           ] GC(2) Concurrent Cycle 32.894ms
[2020-11-01T01:58:22.325-0900][gc,start     ] GC(3) Pause Young (Normal) (GCLocker Initiated GC)
[2020-11-01T01:58:22.325-0900][gc,task      ] GC(3) Using 4 workers of 4 for evacuation
[2020-11-01T01:58:22.331-0900][gc,phases    ] GC(3)   Pre Evacuate Collection Set: 0.1ms
[2020-11-01T01:58:22.331-0900][gc,phases    ] GC(3)   Merge Heap Roots: 0.1ms
[2020-11-01T01:58:22.331-0900][gc,phases    ] GC(3)   Evacuate Collection Set: 5.6ms
[2020-11-01T01:58:22.331-0900][gc,phases    ] GC(3)   Post Evacuate Collection Set: 0.5ms
[2020-11-01T01:58:22.331-0900][gc,phases    ] GC(3)   Other: 0.2ms
[2020-11-01T01:58:22.331-0900][gc,heap      ] GC(3) Eden regions: 49->0(45)
[2020-11-01T01:58:22.331-0900][gc,heap      ] GC(3) Survivor regions: 2->6(7)
[2020-11-01T01:58:22.331-0900][gc,heap      ] GC(3) Old regions: 6->6
[2020-11-01T01:58:22.331-0900][gc,heap      ] GC(3) Archive regions: 2->2
[2020-11-01T01:58:22.331-0900][gc,heap      ] GC(3) Humongous regions: 129->129
[2020-11-01T01:58:22.331-0900][gc,metaspace ] GC(3) Metaspace: 30018K(31104K)->30018K(31104K) NonClass: 26566K(27136K)->26566K(27136K) Class: 3452K(3968K)->3452K(3968K)
[2020-11-01T01:58:22.331-0900][gc           ] GC(3) Pause Young (Normal) (GCLocker Initiated GC) 186M->140M(1024M) 6.672ms
[2020-11-01T01:58:22.331-0900][gc,cpu       ] GC(3) User=0.03s Sys=0.00s Real=0.01s
[2020-11-01T01:59:28.337-0900][gc,start     ] GC(4) Pause Young (Concurrent Start) (Metadata GC Threshold)
[2020-11-01T01:59:28.337-0900][gc,task      ] GC(4) Using 4 workers of 4 for evacuation
[2020-11-01T01:59:28.361-0900][gc,mmu       ] GC(4) MMU target violated: 21.0ms (20.0ms/21.0ms)
[2020-11-01T01:59:28.361-0900][gc,phases    ] GC(4)   Pre Evacuate Collection Set: 0.3ms
[2020-11-01T01:59:28.361-0900][gc,phases    ] GC(4)   Merge Heap Roots: 0.1ms
[2020-11-01T01:59:28.361-0900][gc,phases    ] GC(4)   Evacuate Collection Set: 21.9ms
[2020-11-01T01:59:28.361-0900][gc,phases    ] GC(4)   Post Evacuate Collection Set: 1.1ms
[2020-11-01T01:59:28.361-0900][gc,phases    ] GC(4)   Other: 0.6ms
[2020-11-01T01:59:28.361-0900][gc,heap      ] GC(4) Eden regions: 22->0(49)
[2020-11-01T01:59:28.361-0900][gc,heap      ] GC(4) Survivor regions: 6->2(7)
[2020-11-01T01:59:28.361-0900][gc,heap      ] GC(4) Old regions: 6->11
[2020-11-01T01:59:28.361-0900][gc,heap      ] GC(4) Archive regions: 2->2
[2020-11-01T01:59:28.361-0900][gc,heap      ] GC(4) Humongous regions: 129->129
[2020-11-01T01:59:28.361-0900][gc,metaspace ] GC(4) Metaspace: 34395K(35840K)->34395K(35840K) NonClass: 30307K(30976K)->30307K(30976K) Class: 4088K(4864K)->4088K(4864K)
[2020-11-01T01:59:28.361-0900][gc           ] GC(4) Pause Young (Concurrent Start) (Metadata GC Threshold) 162M->141M(1024M) 24.289ms
[2020-11-01T01:59:28.361-0900][gc,cpu       ] GC(4) User=0.03s Sys=0.01s Real=0.03s
[2020-11-01T01:59:28.361-0900][gc           ] GC(5) Concurrent Cycle
[2020-11-01T01:59:28.361-0900][gc,marking   ] GC(5) Concurrent Clear Claimed Marks
[2020-11-01T01:59:28.362-0900][gc,marking   ] GC(5) Concurrent Clear Claimed Marks 0.123ms
[2020-11-01T01:59:28.362-0900][gc,marking   ] GC(5) Concurrent Scan Root Regions
[2020-11-01T01:59:28.370-0900][gc,marking   ] GC(5) Concurrent Scan Root Regions 8.673ms
[2020-11-01T01:59:28.370-0900][gc,marking   ] GC(5) Concurrent Mark (70.003s)
[2020-11-01T01:59:28.370-0900][gc,marking   ] GC(5) Concurrent Mark From Roots
[2020-11-01T01:59:28.370-0900][gc,task      ] GC(5) Using 1 workers of 1 for marking
[2020-11-01T01:59:28.388-0900][gc,marking   ] GC(5) Concurrent Mark From Roots 17.376ms
[2020-11-01T01:59:28.388-0900][gc,marking   ] GC(5) Concurrent Preclean
[2020-11-01T01:59:28.388-0900][gc,marking   ] GC(5) Concurrent Preclean 0.112ms
[2020-11-01T01:59:28.388-0900][gc,marking   ] GC(5) Concurrent Mark (70.003s, 70.021s) 17.594ms
[2020-11-01T01:59:28.388-0900][gc,start     ] GC(5) Pause Remark
[2020-11-01T01:59:28.394-0900][gc           ] GC(5) Pause Remark 142M->142M(1024M) 5.685ms
[2020-11-01T01:59:28.394-0900][gc,cpu       ] GC(5) User=0.01s Sys=0.01s Real=0.01s
[2020-11-01T01:59:28.399-0900][gc,marking   ] GC(5) Concurrent Rebuild Remembered Sets
[2020-11-01T01:59:28.414-0900][gc,marking   ] GC(5) Concurrent Rebuild Remembered Sets 14.702ms
[2020-11-01T01:59:28.414-0900][gc,start     ] GC(5) Pause Cleanup
[2020-11-01T01:59:28.415-0900][gc           ] GC(5) Pause Cleanup 143M->143M(1024M) 0.251ms
[2020-11-01T01:59:28.415-0900][gc,cpu       ] GC(5) User=0.00s Sys=0.00s Real=0.00s
[2020-11-01T01:59:28.425-0900][gc,marking   ] GC(5) Concurrent Cleanup for Next Mark
[2020-11-01T01:59:28.438-0900][gc,marking   ] GC(5) Concurrent Cleanup for Next Mark 13.419ms
[2020-11-01T01:59:28.438-0900][gc           ] GC(5) Concurrent Cycle 76.885ms
[2020-11-01T02:04:22.864-0900][gc,start     ] GC(6) Pause Young (Normal) (G1 Evacuation Pause)
[2020-11-01T02:04:22.864-0900][gc,task      ] GC(6) Using 4 workers of 4 for evacuation
[2020-11-01T02:04:22.904-0900][gc,mmu       ] GC(6) MMU target violated: 21.0ms (20.0ms/21.0ms)
[2020-11-01T02:04:22.904-0900][gc,phases    ] GC(6)   Pre Evacuate Collection Set: 1.8ms
[2020-11-01T02:04:22.904-0900][gc,phases    ] GC(6)   Merge Heap Roots: 0.2ms
[2020-11-01T02:04:22.904-0900][gc,phases    ] GC(6)   Evacuate Collection Set: 36.3ms
[2020-11-01T02:04:22.904-0900][gc,phases    ] GC(6)   Post Evacuate Collection Set: 1.1ms
[2020-11-01T02:04:22.904-0900][gc,phases    ] GC(6)   Other: 0.7ms
[2020-11-01T02:04:22.904-0900][gc,heap      ] GC(6) Eden regions: 49->0(46)
[2020-11-01T02:04:22.904-0900][gc,heap      ] GC(6) Survivor regions: 2->5(7)
[2020-11-01T02:04:22.904-0900][gc,heap      ] GC(6) Old regions: 11->11
[2020-11-01T02:04:22.904-0900][gc,heap      ] GC(6) Archive regions: 2->2
[2020-11-01T02:04:22.904-0900][gc,heap      ] GC(6) Humongous regions: 129->129
[2020-11-01T02:04:22.904-0900][gc,metaspace ] GC(6) Metaspace: 38389K(40320K)->38389K(40320K) NonClass: 33758K(34816K)->33758K(34816K) Class: 4630K(5504K)->4630K(5504K)
[2020-11-01T02:04:22.904-0900][gc           ] GC(6) Pause Young (Normal) (G1 Evacuation Pause) 190M->144M(1024M) 40.378ms
[2020-11-01T02:04:22.904-0900][gc,cpu       ] GC(6) User=0.04s Sys=0.05s Real=0.04s
[2020-11-01T02:10:53.824-0900][gc,start     ] GC(7) Pause Young (Normal) (G1 Evacuation Pause)
[2020-11-01T02:10:53.826-0900][gc,task      ] GC(7) Using 4 workers of 4 for evacuation
[2020-11-01T02:10:53.851-0900][gc,mmu       ] GC(7) MMU target violated: 21.0ms (20.0ms/21.0ms)
[2020-11-01T02:10:53.851-0900][gc,phases    ] GC(7)   Pre Evacuate Collection Set: 3.3ms
[2020-11-01T02:10:53.851-0900][gc,phases    ] GC(7)   Merge Heap Roots: 0.2ms
[2020-11-01T02:10:53.851-0900][gc,phases    ] GC(7)   Evacuate Collection Set: 21.2ms
[2020-11-01T02:10:53.851-0900][gc,phases    ] GC(7)   Post Evacuate Collection Set: 0.8ms
[2020-11-01T02:10:53.851-0900][gc,phases    ] GC(7)   Other: 1.7ms
[2020-11-01T02:10:53.851-0900][gc,heap      ] GC(7) Eden regions: 46->0(46)
[2020-11-01T02:10:53.851-0900][gc,heap      ] GC(7) Survivor regions: 5->5(7)
[2020-11-01T02:10:53.851-0900][gc,heap      ] GC(7) Old regions: 11->12
[2020-11-01T02:10:53.851-0900][gc,heap      ] GC(7) Archive regions: 2->2
[2020-11-01T02:10:53.852-0900][gc,heap      ] GC(7) Humongous regions: 129->129
[2020-11-01T02:10:53.852-0900][gc,metaspace ] GC(7) Metaspace: 38833K(40704K)->38833K(40704K) NonClass: 34134K(35072K)->34134K(35072K) Class: 4698K(5632K)->4698K(5632K)
[2020-11-01T02:10:53.852-0900][gc           ] GC(7) Pause Young (Normal) (G1 Evacuation Pause) 190M->145M(1024M) 27.271ms
[2020-11-01T02:10:53.852-0900][gc,cpu       ] GC(7) User=0.03s Sys=0.04s Real=0.03s
[2020-11-01T02:18:03.532-0900][gc,start     ] GC(8) Pause Young (Normal) (G1 Evacuation Pause)
[2020-11-01T02:18:03.533-0900][gc,task      ] GC(8) Using 4 workers of 4 for evacuation
[2020-11-01T02:18:03.581-0900][gc,mmu       ] GC(8) MMU target violated: 21.0ms (20.0ms/21.0ms)
[2020-11-01T02:18:03.581-0900][gc,phases    ] GC(8)   Pre Evacuate Collection Set: 2.3ms
[2020-11-01T02:18:03.581-0900][gc,phases    ] GC(8)   Merge Heap Roots: 0.2ms
[2020-11-01T02:18:03.581-0900][gc,phases    ] GC(8)   Evacuate Collection Set: 42.7ms
[2020-11-01T02:18:03.581-0900][gc,phases    ] GC(8)   Post Evacuate Collection Set: 2.3ms
[2020-11-01T02:18:03.581-0900][gc,phases    ] GC(8)   Other: 1.7ms
[2020-11-01T02:18:03.581-0900][gc,heap      ] GC(8) Eden regions: 46->0(48)
[2020-11-01T02:18:03.581-0900][gc,heap      ] GC(8) Survivor regions: 5->3(7)
[2020-11-01T02:18:03.581-0900][gc,heap      ] GC(8) Old regions: 12->13
[2020-11-01T02:18:03.581-0900][gc,heap      ] GC(8) Archive regions: 2->2
[2020-11-01T02:18:03.581-0900][gc,heap      ] GC(8) Humongous regions: 129->129
[2020-11-01T02:18:03.581-0900][gc,metaspace ] GC(8) Metaspace: 38895K(40960K)->38895K(40960K) NonClass: 34196K(35328K)->34196K(35328K) Class: 4698K(5632K)->4698K(5632K)
[2020-11-01T02:18:03.581-0900][gc           ] GC(8) Pause Young (Normal) (G1 Evacuation Pause) 191M->144M(1024M) 49.421ms
[2020-11-01T02:18:03.581-0900][gc,cpu       ] GC(8) User=0.03s Sys=0.02s Real=0.05s
[2020-11-01T02:25:41.566-0900][gc,start     ] GC(9) Pause Young (Normal) (G1 Evacuation Pause)
[2020-11-01T02:25:41.567-0900][gc,task      ] GC(9) Using 4 workers of 4 for evacuation
[2020-11-01T02:25:41.580-0900][gc,phases    ] GC(9)   Pre Evacuate Collection Set: 3.1ms
[2020-11-01T02:25:41.580-0900][gc,phases    ] GC(9)   Merge Heap Roots: 0.1ms
[2020-11-01T02:25:41.580-0900][gc,phases    ] GC(9)   Evacuate Collection Set: 9.0ms
[2020-11-01T02:25:41.580-0900][gc,phases    ] GC(9)   Post Evacuate Collection Set: 0.6ms
[2020-11-01T02:25:41.580-0900][gc,phases    ] GC(9)   Other: 1.9ms
[2020-11-01T02:25:41.580-0900][gc,heap      ] GC(9) Eden regions: 48->0(48)
[2020-11-01T02:25:41.581-0900][gc,heap      ] GC(9) Survivor regions: 3->3(7)
[2020-11-01T02:25:41.581-0900][gc,heap      ] GC(9) Old regions: 13->13
[2020-11-01T02:25:41.581-0900][gc,heap      ] GC(9) Archive regions: 2->2
[2020-11-01T02:25:41.581-0900][gc,heap      ] GC(9) Humongous regions: 129->129
[2020-11-01T02:25:41.581-0900][gc,metaspace ] GC(9) Metaspace: 38968K(40960K)->38968K(40960K) NonClass: 34268K(35328K)->34268K(35328K) Class: 4699K(5632K)->4699K(5632K)
[2020-11-01T02:25:41.581-0900][gc           ] GC(9) Pause Young (Normal) (G1 Evacuation Pause) 192M->144M(1024M) 14.785ms
[2020-11-01T02:25:41.581-0900][gc,cpu       ] GC(9) User=0.02s Sys=0.03s Real=0.02s
[2020-11-01T02:33:25.863-0900][gc,start     ] GC(10) Pause Young (Normal) (G1 Evacuation Pause)
[2020-11-01T02:33:25.863-0900][gc,task      ] GC(10) Using 4 workers of 4 for evacuation
[2020-11-01T02:33:25.884-0900][gc,mmu       ] GC(10) MMU target violated: 21.0ms (20.0ms/21.0ms)
[2020-11-01T02:33:25.884-0900][gc,phases    ] GC(10)   Pre Evacuate Collection Set: 3.2ms
[2020-11-01T02:33:25.884-0900][gc,phases    ] GC(10)   Merge Heap Roots: 0.4ms
[2020-11-01T02:33:25.884-0900][gc,phases    ] GC(10)   Evacuate Collection Set: 16.2ms
[2020-11-01T02:33:25.884-0900][gc,phases    ] GC(10)   Post Evacuate Collection Set: 1.4ms
[2020-11-01T02:33:25.884-0900][gc,phases    ] GC(10)   Other: 0.6ms
[2020-11-01T02:33:25.884-0900][gc,heap      ] GC(10) Eden regions: 48->0(47)
[2020-11-01T02:33:25.884-0900][gc,heap      ] GC(10) Survivor regions: 3->4(7)
[2020-11-01T02:33:25.884-0900][gc,heap      ] GC(10) Old regions: 13->13
[2020-11-01T02:33:25.884-0900][gc,heap      ] GC(10) Archive regions: 2->2
[2020-11-01T02:33:25.884-0900][gc,heap      ] GC(10) Humongous regions: 129->129
[2020-11-01T02:33:25.884-0900][gc,metaspace ] GC(10) Metaspace: 38991K(40960K)->38991K(40960K) NonClass: 34292K(35328K)->34292K(35328K) Class: 4699K(5632K)->4699K(5632K)
[2020-11-01T02:33:25.884-0900][gc           ] GC(10) Pause Young (Normal) (G1 Evacuation Pause) 192M->145M(1024M) 21.941ms
[2020-11-01T02:33:25.884-0900][gc,cpu       ] GC(10) User=0.02s Sys=0.03s Real=0.02s
[2020-11-01T02:40:56.997-0900][gc,start     ] GC(11) Pause Young (Normal) (G1 Evacuation Pause)
[2020-11-01T02:40:56.998-0900][gc,task      ] GC(11) Using 4 workers of 4 for evacuation
[2020-11-01T02:40:57.018-0900][gc,mmu       ] GC(11) MMU target violated: 20.2ms (20.0ms/21.0ms)
[2020-11-01T02:40:57.019-0900][gc,phases    ] GC(11)   Pre Evacuate Collection Set: 2.8ms
[2020-11-01T02:40:57.019-0900][gc,phases    ] GC(11)   Merge Heap Roots: 0.4ms
[2020-11-01T02:40:57.019-0900][gc,phases    ] GC(11)   Evacuate Collection Set: 15.8ms
[2020-11-01T02:40:57.019-0900][gc,phases    ] GC(11)   Post Evacuate Collection Set: 1.1ms
[2020-11-01T02:40:57.019-0900][gc,phases    ] GC(11)   Other: 1.9ms
[2020-11-01T02:40:57.019-0900][gc,heap      ] GC(11) Eden regions: 47->0(48)
[2020-11-01T02:40:57.019-0900][gc,heap      ] GC(11) Survivor regions: 4->3(7)
[2020-11-01T02:40:57.019-0900][gc,heap      ] GC(11) Old regions: 13->13
[2020-11-01T02:40:57.019-0900][gc,heap      ] GC(11) Archive regions: 2->2
[2020-11-01T02:40:57.019-0900][gc,heap      ] GC(11) Humongous regions: 129->129
[2020-11-01T02:40:57.019-0900][gc,metaspace ] GC(11) Metaspace: 39024K(40960K)->39024K(40960K) NonClass: 34324K(35328K)->34324K(35328K) Class: 4699K(5632K)->4699K(5632K)
[2020-11-01T02:40:57.019-0900][gc           ] GC(11) Pause Young (Normal) (G1 Evacuation Pause) 192M->145M(1024M) 22.025ms
[2020-11-01T02:40:57.019-0900][gc,cpu       ] GC(11) User=0.02s Sys=0.03s Real=0.02s
[2020-11-01T02:48:39.002-0900][gc,start     ] GC(12) Pause Young (Normal) (G1 Evacuation Pause)
[2020-11-01T02:48:39.002-0900][gc,task      ] GC(12) Using 4 workers of 4 for evacuation
[2020-11-01T02:48:39.023-0900][gc,mmu       ] GC(12) MMU target violated: 21.0ms (20.0ms/21.0ms)
[2020-11-01T02:48:39.024-0900][gc,phases    ] GC(12)   Pre Evacuate Collection Set: 1.8ms
[2020-11-01T02:48:39.024-0900][gc,phases    ] GC(12)   Merge Heap Roots: 0.3ms
[2020-11-01T02:48:39.024-0900][gc,phases    ] GC(12)   Evacuate Collection Set: 17.6ms
[2020-11-01T02:48:39.024-0900][gc,phases    ] GC(12)   Post Evacuate Collection Set: 1.6ms
[2020-11-01T02:48:39.024-0900][gc,phases    ] GC(12)   Other: 0.4ms
[2020-11-01T02:48:39.024-0900][gc,heap      ] GC(12) Eden regions: 48->0(48)
[2020-11-01T02:48:39.024-0900][gc,heap      ] GC(12) Survivor regions: 3->3(7)
[2020-11-01T02:48:39.024-0900][gc,heap      ] GC(12) Old regions: 13->13
[2020-11-01T02:48:39.024-0900][gc,heap      ] GC(12) Archive regions: 2->2
[2020-11-01T02:48:39.024-0900][gc,heap      ] GC(12) Humongous regions: 129->129
[2020-11-01T02:48:39.024-0900][gc,metaspace ] GC(12) Metaspace: 39054K(40960K)->39054K(40960K) NonClass: 34355K(35328K)->34355K(35328K) Class: 4699K(5632K)->4699K(5632K)
[2020-11-01T02:48:39.024-0900][gc           ] GC(12) Pause Young (Normal) (G1 Evacuation Pause) 193M->145M(1024M) 22.270ms
[2020-11-01T02:48:39.024-0900][gc,cpu       ] GC(12) User=0.02s Sys=0.03s Real=0.02s
[2020-11-01T03:09:52.779-0900][gc,start     ] GC(13) Pause Young (Normal) (G1 Evacuation Pause)
[2020-11-01T03:09:52.779-0900][gc,task      ] GC(13) Using 4 workers of 4 for evacuation
[2020-11-01T03:09:52.813-0900][gc,mmu       ] GC(13) MMU target violated: 21.0ms (20.0ms/21.0ms)
[2020-11-01T03:09:52.813-0900][gc,phases    ] GC(13)   Pre Evacuate Collection Set: 2.8ms
[2020-11-01T03:09:52.813-0900][gc,phases    ] GC(13)   Merge Heap Roots: 0.6ms
[2020-11-01T03:09:52.813-0900][gc,phases    ] GC(13)   Evacuate Collection Set: 27.2ms
[2020-11-01T03:09:52.813-0900][gc,phases    ] GC(13)   Post Evacuate Collection Set: 2.3ms
[2020-11-01T03:09:52.814-0900][gc,phases    ] GC(13)   Other: 1.5ms
[2020-11-01T03:09:52.814-0900][gc,heap      ] GC(13) Eden regions: 48->0(48)
[2020-11-01T03:09:52.814-0900][gc,heap      ] GC(13) Survivor regions: 3->3(7)
[2020-11-01T03:09:52.814-0900][gc,heap      ] GC(13) Old regions: 13->13
[2020-11-01T03:09:52.814-0900][gc,heap      ] GC(13) Archive regions: 2->2
[2020-11-01T03:09:52.814-0900][gc,heap      ] GC(13) Humongous regions: 129->129
[2020-11-01T03:09:52.814-0900][gc,metaspace ] GC(13) Metaspace: 39078K(41216K)->39078K(41216K) NonClass: 34378K(35584K)->34378K(35584K) Class: 4699K(5632K)->4699K(5632K)
[2020-11-01T03:09:52.814-0900][gc           ] GC(13) Pause Young (Normal) (G1 Evacuation Pause) 193M->145M(1024M) 34.886ms
[2020-11-01T03:09:52.814-0900][gc,cpu       ] GC(13) User=0.03s Sys=0.05s Real=0.04s
[2020-11-01T15:26:43.659-0900][gc,start     ] GC(14) Pause Young (Normal) (G1 Evacuation Pause)
[2020-11-01T15:26:43.660-0900][gc,task      ] GC(14) Using 4 workers of 4 for evacuation
[2020-11-01T15:26:43.685-0900][gc,mmu       ] GC(14) MMU target violated: 21.0ms (20.0ms/21.0ms)
[2020-11-01T15:26:43.685-0900][gc,phases    ] GC(14)   Pre Evacuate Collection Set: 2.2ms
[2020-11-01T15:26:43.685-0900][gc,phases    ] GC(14)   Merge Heap Roots: 0.2ms
[2020-11-01T15:26:43.685-0900][gc,phases    ] GC(14)   Evacuate Collection Set: 21.2ms
[2020-11-01T15:26:43.685-0900][gc,phases    ] GC(14)   Post Evacuate Collection Set: 1.0ms
[2020-11-01T15:26:43.685-0900][gc,phases    ] GC(14)   Other: 1.7ms
[2020-11-01T15:26:43.685-0900][gc,heap      ] GC(14) Eden regions: 48->0(46)
[2020-11-01T15:26:43.685-0900][gc,heap      ] GC(14) Survivor regions: 3->5(7)
[2020-11-01T15:26:43.685-0900][gc,heap      ] GC(14) Old regions: 13->13
[2020-11-01T15:26:43.685-0900][gc,heap      ] GC(14) Archive regions: 2->2
[2020-11-01T15:26:43.685-0900][gc,heap      ] GC(14) Humongous regions: 129->129
[2020-11-01T15:26:43.685-0900][gc,metaspace ] GC(14) Metaspace: 39149K(41216K)->39149K(41216K) NonClass: 34434K(35584K)->34434K(35584K) Class: 4714K(5632K)->4714K(5632K)
[2020-11-01T15:26:43.685-0900][gc           ] GC(14) Pause Young (Normal) (G1 Evacuation Pause) 193M->146M(1024M) 26.367ms
[2020-11-01T15:26:43.685-0900][gc,cpu       ] GC(14) User=0.03s Sys=0.05s Real=0.03s
[2020-11-01T15:32:39.205-0900][gc,start     ] GC(15) Pause Young (Normal) (G1 Evacuation Pause)
[2020-11-01T15:32:39.206-0900][gc,task      ] GC(15) Using 4 workers of 4 for evacuation
[2020-11-01T15:32:39.227-0900][gc,mmu       ] GC(15) MMU target violated: 20.8ms (20.0ms/21.0ms)
[2020-11-01T15:32:39.227-0900][gc,phases    ] GC(15)   Pre Evacuate Collection Set: 2.2ms
[2020-11-01T15:32:39.227-0900][gc,phases    ] GC(15)   Merge Heap Roots: 0.2ms
[2020-11-01T15:32:39.227-0900][gc,phases    ] GC(15)   Evacuate Collection Set: 16.8ms
[2020-11-01T15:32:39.227-0900][gc,phases    ] GC(15)   Post Evacuate Collection Set: 1.4ms
[2020-11-01T15:32:39.227-0900][gc,phases    ] GC(15)   Other: 1.8ms
[2020-11-01T15:32:39.228-0900][gc,heap      ] GC(15) Eden regions: 46->0(47)
[2020-11-01T15:32:39.228-0900][gc,heap      ] GC(15) Survivor regions: 5->4(7)
[2020-11-01T15:32:39.228-0900][gc,heap      ] GC(15) Old regions: 13->14
[2020-11-01T15:32:39.228-0900][gc,heap      ] GC(15) Archive regions: 2->2
[2020-11-01T15:32:39.228-0900][gc,heap      ] GC(15) Humongous regions: 129->129
[2020-11-01T15:32:39.228-0900][gc,metaspace ] GC(15) Metaspace: 39177K(41216K)->39177K(41216K) NonClass: 34462K(35584K)->34462K(35584K) Class: 4714K(5632K)->4714K(5632K)
[2020-11-01T15:32:39.228-0900][gc           ] GC(15) Pause Young (Normal) (G1 Evacuation Pause) 192M->146M(1024M) 22.611ms
[2020-11-01T15:32:39.228-0900][gc,cpu       ] GC(15) User=0.03s Sys=0.04s Real=0.02s
[2020-11-01T15:38:43.492-0900][gc,start     ] GC(16) Pause Young (Normal) (G1 Evacuation Pause)
[2020-11-01T15:38:43.494-0900][gc,task      ] GC(16) Using 4 workers of 4 for evacuation
[2020-11-01T15:38:43.505-0900][gc,phases    ] GC(16)   Pre Evacuate Collection Set: 0.4ms
[2020-11-01T15:38:43.505-0900][gc,phases    ] GC(16)   Merge Heap Roots: 0.1ms
[2020-11-01T15:38:43.505-0900][gc,phases    ] GC(16)   Evacuate Collection Set: 10.6ms
[2020-11-01T15:38:43.505-0900][gc,phases    ] GC(16)   Post Evacuate Collection Set: 0.3ms
[2020-11-01T15:38:43.505-0900][gc,phases    ] GC(16)   Other: 1.8ms
[2020-11-01T15:38:43.505-0900][gc,heap      ] GC(16) Eden regions: 47->0(47)
[2020-11-01T15:38:43.505-0900][gc,heap      ] GC(16) Survivor regions: 4->4(7)
[2020-11-01T15:38:43.505-0900][gc,heap      ] GC(16) Old regions: 14->14
[2020-11-01T15:38:43.505-0900][gc,heap      ] GC(16) Archive regions: 2->2
[2020-11-01T15:38:43.505-0900][gc,heap      ] GC(16) Humongous regions: 129->129
[2020-11-01T15:38:43.505-0900][gc,metaspace ] GC(16) Metaspace: 39179K(41216K)->39179K(41216K) NonClass: 34464K(35584K)->34464K(35584K) Class: 4714K(5632K)->4714K(5632K)
[2020-11-01T15:38:43.506-0900][gc           ] GC(16) Pause Young (Normal) (G1 Evacuation Pause) 193M->146M(1024M) 13.359ms
[2020-11-01T15:38:43.506-0900][gc,cpu       ] GC(16) User=0.02s Sys=0.01s Real=0.01s
[2020-11-01T15:44:45.907-0900][gc,start     ] GC(17) Pause Young (Normal) (G1 Evacuation Pause)
[2020-11-01T15:44:45.909-0900][gc,task      ] GC(17) Using 4 workers of 4 for evacuation
[2020-11-01T15:44:45.924-0900][gc,phases    ] GC(17)   Pre Evacuate Collection Set: 3.0ms
[2020-11-01T15:44:45.924-0900][gc,phases    ] GC(17)   Merge Heap Roots: 0.2ms
[2020-11-01T15:44:45.924-0900][gc,phases    ] GC(17)   Evacuate Collection Set: 11.0ms
[2020-11-01T15:44:45.924-0900][gc,phases    ] GC(17)   Post Evacuate Collection Set: 0.9ms
[2020-11-01T15:44:45.924-0900][gc,phases    ] GC(17)   Other: 2.0ms
[2020-11-01T15:44:45.924-0900][gc,heap      ] GC(17) Eden regions: 47->0(53)
[2020-11-01T15:44:45.925-0900][gc,heap      ] GC(17) Survivor regions: 4->4(7)
[2020-11-01T15:44:45.925-0900][gc,heap      ] GC(17) Old regions: 14->14
[2020-11-01T15:44:45.925-0900][gc,heap      ] GC(17) Archive regions: 2->2
[2020-11-01T15:44:45.925-0900][gc,heap      ] GC(17) Humongous regions: 129->129
[2020-11-01T15:44:45.925-0900][gc,metaspace ] GC(17) Metaspace: 39185K(41216K)->39185K(41216K) NonClass: 34470K(35584K)->34470K(35584K) Class: 4714K(5632K)->4714K(5632K)
[2020-11-01T15:44:45.925-0900][gc           ] GC(17) Pause Young (Normal) (G1 Evacuation Pause) 193M->146M(1024M) 17.101ms
[2020-11-01T15:44:45.925-0900][gc,cpu       ] GC(17) User=0.02s Sys=0.03s Real=0.02s
[2020-11-01T15:51:38.384-0900][gc,start     ] GC(18) Pause Young (Normal) (G1 Evacuation Pause)
[2020-11-01T15:51:38.385-0900][gc,task      ] GC(18) Using 4 workers of 4 for evacuation
[2020-11-01T15:51:38.401-0900][gc,phases    ] GC(18)   Pre Evacuate Collection Set: 2.6ms
[2020-11-01T15:51:38.401-0900][gc,phases    ] GC(18)   Merge Heap Roots: 0.1ms
[2020-11-01T15:51:38.401-0900][gc,phases    ] GC(18)   Evacuate Collection Set: 10.8ms
[2020-11-01T15:51:38.401-0900][gc,phases    ] GC(18)   Post Evacuate Collection Set: 1.5ms
[2020-11-01T15:51:38.401-0900][gc,phases    ] GC(18)   Other: 2.4ms
[2020-11-01T15:51:38.401-0900][gc,heap      ] GC(18) Eden regions: 53->0(172)
[2020-11-01T15:51:38.401-0900][gc,heap      ] GC(18) Survivor regions: 4->4(8)
[2020-11-01T15:51:38.401-0900][gc,heap      ] GC(18) Old regions: 14->14
[2020-11-01T15:51:38.401-0900][gc,heap      ] GC(18) Archive regions: 2->2
[2020-11-01T15:51:38.401-0900][gc,heap      ] GC(18) Humongous regions: 129->129
[2020-11-01T15:51:38.401-0900][gc,metaspace ] GC(18) Metaspace: 39190K(41216K)->39190K(41216K) NonClass: 34475K(35584K)->34475K(35584K) Class: 4714K(5632K)->4714K(5632K)
[2020-11-01T15:51:38.401-0900][gc           ] GC(18) Pause Young (Normal) (G1 Evacuation Pause) 199M->146M(1024M) 17.404ms
[2020-11-01T15:51:38.401-0900][gc,cpu       ] GC(18) User=0.03s Sys=0.03s Real=0.02s
[2020-11-01T16:14:08.628-0900][gc,start     ] GC(19) Pause Young (Normal) (G1 Evacuation Pause)
[2020-11-01T16:14:08.630-0900][gc,task      ] GC(19) Using 4 workers of 4 for evacuation
[2020-11-01T16:14:08.652-0900][gc,mmu       ] GC(19) MMU target violated: 21.0ms (20.0ms/21.0ms)
[2020-11-01T16:14:08.653-0900][gc,phases    ] GC(19)   Pre Evacuate Collection Set: 3.7ms
[2020-11-01T16:14:08.653-0900][gc,phases    ] GC(19)   Merge Heap Roots: 0.8ms
[2020-11-01T16:14:08.653-0900][gc,phases    ] GC(19)   Evacuate Collection Set: 12.8ms
[2020-11-01T16:14:08.653-0900][gc,phases    ] GC(19)   Post Evacuate Collection Set: 3.4ms
[2020-11-01T16:14:08.653-0900][gc,phases    ] GC(19)   Other: 3.6ms
[2020-11-01T16:14:08.653-0900][gc,heap      ] GC(19) Eden regions: 172->0(400)
[2020-11-01T16:14:08.653-0900][gc,heap      ] GC(19) Survivor regions: 4->4(22)
[2020-11-01T16:14:08.653-0900][gc,heap      ] GC(19) Old regions: 14->14
[2020-11-01T16:14:08.653-0900][gc,heap      ] GC(19) Archive regions: 2->2
[2020-11-01T16:14:08.653-0900][gc,heap      ] GC(19) Humongous regions: 129->129
[2020-11-01T16:14:08.653-0900][gc,metaspace ] GC(19) Metaspace: 39217K(41216K)->39217K(41216K) NonClass: 34502K(35584K)->34502K(35584K) Class: 4714K(5632K)->4714K(5632K)
[2020-11-01T16:14:08.653-0900][gc           ] GC(19) Pause Young (Normal) (G1 Evacuation Pause) 318M->146M(1024M) 24.504ms
[2020-11-01T16:14:08.653-0900][gc,cpu       ] GC(19) User=0.02s Sys=0.03s Real=0.03s
