[2020-10-30T17:49:22.812-0900][gc,heap] Heap region size: 1M
[2020-10-30T17:49:22.812-0900][gc,heap,coops] Heap address: 0x00000007e0000000, size: 512 MB, Compressed Oops mode: Zero based, Oop shift amount: 3
[2020-10-30T17:49:22.818-0900][gc           ] Using G1
[2020-10-30T17:49:22.818-0900][gc,cds       ] Mark closed archive regions in map: [0x00000007fff00000, 0x00000007fff7aff8]
[2020-10-30T17:49:22.818-0900][gc,cds       ] Mark open archive regions in map: [0x00000007ffe00000, 0x00000007ffe50ff8]
[2020-10-30T17:49:22.835-0900][gc           ] Periodic GC disabled
[2020-10-30T17:49:23.297-0900][gc,heap,exit ] Heap
[2020-10-30T17:49:23.297-0900][gc,heap,exit ]  garbage-first heap   total 524288K, used 14128K [0x00000007e0000000, 0x0000000800000000)
[2020-10-30T17:49:23.297-0900][gc,heap,exit ]   region size 1024K, 14 young (14336K), 0 survivors (0K)
[2020-10-30T17:49:23.297-0900][gc,heap,exit ]  Metaspace       used 5592K, capacity 5882K, committed 6144K, reserved 1056768K
[2020-10-30T17:49:23.297-0900][gc,heap,exit ]   class space    used 649K, capacity 729K, committed 768K, reserved 1048576K
