[2020-10-30T18:00:41.802-0900][gc,heap] Heap region size: 1M
[2020-10-30T18:00:41.802-0900][gc,heap,coops] Heap address: 0x00000007e0000000, size: 512 MB, Compressed Oops mode: Zero based, Oop shift amount: 3
[2020-10-30T18:00:41.807-0900][gc           ] Using G1
[2020-10-30T18:00:41.808-0900][gc,cds       ] Mark closed archive regions in map: [0x00000007fff00000, 0x00000007fff7aff8]
[2020-10-30T18:00:41.809-0900][gc,cds       ] Mark open archive regions in map: [0x00000007ffe00000, 0x00000007ffe50ff8]
[2020-10-30T18:00:41.826-0900][gc           ] Periodic GC disabled
[2020-10-30T18:03:04.973-0900][gc,start     ] GC(0) Pause Young (Normal) (G1 Evacuation Pause)
[2020-10-30T18:03:04.974-0900][gc,task      ] GC(0) Using 4 workers of 4 for evacuation
[2020-10-30T18:03:04.982-0900][gc,phases    ] GC(0)   Pre Evacuate Collection Set: 0.1ms
[2020-10-30T18:03:04.982-0900][gc,phases    ] GC(0)   Merge Heap Roots: 0.0ms
[2020-10-30T18:03:04.982-0900][gc,phases    ] GC(0)   Evacuate Collection Set: 7.0ms
[2020-10-30T18:03:04.983-0900][gc,phases    ] GC(0)   Post Evacuate Collection Set: 0.5ms
[2020-10-30T18:03:04.983-0900][gc,phases    ] GC(0)   Other: 1.6ms
[2020-10-30T18:03:04.983-0900][gc,heap      ] GC(0) Eden regions: 25->0(21)
[2020-10-30T18:03:04.983-0900][gc,heap      ] GC(0) Survivor regions: 0->4(4)
[2020-10-30T18:03:04.983-0900][gc,heap      ] GC(0) Old regions: 0->2
[2020-10-30T18:03:04.983-0900][gc,heap      ] GC(0) Archive regions: 2->2
[2020-10-30T18:03:04.983-0900][gc,heap      ] GC(0) Humongous regions: 0->0
[2020-10-30T18:03:04.983-0900][gc,metaspace ] GC(0) Metaspace: 7361K(7936K)->7361K(7936K) NonClass: 6510K(6912K)->6510K(6912K) Class: 851K(1024K)->851K(1024K)
[2020-10-30T18:03:04.983-0900][gc           ] GC(0) Pause Young (Normal) (G1 Evacuation Pause) 25M->6M(512M) 9.467ms
[2020-10-30T18:03:04.983-0900][gc,cpu       ] GC(0) User=0.02s Sys=0.01s Real=0.01s
