[2020-09-20T07:28:43.361-0900][gc,heap] Heap region size: 1M
[2020-09-20T07:28:43.361-0900][gc,heap,coops] Heap address: 0x00000007e0000000, size: 512 MB, Compressed Oops mode: Zero based, Oop shift amount: 3
[2020-09-20T07:28:43.366-0900][gc           ] Using G1
[2020-09-20T07:28:43.367-0900][gc,cds       ] Mark closed archive regions in map: [0x00000007fff00000, 0x00000007fff7aff8]
[2020-09-20T07:28:43.368-0900][gc,cds       ] Mark open archive regions in map: [0x00000007ffe00000, 0x00000007ffe50ff8]
[2020-09-20T07:28:43.386-0900][gc           ] Periodic GC disabled
[2020-09-20T07:33:02.683-0900][gc,heap,exit ] Heap
[2020-09-20T07:33:02.683-0900][gc,heap,exit ]  garbage-first heap   total 524288K, used 24368K [0x00000007e0000000, 0x0000000800000000)
[2020-09-20T07:33:02.683-0900][gc,heap,exit ]   region size 1024K, 24 young (24576K), 0 survivors (0K)
[2020-09-20T07:33:02.683-0900][gc,heap,exit ]  Metaspace       used 7119K, capacity 7412K, committed 7680K, reserved 1056768K
[2020-09-20T07:33:02.683-0900][gc,heap,exit ]   class space    used 824K, capacity 898K, committed 1024K, reserved 1048576K
