[2020-09-20T07:33:11.567-0900][gc,heap] Heap region size: 1M
[2020-09-20T07:33:11.567-0900][gc,heap,coops] Heap address: 0x00000007e0000000, size: 512 MB, Compressed Oops mode: Zero based, Oop shift amount: 3
[2020-09-20T07:33:11.572-0900][gc           ] Using G1
[2020-09-20T07:33:11.573-0900][gc,cds       ] Mark closed archive regions in map: [0x00000007fff00000, 0x00000007fff7aff8]
[2020-09-20T07:33:11.573-0900][gc,cds       ] Mark open archive regions in map: [0x00000007ffe00000, 0x00000007ffe50ff8]
[2020-09-20T07:33:11.593-0900][gc           ] Periodic GC disabled
[2020-09-20T07:33:30.020-0900][gc,start     ] GC(0) Pause Young (Normal) (G1 Evacuation Pause)
[2020-09-20T07:33:30.020-0900][gc,task      ] GC(0) Using 4 workers of 4 for evacuation
[2020-09-20T07:33:30.028-0900][gc,phases    ] GC(0)   Pre Evacuate Collection Set: 0.1ms
[2020-09-20T07:33:30.028-0900][gc,phases    ] GC(0)   Merge Heap Roots: 0.0ms
[2020-09-20T07:33:30.028-0900][gc,phases    ] GC(0)   Evacuate Collection Set: 5.7ms
[2020-09-20T07:33:30.028-0900][gc,phases    ] GC(0)   Post Evacuate Collection Set: 0.6ms
[2020-09-20T07:33:30.028-0900][gc,phases    ] GC(0)   Other: 2.0ms
[2020-09-20T07:33:30.028-0900][gc,heap      ] GC(0) Eden regions: 25->0(21)
[2020-09-20T07:33:30.028-0900][gc,heap      ] GC(0) Survivor regions: 0->4(4)
[2020-09-20T07:33:30.028-0900][gc,heap      ] GC(0) Old regions: 0->2
[2020-09-20T07:33:30.028-0900][gc,heap      ] GC(0) Archive regions: 2->2
[2020-09-20T07:33:30.028-0900][gc,heap      ] GC(0) Humongous regions: 0->0
[2020-09-20T07:33:30.028-0900][gc,metaspace ] GC(0) Metaspace: 7337K(7936K)->7337K(7936K) NonClass: 6487K(6912K)->6487K(6912K) Class: 849K(1024K)->849K(1024K)
[2020-09-20T07:33:30.028-0900][gc           ] GC(0) Pause Young (Normal) (G1 Evacuation Pause) 25M->6M(512M) 8.587ms
[2020-09-20T07:33:30.028-0900][gc,cpu       ] GC(0) User=0.02s Sys=0.01s Real=0.00s
[2020-09-20T15:22:56.640-0900][gc,heap,exit ] Heap
[2020-09-20T15:22:56.640-0900][gc,heap,exit ]  garbage-first heap   total 524288K, used 13416K [0x00000007e0000000, 0x0000000800000000)
[2020-09-20T15:22:56.640-0900][gc,heap,exit ]   region size 1024K, 12 young (12288K), 4 survivors (4096K)
[2020-09-20T15:22:56.640-0900][gc,heap,exit ]  Metaspace       used 7925K, capacity 8246K, committed 8448K, reserved 1056768K
[2020-09-20T15:22:56.640-0900][gc,heap,exit ]   class space    used 865K, capacity 963K, committed 1024K, reserved 1048576K
